Archive member included to satisfy reference by file (symbol)

c:/st/stm32cubeide_1.5.1/stm32cubeide/plugins/com.st.stm32cube.ide.mcu.externaltools.gnu-tools-for-stm32.7-2018-q2-update.win32_1.5.0.202011040924/tools/bin/../lib/gcc/arm-none-eabi/7.3.1/../../../../arm-none-eabi/lib/thumb/v7e-m/fpv4-sp/hard\libc_nano.a(lib_a-errno.o)
                              Core/Src/syscalls.o (__errno)
c:/st/stm32cubeide_1.5.1/stm32cubeide/plugins/com.st.stm32cube.ide.mcu.externaltools.gnu-tools-for-stm32.7-2018-q2-update.win32_1.5.0.202011040924/tools/bin/../lib/gcc/arm-none-eabi/7.3.1/../../../../arm-none-eabi/lib/thumb/v7e-m/fpv4-sp/hard\libc_nano.a(lib_a-exit.o)
                              c:/st/stm32cubeide_1.5.1/stm32cubeide/plugins/com.st.stm32cube.ide.mcu.externaltools.gnu-tools-for-stm32.7-2018-q2-update.win32_1.5.0.202011040924/tools/bin/../lib/gcc/arm-none-eabi/7.3.1/../../../../arm-none-eabi/lib/thumb/v7e-m/fpv4-sp/hard/crt0.o (exit)
c:/st/stm32cubeide_1.5.1/stm32cubeide/plugins/com.st.stm32cube.ide.mcu.externaltools.gnu-tools-for-stm32.7-2018-q2-update.win32_1.5.0.202011040924/tools/bin/../lib/gcc/arm-none-eabi/7.3.1/../../../../arm-none-eabi/lib/thumb/v7e-m/fpv4-sp/hard\libc_nano.a(lib_a-impure.o)
                              c:/st/stm32cubeide_1.5.1/stm32cubeide/plugins/com.st.stm32cube.ide.mcu.externaltools.gnu-tools-for-stm32.7-2018-q2-update.win32_1.5.0.202011040924/tools/bin/../lib/gcc/arm-none-eabi/7.3.1/../../../../arm-none-eabi/lib/thumb/v7e-m/fpv4-sp/hard\libc_nano.a(lib_a-exit.o) (_global_impure_ptr)
c:/st/stm32cubeide_1.5.1/stm32cubeide/plugins/com.st.stm32cube.ide.mcu.externaltools.gnu-tools-for-stm32.7-2018-q2-update.win32_1.5.0.202011040924/tools/bin/../lib/gcc/arm-none-eabi/7.3.1/../../../../arm-none-eabi/lib/thumb/v7e-m/fpv4-sp/hard\libc_nano.a(lib_a-init.o)
                              c:/st/stm32cubeide_1.5.1/stm32cubeide/plugins/com.st.stm32cube.ide.mcu.externaltools.gnu-tools-for-stm32.7-2018-q2-update.win32_1.5.0.202011040924/tools/bin/../lib/gcc/arm-none-eabi/7.3.1/../../../../arm-none-eabi/lib/thumb/v7e-m/fpv4-sp/hard/crt0.o (__libc_init_array)
c:/st/stm32cubeide_1.5.1/stm32cubeide/plugins/com.st.stm32cube.ide.mcu.externaltools.gnu-tools-for-stm32.7-2018-q2-update.win32_1.5.0.202011040924/tools/bin/../lib/gcc/arm-none-eabi/7.3.1/../../../../arm-none-eabi/lib/thumb/v7e-m/fpv4-sp/hard\libc_nano.a(lib_a-memcpy-stub.o)
                              Core/Src/flash.o (memcpy)
c:/st/stm32cubeide_1.5.1/stm32cubeide/plugins/com.st.stm32cube.ide.mcu.externaltools.gnu-tools-for-stm32.7-2018-q2-update.win32_1.5.0.202011040924/tools/bin/../lib/gcc/arm-none-eabi/7.3.1/../../../../arm-none-eabi/lib/thumb/v7e-m/fpv4-sp/hard\libc_nano.a(lib_a-memset.o)
                              c:/st/stm32cubeide_1.5.1/stm32cubeide/plugins/com.st.stm32cube.ide.mcu.externaltools.gnu-tools-for-stm32.7-2018-q2-update.win32_1.5.0.202011040924/tools/bin/../lib/gcc/arm-none-eabi/7.3.1/../../../../arm-none-eabi/lib/thumb/v7e-m/fpv4-sp/hard/crt0.o (memset)
c:/st/stm32cubeide_1.5.1/stm32cubeide/plugins/com.st.stm32cube.ide.mcu.externaltools.gnu-tools-for-stm32.7-2018-q2-update.win32_1.5.0.202011040924/tools/bin/../lib/gcc/arm-none-eabi/7.3.1/../../../../arm-none-eabi/lib/thumb/v7e-m/fpv4-sp/hard\libc_nano.a(lib_a-printf.o)
                              Core/Src/IMU.o (printf)
c:/st/stm32cubeide_1.5.1/stm32cubeide/plugins/com.st.stm32cube.ide.mcu.externaltools.gnu-tools-for-stm32.7-2018-q2-update.win32_1.5.0.202011040924/tools/bin/../lib/gcc/arm-none-eabi/7.3.1/../../../../arm-none-eabi/lib/thumb/v7e-m/fpv4-sp/hard\libc_nano.a(lib_a-putchar.o)
                              Core/Src/print.o (putchar)
c:/st/stm32cubeide_1.5.1/stm32cubeide/plugins/com.st.stm32cube.ide.mcu.externaltools.gnu-tools-for-stm32.7-2018-q2-update.win32_1.5.0.202011040924/tools/bin/../lib/gcc/arm-none-eabi/7.3.1/../../../../arm-none-eabi/lib/thumb/v7e-m/fpv4-sp/hard\libc_nano.a(lib_a-puts.o)
                              Core/Src/IMU.o (puts)
c:/st/stm32cubeide_1.5.1/stm32cubeide/plugins/com.st.stm32cube.ide.mcu.externaltools.gnu-tools-for-stm32.7-2018-q2-update.win32_1.5.0.202011040924/tools/bin/../lib/gcc/arm-none-eabi/7.3.1/../../../../arm-none-eabi/lib/thumb/v7e-m/fpv4-sp/hard\libc_nano.a(lib_a-wbuf.o)
                              c:/st/stm32cubeide_1.5.1/stm32cubeide/plugins/com.st.stm32cube.ide.mcu.externaltools.gnu-tools-for-stm32.7-2018-q2-update.win32_1.5.0.202011040924/tools/bin/../lib/gcc/arm-none-eabi/7.3.1/../../../../arm-none-eabi/lib/thumb/v7e-m/fpv4-sp/hard\libc_nano.a(lib_a-puts.o) (__swbuf_r)
c:/st/stm32cubeide_1.5.1/stm32cubeide/plugins/com.st.stm32cube.ide.mcu.externaltools.gnu-tools-for-stm32.7-2018-q2-update.win32_1.5.0.202011040924/tools/bin/../lib/gcc/arm-none-eabi/7.3.1/../../../../arm-none-eabi/lib/thumb/v7e-m/fpv4-sp/hard\libc_nano.a(lib_a-wsetup.o)
[...]
Memory Configuration

Name             Origin             Length             Attributes
CCMRAM           0x0000000010000000 0x0000000000010000 xrw
RAM              0x0000000020000000 0x0000000000020000 xrw
FLASH            0x0000000008000000 0x00000000000e0000 xr
DATA             0x00000000080e0000 0x0000000000020000 xr
*default*        0x0000000000000000 0xffffffffffffffff

Linker script and memory map

LOAD c:/st/stm32cubeide_1.5.1/stm32cubeide/plugins/com.st.stm32cube.ide.mcu.externaltools.gnu-tools-for-stm32.7-2018-q2-update.win32_1.5.0.202011040924/tools/bin/../lib/gcc/arm-none-eabi/7.3.1/thumb/v7e-m/fpv4-sp/hard/crti.o
LOAD c:/st/stm32cubeide_1.5.1/stm32cubeide/plugins/com.st.stm32cube.ide.mcu.externaltools.gnu-tools-for-stm32.7-2018-q2-update.win32_1.5.0.202011040924/tools/bin/../lib/gcc/arm-none-eabi/7.3.1/thumb/v7e-m/fpv4-sp/hard/crtbegin.o
LOAD c:/st/stm32cubeide_1.5.1/stm32cubeide/plugins/com.st.stm32cube.ide.mcu.externaltools.gnu-tools-for-stm32.7-2018-q2-update.win32_1.5.0.202011040924/tools/bin/../lib/gcc/arm-none-eabi/7.3.1/../../../../arm-none-eabi/lib/thumb/v7e-m/fpv4-sp/hard/crt0.o
LOAD Core/Src/IMU.o
LOAD Core/Src/LED.o
LOAD Core/Src/Rotary.o
LOAD Core/Src/Switch.o
LOAD Core/Src/analog.o
LOAD Core/Src/correction.o
LOAD Core/Src/course.o
LOAD Core/Src/defines.o
LOAD Core/Src/encoder.o
LOAD Core/Src/fixed_section.o
LOAD Core/Src/flash.o
LOAD Core/Src/function.o
LOAD Core/Src/geometry.o
LOAD Core/Src/length.o
LOAD Core/Src/main.o
LOAD Core/Src/motor.o
LOAD Core/Src/pid.o
LOAD Core/Src/print.o
LOAD Core/Src/revision.o
LOAD Core/Src/section_length.o
LOAD Core/Src/sidesensor.o
LOAD Core/Src/slow.o
LOAD Core/Src/stm32f4xx_hal_msp.o
LOAD Core/Src/stm32f4xx_it.o
LOAD Core/Src/syscalls.o
LOAD Core/Src/sysmem.o
LOAD Core/Src/system_stm32f4xx.o
LOAD Core/Src/tim10.o
LOAD Core/Src/tim11.o
LOAD Core/Src/tim6.o
LOAD Core/Src/tim7.o
LOAD Core/Src/time.o
LOAD Core/Src/tracer.o
LOAD Core/Src/velodef.o
LOAD Core/Src/velotrace.o
LOAD Core/Src/virtual_marker.o
LOAD Core/Startup/startup_stm32f405rgtx.o
LOAD Drivers/STM32F4xx_HAL_Driver/Src/stm32f4xx_hal.o
LOAD Drivers/STM32F4xx_HAL_Driver/Src/stm32f4xx_hal_adc.o
LOAD Drivers/STM32F4xx_HAL_Driver/Src/stm32f4xx_hal_adc_ex.o
LOAD Drivers/STM32F4xx_HAL_Driver/Src/stm32f4xx_hal_cortex.o
LOAD Drivers/STM32F4xx_HAL_Driver/Src/stm32f4xx_hal_dma.o
LOAD Drivers/STM32F4xx_HAL_Driver/Src/stm32f4xx_hal_dma_ex.o
LOAD Drivers/STM32F4xx_HAL_Driver/Src/stm32f4xx_hal_exti.o
LOAD Drivers/STM32F4xx_HAL_Driver/Src/stm32f4xx_hal_flash.o
LOAD Drivers/STM32F4xx_HAL_Driver/Src/stm32f4xx_hal_flash_ex.o
LOAD Drivers/STM32F4xx_HAL_Driver/Src/stm32f4xx_hal_flash_ramfunc.o
LOAD Drivers/STM32F4xx_HAL_Driver/Src/stm32f4xx_hal_gpio.o
LOAD Drivers/STM32F4xx_HAL_Driver/Src/stm32f4xx_hal_i2c.o
LOAD Drivers/STM32F4xx_HAL_Driver/Src/stm32f4xx_hal_i2c_ex.o
LOAD Drivers/STM32F4xx_HAL_Driver/Src/stm32f4xx_hal_pwr.o
LOAD Drivers/STM32F4xx_HAL_Driver/Src/stm32f4xx_hal_pwr_ex.o
LOAD Drivers/STM32F4xx_HAL_Driver/Src/stm32f4xx_hal_rcc.o
LOAD Drivers/STM32F4xx_HAL_Driver/Src/stm32f4xx_hal_rcc_ex.o
LOAD Drivers/STM32F4xx_HAL_Driver/Src/stm32f4xx_hal_spi.o
LOAD Drivers/STM32F4xx_HAL_Driver/Src/stm32f4xx_hal_tim.o
LOAD Drivers/STM32F4xx_HAL_Driver/Src/stm32f4xx_hal_tim_ex.o
LOAD Drivers/STM32F4xx_HAL_Driver/Src/stm32f4xx_hal_uart.o
LOAD Drivers/STM32F4xx_HAL_Driver/Src/stm32f4xx_ll_adc.o
START GROUP
LOAD c:/st/stm32cubeide_1.5.1/stm32cubeide/plugins/com.st.stm32cube.ide.mcu.externaltools.gnu-tools-for-stm32.7-2018-q2-update.win32_1.5.0.202011040924/tools/bin/../lib/gcc/arm-none-eabi/7.3.1/../../../../arm-none-eabi/lib/thumb/v7e-m/fpv4-sp/hard\libc_nano.a
LOAD c:/st/stm32cubeide_1.5.1/stm32cubeide/plugins/com.st.stm32cube.ide.mcu.externaltools.gnu-tools-for-stm32.7-2018-q2-update.win32_1.5.0.202011040924/tools/bin/../lib/gcc/arm-none-eabi/7.3.1/../../../../arm-none-eabi/lib/thumb/v7e-m/fpv4-sp/hard\libm.a
END GROUP
START GROUP
LOAD c:/st/stm32cubeide_1.5.1/stm32cubeide/plugins/com.st.stm32cube.ide.mcu.externaltools.gnu-tools-for-stm32.7-2018-q2-update.win32_1.5.0.202011040924/tools/bin/../lib/gcc/arm-none-eabi/7.3.1/thumb/v7e-m/fpv4-sp/hard\libgcc.a
LOAD c:/st/stm32cubeide_1.5.1/stm32cubeide/plugins/com.st.stm32cube.ide.mcu.externaltools.gnu-tools-for-stm32.7-2018-q2-update.win32_1.5.0.202011040924/tools/bin/../lib/gcc/arm-none-eabi/7.3.1/../../../../arm-none-eabi/lib/thumb/v7e-m/fpv4-sp/hard\libc_nano.a
END GROUP
START GROUP
LOAD c:/st/stm32cubeide_1.5.1/stm32cubeide/plugins/com.st.stm32cube.ide.mcu.externaltools.gnu-tools-for-stm32.7-2018-q2-update.win32_1.5.0.202011040924/tools/bin/../lib/gcc/arm-none-eabi/7.3.1/thumb/v7e-m/fpv4-sp/hard\libgcc.a
LOAD c:/st/stm32cubeide_1.5.1/stm32cubeide/plugins/com.st.stm32cube.ide.mcu.externaltools.gnu-tools-for-stm32.7-2018-q2-update.win32_1.5.0.202011040924/tools/bin/../lib/gcc/arm-none-eabi/7.3.1/../../../../arm-none-eabi/lib/thumb/v7e-m/fpv4-sp/hard\libc_nano.a
LOAD c:/st/stm32cubeide_1.5.1/stm32cubeide/plugins/com.st.stm32cube.ide.mcu.externaltools.gnu-tools-for-stm32.7-2018-q2-update.win32_1.5.0.202011040924/tools/bin/../lib/gcc/arm-none-eabi/7.3.1/../../../../arm-none-eabi/lib/thumb/v7e-m/fpv4-sp/hard\libnosys.a
END GROUP
START GROUP
LOAD c:/st/stm32cubeide_1.5.1/stm32cubeide/plugins/com.st.stm32cube.ide.mcu.externaltools.gnu-tools-for-stm32.7-2018-q2-update.win32_1.5.0.202011040924/tools/bin/../lib/gcc/arm-none-eabi/7.3.1/thumb/v7e-m/fpv4-sp/hard\libgcc.a
LOAD c:/st/stm32cubeide_1.5.1/stm32cubeide/plugins/com.st.stm32cube.ide.mcu.externaltools.gnu-tools-for-stm32.7-2018-q2-update.win32_1.5.0.202011040924/tools/bin/../lib/gcc/arm-none-eabi/7.3.1/../../../../arm-none-eabi/lib/thumb/v7e-m/fpv4-sp/hard\libc_nano.a
LOAD c:/st/stm32cubeide_1.5.1/stm32cubeide/plugins/com.st.stm32cube.ide.mcu.externaltools.gnu-tools-for-stm32.7-2018-q2-update.win32_1.5.0.202011040924/tools/bin/../lib/gcc/arm-none-eabi/7.3.1/../../../../arm-none-eabi/lib/thumb/v7e-m/fpv4-sp/hard\libnosys.a
END GROUP
LOAD c:/st/stm32cubeide_1.5.1/stm32cubeide/plugins/com.st.stm32cube.ide.mcu.externaltools.gnu-tools-for-stm32.7-2018-q2-update.win32_1.5.0.202011040924/tools/bin/../lib/gcc/arm-none-eabi/7.3.1/thumb/v7e-m/fpv4-sp/hard/crtend.o
LOAD c:/st/stm32cubeide_1.5.1/stm32cubeide/plugins/com.st.stm32cube.ide.mcu.externaltools.gnu-tools-for-stm32.7-2018-q2-update.win32_1.5.0.202011040924/tools/bin/../lib/gcc/arm-none-eabi/7.3.1/thumb/v7e-m/fpv4-sp/hard/crtn.o
                0x0000000020020000                _estack = (ORIGIN (RAM) + LENGTH (RAM))
                0x0000000000000200                _Min_Heap_Size = 0x200
                0x0000000000000400                _Min_Stack_Size = 0x400

.isr_vector     0x0000000008000000      0x188
                0x0000000008000000                . = ALIGN (0x4)
 *(.isr_vector)
 .isr_vector    0x0000000008000000      0x188 Core/Startup/startup_stm32f405rgtx.o
                0x0000000008000000                g_pfnVectors
                0x0000000008000188                . = ALIGN (0x4)

.text           0x0000000008000190     0x7378
                0x0000000008000190                . = ALIGN (0x4)
 *(.text)
 .text          0x0000000008000190       0x40 c:/st/stm32cubeide_1.5.1/stm32cubeide/plugins/com.st.stm32cube.ide.mcu.externaltools.gnu-tools-for-stm32.7-2018-q2-update.win32_1.5.0.202011040924/tools/bin/../lib/gcc/arm-none-eabi/7.3.1/thumb/v7e-m/fpv4-sp/hard/crtbegin.o
 .text          0x00000000080001d0       0xa0 c:/st/stm32cubeide_1.5.1/stm32cubeide/plugins/com.st.stm32cube.ide.mcu.externaltools.gnu-tools-for-stm32.7-2018-q2-update.win32_1.5.0.202011040924/tools/bin/../lib/gcc/arm-none-eabi/7.3.1/../../../../arm-none-eabi/lib/thumb/v7e-m/fpv4-sp/hard\libc_nano.a(lib_a-memchr.o)
                0x00000000080001d0                memchr
 .text          0x0000000008000270      0x378 c:/st/stm32cubeide_1.5.1/stm32cubeide/plugins/com.st.stm32cube.ide.mcu.externaltools.gnu-tools-for-stm32.7-2018-q2-update.win32_1.5.0.202011040924/tools/bin/../lib/gcc/arm-none-eabi/7.3.1/thumb/v7e-m/fpv4-sp/hard\libgcc.a(_arm_addsubdf3.o)
                0x0000000008000270                __aeabi_drsub
                0x0000000008000278                __aeabi_dsub
                0x0000000008000278                __subdf3
                0x000000000800027c                __aeabi_dadd
                0x000000000800027c                __adddf3
                0x00000000080004f4                __floatunsidf
                0x00000000080004f4                __aeabi_ui2d
                0x0000000008000514                __floatsidf
                0x0000000008000514                __aeabi_i2d
                0x0000000008000538                __aeabi_f2d
                0x0000000008000538                __extendsfdf2
                0x000000000800057c                __floatundidf
                0x000000000800057c                __aeabi_ul2d
                0x000000000800058c                __floatdidf
                0x000000000800058c                __aeabi_l2d
 .text          0x00000000080005e8      0x424 c:/st/stm32cubeide_1.5.1/stm32cubeide/plugins/com.st.stm32cube.ide.mcu.externaltools.gnu-tools-for-stm32.7-2018-q2-update.win32_1.5.0.202011040924/tools/bin/../lib/gcc/arm-none-eabi/7.3.1/thumb/v7e-m/fpv4-sp/hard\libgcc.a(_arm_muldivdf3.o)
                0x00000000080005e8                __aeabi_dmul
                0x00000000080005e8                __muldf3
                0x000000000800083c                __divdf3
                0x000000000800083c                __aeabi_ddiv
 .text          0x0000000008000a0c      0x110 c:/st/stm32cubeide_1.5.1/stm32cubeide/plugins/com.st.stm32cube.ide.mcu.externaltools.gnu-tools-for-stm32.7-2018-q2-update.win32_1.5.0.202011040924/tools/bin/../lib/gcc/arm-none-eabi/7.3.1/thumb/v7e-m/fpv4-sp/hard\libgcc.a(_arm_cmpdf2.o)
                0x0000000008000a0c                __gtdf2
                0x0000000008000a0c                __gedf2
                0x0000000008000a14                __ltdf2
                0x0000000008000a14                __ledf2
                0x0000000008000a1c                __nedf2
                0x0000000008000a1c                __eqdf2
                0x0000000008000a1c                __cmpdf2
                0x0000000008000a98                __aeabi_cdrcmple
                0x0000000008000aa8                __aeabi_cdcmpeq
                0x0000000008000aa8                __aeabi_cdcmple
                0x0000000008000ab8                __aeabi_dcmpeq
                0x0000000008000acc                __aeabi_dcmplt
                0x0000000008000ae0                __aeabi_dcmple
                0x0000000008000af4                __aeabi_dcmpge
                0x0000000008000b08                __aeabi_dcmpgt
 .text          0x0000000008000b1c       0x40 c:/st/stm32cubeide_1.5.1/stm32cubeide/plugins/com.st.stm32cube.ide.mcu.externaltools.gnu-tools-for-stm32.7-2018-q2-update.win32_1.5.0.202011040924/tools/bin/../lib/gcc/arm-none-eabi/7.3.1/thumb/v7e-m/fpv4-sp/hard\libgcc.a(_arm_fixunsdfsi.o)
                0x0000000008000b1c                __aeabi_d2uiz
                0x0000000008000b1c                __fixunsdfsi
 .text          0x0000000008000b5c       0xa0 c:/st/stm32cubeide_1.5.1/stm32cubeide/plugins/com.st.stm32cube.ide.mcu.externaltools.gnu-tools-for-stm32.7-2018-q2-update.win32_1.5.0.202011040924/tools/bin/../lib/gcc/arm-none-eabi/7.3.1/thumb/v7e-m/fpv4-sp/hard\libgcc.a(_arm_truncdfsf2.o)
                0x0000000008000b5c                __truncdfsf2
                0x0000000008000b5c                __aeabi_d2f
 .text          0x0000000008000bfc       0x30 c:/st/stm32cubeide_1.5.1/stm32cubeide/plugins/com.st.stm32cube.ide.mcu.externaltools.gnu-tools-for-stm32.7-2018-q2-update.win32_1.5.0.202011040924/tools/bin/../lib/gcc/arm-none-eabi/7.3.1/thumb/v7e-m/fpv4-sp/hard\libgcc.a(_aeabi_uldivmod.o)
                0x0000000008000bfc                __aeabi_uldivmod
 .text          0x0000000008000c2c      0x2cc c:/st/stm32cubeide_1.5.1/stm32cubeide/plugins/com.st.stm32cube.ide.mcu.externaltools.gnu-tools-for-stm32.7-2018-q2-update.win32_1.5.0.202011040924/tools/bin/../lib/gcc/arm-none-eabi/7.3.1/thumb/v7e-m/fpv4-sp/hard\libgcc.a(_udivmoddi4.o)
                0x0000000008000c2c                __udivmoddi4
 .text          0x0000000008000ef8        0x4 c:/st/stm32cubeide_1.5.1/stm32cubeide/plugins/com.st.stm32cube.ide.mcu.externaltools.gnu-tools-for-stm32.7-2018-q2-update.win32_1.5.0.202011040924/tools/bin/../lib/gcc/arm-none-eabi/7.3.1/thumb/v7e-m/fpv4-sp/hard\libgcc.a(_dvmd_tls.o)
                0x0000000008000ef8                __aeabi_idiv0
                0x0000000008000ef8                __aeabi_ldiv0
 *(.text*)
 .text.imu_read_byte
                0x0000000008000efc       0x54 Core/Src/IMU.o
                0x0000000008000efc                imu_read_byte
 .text.imu_write_byte
                0x0000000008000f50       0x54 Core/Src/IMU.o
                0x0000000008000f50                imu_write_byte
 .text.imu_initialize
                0x0000000008000fa4       0xb8 Core/Src/IMU.o
                0x0000000008000fa4                imu_initialize
 .text.imu_init
                0x000000000800105c       0x4c Core/Src/IMU.o
                0x000000000800105c                imu_init
 .text.imu_start
                0x00000000080010a8        0x2 Core/Src/IMU.o
                0x00000000080010a8                imu_start
 .text.imu_stop
                0x00000000080010aa        0x2 Core/Src/IMU.o
                0x00000000080010aa                imu_stop
 *fill*         0x00000000080010ac        0x4 
 .text.imu_update_gyro
                0x00000000080010b0      0x120 Core/Src/IMU.o
                0x00000000080010b0                imu_update_gyro
 .text.imu_read_yaw
                0x00000000080011d0       0x18 Core/Src/IMU.o
                0x00000000080011d0                imu_read_yaw
 .text.led_write_led1
                0x00000000080011e8       0x2c Core/Src/LED.o
                0x00000000080011e8                led_write_led1
 .text.led_write_led2
                0x0000000008001214       0x2c Core/Src/LED.o
                0x0000000008001214                led_write_led2
 .text.led_write_rgb
                0x0000000008001240       0x50 Core/Src/LED.o
                0x0000000008001240                led_write_rgb
 .text.led_write_led
                0x0000000008001290       0x24 Core/Src/LED.o
                0x0000000008001290                led_write_led
 .text.led_init
                0x00000000080012b4       0x28 Core/Src/LED.o
                0x00000000080012b4                led_init
 .text.led_start
                0x00000000080012dc       0x14 Core/Src/LED.o
                0x00000000080012dc                led_start
 .text.led_stop
                0x00000000080012f0       0x14 Core/Src/LED.o
                0x00000000080012f0                led_stop
 .text.rotary_read_playmode
                0x0000000008001304        0xc Core/Src/Rotary.o
                0x0000000008001304                rotary_read_playmode
 .text.rotary_read_value
                0x0000000008001310        0xc Core/Src/Rotary.o
                0x0000000008001310                rotary_read_value
 .text.rotary_read
                0x000000000800131c       0x58 Core/Src/Rotary.o
                0x000000000800131c                rotary_read
 .text.rotary_set_playmode
                0x0000000008001374       0x10 Core/Src/Rotary.o
                0x0000000008001374                rotary_set_playmode
 .text.rotary_set_value
                0x0000000008001384       0x10 Core/Src/Rotary.o
                0x0000000008001384                rotary_set_value
 .text.rotary_init
                0x0000000008001394        0xe Core/Src/Rotary.o
                0x0000000008001394                rotary_init
 *fill*         0x00000000080013a2        0x2 
 .text.rotary_print_playmode
                0x00000000080013a4       0x94 Core/Src/Rotary.o
                0x00000000080013a4                rotary_print_playmode
 .text.switch_reset_enter
                0x0000000008001438        0xc Core/Src/Switch.o
                0x0000000008001438                switch_reset_enter
 .text.switch_init
                0x0000000008001444        0xc Core/Src/Switch.o
                0x0000000008001444                switch_init
 .text.switch_read_enter
                0x0000000008001450        0xc Core/Src/Switch.o
                0x0000000008001450                switch_read_enter
 .text.switch1_read
                0x000000000800145c       0x18 Core/Src/Switch.o
                0x000000000800145c                switch1_read
 .text.switch2_read
                0x0000000008001474       0x18 Core/Src/Switch.o
                0x0000000008001474                switch2_read
 .text.switch_read
                0x000000000800148c       0x14 Core/Src/Switch.o
                0x000000000800148c                switch_read
 .text.switch_enter
                0x00000000080014a0       0x24 Core/Src/Switch.o
                0x00000000080014a0                switch_enter
 .text.analog_array_print
                0x00000000080014c4       0x5c Core/Src/analog.o
                0x00000000080014c4                analog_array_print
 .text.analog_d_print
                0x0000000008001520        0x2 Core/Src/analog.o
                0x0000000008001520                analog_d_print
 *fill*         0x0000000008001522        0x2 
 .text.analog_print_max
                0x0000000008001524       0x30 Core/Src/analog.o
                0x0000000008001524                analog_print_max
 .text.analog_print_min
                0x0000000008001554       0x30 Core/Src/analog.o
                0x0000000008001554                analog_print_min
 .text.analog_set_on_flash
                0x0000000008001584       0x28 Core/Src/analog.o
                0x0000000008001584                analog_set_on_flash
 .text.analog_set_from_flash
                0x00000000080015ac       0x28 Core/Src/analog.o
                0x00000000080015ac                analog_set_from_flash
 .text.analog_set_analogmode
                0x00000000080015d4        0xc Core/Src/analog.o
                0x00000000080015d4                analog_set_analogmode
 .text.analog_read_analogmode
                0x00000000080015e0        0xc Core/Src/analog.o
                0x00000000080015e0                analog_read_analogmode
 .text.analog_init
                0x00000000080015ec       0x24 Core/Src/analog.o
                0x00000000080015ec                analog_init
 .text.analog_sensor_start
                0x0000000008001610       0x2c Core/Src/analog.o
                0x0000000008001610                analog_sensor_start
 .text.analog_calibration_start
                0x000000000800163c       0x40 Core/Src/analog.o
                0x000000000800163c                analog_calibration_start
 .text.analog_start
                0x000000000800167c        0x4 Core/Src/analog.o
                0x000000000800167c                analog_start
 .text.analog_sensor_stop
                0x0000000008001680        0xc Core/Src/analog.o
                0x0000000008001680                analog_sensor_stop
 .text.analog_stop
                0x000000000800168c        0x4 Core/Src/analog.o
                0x000000000800168c                analog_stop
 .text.analog_calibration_stop
                0x0000000008001690       0x30 Core/Src/analog.o
                0x0000000008001690                analog_calibration_stop
 .text.analog_sensor_get
                0x00000000080016c0       0x90 Core/Src/analog.o
                0x00000000080016c0                analog_sensor_get
 .text.analog_get_and_sort
                0x0000000008001750       0x80 Core/Src/analog.o
                0x0000000008001750                analog_get_and_sort
 .text.HAL_ADC_ConvCpltCallback
                0x00000000080017d0        0x4 Core/Src/analog.o
                0x00000000080017d0                HAL_ADC_ConvCpltCallback
 *fill*         0x00000000080017d4        0x4 
 .text.course_update_section_degree
                0x00000000080017d8       0x7c Core/Src/course.o
                0x00000000080017d8                course_update_section_degree
 .text.course_set_update_section_freq_ms
                0x0000000008001854       0x20 Core/Src/course.o
                0x0000000008001854                course_set_update_section_freq_ms
 .text.course_init
                0x0000000008001874       0x1c Core/Src/course.o
                0x0000000008001874                course_init
 .text.course_reset_section_degree
                0x0000000008001890       0x18 Core/Src/course.o
                0x0000000008001890                course_reset_section_degree
 .text.course_reset
                0x00000000080018a8        0xe Core/Src/course.o
                0x00000000080018a8                course_reset
 *fill*         0x00000000080018b6        0x2 
 .text.course_increment_state_count
                0x00000000080018b8       0x10 Core/Src/course.o
                0x00000000080018b8                course_increment_state_count
 .text.course_calclate_radius
                0x00000000080018c8       0x5c Core/Src/course.o
                0x00000000080018c8                course_calclate_radius
 .text.course_state_function
                0x0000000008001924       0x7c Core/Src/course.o
                0x0000000008001924                course_state_function
 .text.course_d_print
                0x00000000080019a0       0x24 Core/Src/course.o
                0x00000000080019a0                course_d_print
 .text.course_radius2speed
                0x00000000080019c4       0x90 Core/Src/course.o
                0x00000000080019c4                course_radius2speed
 *fill*         0x0000000008001a54        0x4 
 .text.course_fixing_radius2speed
                0x0000000008001a58      0x1d0 Core/Src/course.o
                0x0000000008001a58                course_fixing_radius2speed
 .text.course_stop
                0x0000000008001c28       0x24 Core/Src/course.o
                0x0000000008001c28                course_stop
 .text.course_print_flash
                0x0000000008001c4c       0x6c Core/Src/course.o
                0x0000000008001c4c                course_print_flash
 .text.course_reset_flash
                0x0000000008001cb8       0x1c Core/Src/course.o
                0x0000000008001cb8                course_reset_flash
 .text.course_start
                0x0000000008001cd4       0x24 Core/Src/course.o
                0x0000000008001cd4                course_start
 .text.encoder_length_left
                0x0000000008001cf8       0x20 Core/Src/encoder.o
                0x0000000008001cf8                encoder_length_left
 .text.encoder_length_right
                0x0000000008001d18       0x20 Core/Src/encoder.o
                0x0000000008001d18                encoder_length_right
 .text.encoder_d_print
                0x0000000008001d38        0x2 Core/Src/encoder.o
                0x0000000008001d38                encoder_d_print
 .text.encoder_init
                0x0000000008001d3a        0x2 Core/Src/encoder.o
                0x0000000008001d3a                encoder_init
 .text.encoder_stop
                0x0000000008001d3c       0x20 Core/Src/encoder.o
                0x0000000008001d3c                encoder_stop
 .text.encoder_set_middle
                0x0000000008001d5c       0x14 Core/Src/encoder.o
                0x0000000008001d5c                encoder_set_middle
 .text.encoder_set
                0x0000000008001d70       0x44 Core/Src/encoder.o
                0x0000000008001d70                encoder_set
 .text.encoder_start
                0x0000000008001db4       0x48 Core/Src/encoder.o
                0x0000000008001db4                encoder_start
 .text.fixed_section_start
                0x0000000008001dfc       0x14 Core/Src/fixed_section.o
                0x0000000008001dfc                fixed_section_start
 .text.fixed_section_main
                0x0000000008001e10       0x24 Core/Src/fixed_section.o
                0x0000000008001e10                fixed_section_main
 .text.flash_erase
                0x0000000008001e34       0x24 Core/Src/flash.o
                0x0000000008001e34                flash_erase
 .text.flash_writting
                0x0000000008001e58       0x30 Core/Src/flash.o
                0x0000000008001e58                flash_writting
 .text.flash_write
                0x0000000008001e88       0x14 Core/Src/flash.o
                0x0000000008001e88                flash_write
 .text.flash_read
                0x0000000008001e9c       0x18 Core/Src/flash.o
                0x0000000008001e9c                flash_read
 .text.flash_init
                0x0000000008001eb4        0x4 Core/Src/flash.o
                0x0000000008001eb4                flash_init
 .text.low_pass_filter
                0x0000000008001eb8       0x58 Core/Src/function.o
                0x0000000008001eb8                low_pass_filter
 .text.vector3_creation
                0x0000000008001f10        0x6 Core/Src/geometry.o
                0x0000000008001f10                vector3_creation
 *fill*         0x0000000008001f16        0x2 
 .text.length_set_sampling_time_ms
                0x0000000008001f18       0x20 Core/Src/length.o
                0x0000000008001f18                length_set_sampling_time_ms
 .text.length_init
                0x0000000008001f38       0x18 Core/Src/length.o
                0x0000000008001f38                length_init
 .text.length_stop
                0x0000000008001f50       0x14 Core/Src/length.o
                0x0000000008001f50                length_stop
 .text.length_reset
                0x0000000008001f64       0x14 Core/Src/length.o
                0x0000000008001f64                length_reset
 .text.length_start
                0x0000000008001f78       0x1c Core/Src/length.o
                0x0000000008001f78                length_start
 .text.length_read
                0x0000000008001f94       0x24 Core/Src/length.o
                0x0000000008001f94                length_read
 .text.length_read_left
                0x0000000008001fb8        0xc Core/Src/length.o
                0x0000000008001fb8                length_read_left
 .text.length_read_right
                0x0000000008001fc4        0xc Core/Src/length.o
                0x0000000008001fc4                length_read_right
 .text.velocity_read
                0x0000000008001fd0       0x24 Core/Src/length.o
                0x0000000008001fd0                velocity_read
 .text.length_update
                0x0000000008001ff4       0x68 Core/Src/length.o
                0x0000000008001ff4                length_update
 .text.length_d_print
                0x000000000800205c        0x2 Core/Src/length.o
                0x000000000800205c                length_d_print
 *fill*         0x000000000800205e        0x2 
 .text.HAL_TIM_PeriodElapsedCallback
                0x0000000008002060       0x44 Core/Src/main.o
                0x0000000008002060                HAL_TIM_PeriodElapsedCallback
 .text.SystemClock_Config
                0x00000000080020a4       0xa4 Core/Src/main.o
                0x00000000080020a4                SystemClock_Config
 .text.main_init
                0x0000000008002148       0x2c Core/Src/main.o
                0x0000000008002148                main_init
 .text.running_start
                0x0000000008002174       0x68 Core/Src/main.o
                0x0000000008002174                running_start
 .text.running_stop
                0x00000000080021dc       0x28 Core/Src/main.o
                0x00000000080021dc                running_stop
 .text.main_print_while
                0x0000000008002204       0x44 Core/Src/main.o
                0x0000000008002204                main_print_while
 .text.main_d_print
                0x0000000008002248       0x16 Core/Src/main.o
                0x0000000008002248                main_d_print
 *fill*         0x000000000800225e        0x2 
 .text.startup.main
                0x0000000008002260      0x794 Core/Src/main.o
                0x0000000008002260                main
 .text.Error_Handler
                0x00000000080029f4        0x4 Core/Src/main.o
                0x00000000080029f4                Error_Handler
 .text.motor_init
                0x00000000080029f8        0xc Core/Src/motor.o
                0x00000000080029f8                motor_init
 .text.motor_start
                0x0000000008002a04       0x24 Core/Src/motor.o
                0x0000000008002a04                motor_start
 .text.motor_stop
                0x0000000008002a28       0x28 Core/Src/motor.o
                0x0000000008002a28                motor_stop
 .text.motor_read_enable
                0x0000000008002a50        0xc Core/Src/motor.o
                0x0000000008002a50                motor_read_enable
 .text.motor_set
                0x0000000008002a5c       0xbc Core/Src/motor.o
                0x0000000008002a5c                motor_set
 .text.__io_putchar
                0x0000000008002b18       0x20 Core/Src/print.o
                0x0000000008002b18                __io_putchar
 .text.print_rotary_value
                0x0000000008002b38       0x18 Core/Src/print.o
                0x0000000008002b38                print_rotary_value
 .text.imu_revision_init
                0x0000000008002b50        0x2 Core/Src/revision.o
                0x0000000008002b50                imu_revision_init
 *fill*         0x0000000008002b52        0x2 
 .text.imu_revision_start
                0x0000000008002b54       0x1c Core/Src/revision.o
                0x0000000008002b54                imu_revision_start
 .text.imu_revision_stop
                0x0000000008002b70        0x4 Core/Src/revision.o
                0x0000000008002b70                imu_revision_stop
 .text.revision_print
                0x0000000008002b74        0x2 Core/Src/revision.o
                0x0000000008002b74                revision_print
 *fill*         0x0000000008002b76        0x2 
 .text.section_length_set_sampling_time_ms
                0x0000000008002b78       0x20 Core/Src/section_length.o
                0x0000000008002b78                section_length_set_sampling_time_ms
 .text.section_length_init
                0x0000000008002b98        0x4 Core/Src/section_length.o
                0x0000000008002b98                section_length_init
 .text.section_length_stop
                0x0000000008002b9c        0x4 Core/Src/section_length.o
                0x0000000008002b9c                section_length_stop
 .text.section_length_reset
                0x0000000008002ba0       0x14 Core/Src/section_length.o
                0x0000000008002ba0                section_length_reset
 .text.section_length_buffer_reset
                0x0000000008002bb4       0x14 Core/Src/section_length.o
                0x0000000008002bb4                section_length_buffer_reset
 .text.section_length_start
                0x0000000008002bc8       0x12 Core/Src/section_length.o
                0x0000000008002bc8                section_length_start
 *fill*         0x0000000008002bda        0x2 
 .text.section_length_read
                0x0000000008002bdc       0x24 Core/Src/section_length.o
                0x0000000008002bdc                section_length_read
 .text.section_length_set_buffer
                0x0000000008002c00       0x34 Core/Src/section_length.o
                0x0000000008002c00                section_length_set_buffer
 .text.section_length_update
                0x0000000008002c34       0x3c Core/Src/section_length.o
                0x0000000008002c34                section_length_update
 .text.section_length_d_print
                0x0000000008002c70        0x2 Core/Src/section_length.o
                0x0000000008002c70                section_length_d_print
 *fill*         0x0000000008002c72        0x2 
 .text.sidesensor_read
                0x0000000008002c74       0x2c Core/Src/sidesensor.o
                0x0000000008002c74                sidesensor_read
 .text.sidesensor_init
                0x0000000008002ca0        0x2 Core/Src/sidesensor.o
                0x0000000008002ca0                sidesensor_init
 *fill*         0x0000000008002ca2        0x2 
 .text.sidesensor_start
                0x0000000008002ca4       0x34 Core/Src/sidesensor.o
                0x0000000008002ca4                sidesensor_start
 .text.sidesensor_stop
                0x0000000008002cd8        0x2 Core/Src/sidesensor.o
                0x0000000008002cd8                sidesensor_stop
 *fill*         0x0000000008002cda        0x2 
 .text.sidesensor_read_markerstate
                0x0000000008002cdc        0xc Core/Src/sidesensor.o
                0x0000000008002cdc                sidesensor_read_markerstate
 .text.sidesensor_read_markerstate_volatile
                0x0000000008002ce8        0xc Core/Src/sidesensor.o
                0x0000000008002ce8                sidesensor_read_markerstate_volatile
 .text.sidesensor_right
                0x0000000008002cf4       0x2c Core/Src/sidesensor.o
                0x0000000008002cf4                sidesensor_right
 .text.sidesensor_left
                0x0000000008002d20       0x14 Core/Src/sidesensor.o
                0x0000000008002d20                sidesensor_left
 .text.sidesensor_cross
                0x0000000008002d34       0x14 Core/Src/sidesensor.o
                0x0000000008002d34                sidesensor_cross
 .text.sidesensor_main
                0x0000000008002d48       0x70 Core/Src/sidesensor.o
                0x0000000008002d48                sidesensor_main
 .text.slow_start
                0x0000000008002db8       0x70 Core/Src/slow.o
                0x0000000008002db8                slow_start
 .text.slow_print_default_pid
                0x0000000008002e28        0x2 Core/Src/slow.o
                0x0000000008002e28                slow_print_default_pid
 *fill*         0x0000000008002e2a        0x2 
 .text.HAL_MspInit
                0x0000000008002e2c       0x40 Core/Src/stm32f4xx_hal_msp.o
                0x0000000008002e2c                HAL_MspInit
 .text.HAL_ADC_MspInit
                0x0000000008002e6c       0xf4 Core/Src/stm32f4xx_hal_msp.o
                0x0000000008002e6c                HAL_ADC_MspInit
 .text.HAL_I2C_MspInit
                0x0000000008002f60       0x74 Core/Src/stm32f4xx_hal_msp.o
                0x0000000008002f60                HAL_I2C_MspInit
 .text.HAL_SPI_MspInit
                0x0000000008002fd4       0x6c Core/Src/stm32f4xx_hal_msp.o
                0x0000000008002fd4                HAL_SPI_MspInit
 .text.HAL_TIM_Encoder_MspInit
                0x0000000008003040       0xe8 Core/Src/stm32f4xx_hal_msp.o
                0x0000000008003040                HAL_TIM_Encoder_MspInit
 .text.HAL_TIM_PWM_MspInit
                0x0000000008003128       0x44 Core/Src/stm32f4xx_hal_msp.o
                0x0000000008003128                HAL_TIM_PWM_MspInit
 .text.HAL_TIM_Base_MspInit
                0x000000000800316c       0xf0 Core/Src/stm32f4xx_hal_msp.o
                0x000000000800316c                HAL_TIM_Base_MspInit
 .text.HAL_TIM_MspPostInit
                0x000000000800325c       0x54 Core/Src/stm32f4xx_hal_msp.o
                0x000000000800325c                HAL_TIM_MspPostInit
 .text.HAL_UART_MspInit
                0x00000000080032b0       0x6c Core/Src/stm32f4xx_hal_msp.o
                0x00000000080032b0                HAL_UART_MspInit
 .text.NMI_Handler
                0x000000000800331c        0x2 Core/Src/stm32f4xx_it.o
                0x000000000800331c                NMI_Handler
 .text.HardFault_Handler
                0x000000000800331e        0x2 Core/Src/stm32f4xx_it.o
                0x000000000800331e                HardFault_Handler
 .text.MemManage_Handler
                0x0000000008003320        0x2 Core/Src/stm32f4xx_it.o
                0x0000000008003320                MemManage_Handler
 .text.BusFault_Handler
                0x0000000008003322        0x2 Core/Src/stm32f4xx_it.o
                0x0000000008003322                BusFault_Handler
 .text.UsageFault_Handler
                0x0000000008003324        0x2 Core/Src/stm32f4xx_it.o
                0x0000000008003324                UsageFault_Handler
 .text.SVC_Handler
                0x0000000008003326        0x2 Core/Src/stm32f4xx_it.o
                0x0000000008003326                SVC_Handler
 .text.DebugMon_Handler
                0x0000000008003328        0x2 Core/Src/stm32f4xx_it.o
                0x0000000008003328                DebugMon_Handler
 .text.PendSV_Handler
                0x000000000800332a        0x2 Core/Src/stm32f4xx_it.o
                0x000000000800332a                PendSV_Handler
 .text.SysTick_Handler
                0x000000000800332c        0x4 Core/Src/stm32f4xx_it.o
                0x000000000800332c                SysTick_Handler
 .text.TIM1_UP_TIM10_IRQHandler
                0x0000000008003330       0x1c Core/Src/stm32f4xx_it.o
                0x0000000008003330                TIM1_UP_TIM10_IRQHandler
 .text.TIM1_TRG_COM_TIM11_IRQHandler
                0x000000000800334c       0x1c Core/Src/stm32f4xx_it.o
                0x000000000800334c                TIM1_TRG_COM_TIM11_IRQHandler
 .text.TIM3_IRQHandler
                0x0000000008003368        0xc Core/Src/stm32f4xx_it.o
                0x0000000008003368                TIM3_IRQHandler
 .text.TIM4_IRQHandler
                0x0000000008003374        0xc Core/Src/stm32f4xx_it.o
                0x0000000008003374                TIM4_IRQHandler
 .text.TIM6_DAC_IRQHandler
                0x0000000008003380        0xc Core/Src/stm32f4xx_it.o
                0x0000000008003380                TIM6_DAC_IRQHandler
 .text.TIM7_IRQHandler
                0x000000000800338c        0xc Core/Src/stm32f4xx_it.o
                0x000000000800338c                TIM7_IRQHandler
 .text.DMA2_Stream0_IRQHandler
                0x0000000008003398        0xc Core/Src/stm32f4xx_it.o
                0x0000000008003398                DMA2_Stream0_IRQHandler
 .text._read    0x00000000080033a4       0x1c Core/Src/syscalls.o
                0x00000000080033a4                _read
 .text._write   0x00000000080033c0       0x1c Core/Src/syscalls.o
                0x00000000080033c0                _write
 .text._close   0x00000000080033dc        0x6 Core/Src/syscalls.o
                0x00000000080033dc                _close
 .text._fstat   0x00000000080033e2        0xa Core/Src/syscalls.o
                0x00000000080033e2                _fstat
 .text._isatty  0x00000000080033ec        0x4 Core/Src/syscalls.o
                0x00000000080033ec                _isatty
 .text._lseek   0x00000000080033f0        0x4 Core/Src/syscalls.o
                0x00000000080033f0                _lseek
 .text._sbrk    0x00000000080033f4       0x40 Core/Src/sysmem.o
                0x00000000080033f4                _sbrk
 .text.SystemInit
                0x0000000008003434       0x1c Core/Src/system_stm32f4xx.o
                0x0000000008003434                SystemInit
 .text.tim10_init
                0x0000000008003450       0x40 Core/Src/tim10.o
                0x0000000008003450                tim10_init
 .text.tim10_start
                0x0000000008003490       0x4c Core/Src/tim10.o
                0x0000000008003490                tim10_start
 .text.tim10_stop
                0x00000000080034dc       0x20 Core/Src/tim10.o
                0x00000000080034dc                tim10_stop
 .text.tim10_update_values
                0x00000000080034fc       0x20 Core/Src/tim10.o
                0x00000000080034fc                tim10_update_values
 .text.tim10_main
                0x000000000800351c       0x3c Core/Src/tim10.o
                0x000000000800351c                tim10_main
 .text.tim10_read_left
                0x0000000008003558        0xc Core/Src/tim10.o
                0x0000000008003558                tim10_read_left
 .text.tim10_read_right
                0x0000000008003564        0xc Core/Src/tim10.o
                0x0000000008003564                tim10_read_right
 .text.tim10_d_print
                0x0000000008003570       0x1a Core/Src/tim10.o
                0x0000000008003570                tim10_d_print
 *fill*         0x000000000800358a        0x2 
 .text.tim11_init
                0x000000000800358c       0x18 Core/Src/tim11.o
                0x000000000800358c                tim11_init
 .text.tim11_main
                0x00000000080035a4       0x14 Core/Src/tim11.o
                0x00000000080035a4                tim11_main
 .text.tim6_init
                0x00000000080035b8       0x20 Core/Src/tim6.o
                0x00000000080035b8                tim6_init
 .text.tim6_start
                0x00000000080035d8       0x28 Core/Src/tim6.o
                0x00000000080035d8                tim6_start
 .text.tim6_stop
                0x0000000008003600       0x28 Core/Src/tim6.o
                0x0000000008003600                tim6_stop
 .text.tim6_main
                0x0000000008003628       0xe0 Core/Src/tim6.o
                0x0000000008003628                tim6_main
 .text.tim6_d_print
                0x0000000008003708        0x4 Core/Src/tim6.o
                0x0000000008003708                tim6_d_print
 .text.tim7_init
                0x000000000800370c       0x1c Core/Src/tim7.o
                0x000000000800370c                tim7_init
 .text.tim7_start
                0x0000000008003728       0x48 Core/Src/tim7.o
                0x0000000008003728                tim7_start
 .text.tim7_stop
                0x0000000008003770       0x18 Core/Src/tim7.o
                0x0000000008003770                tim7_stop
 .text.tim7_read_left
                0x0000000008003788        0xc Core/Src/tim7.o
                0x0000000008003788                tim7_read_left
 .text.tim7_read_right
                0x0000000008003794        0xc Core/Src/tim7.o
                0x0000000008003794                tim7_read_right
 .text.tim7_d_print
                0x00000000080037a0        0xe Core/Src/tim7.o
                0x00000000080037a0                tim7_d_print
 *fill*         0x00000000080037ae        0x2 
 .text.tim7_tracer_set_gain_long
                0x00000000080037b0       0x1c Core/Src/tim7.o
                0x00000000080037b0                tim7_tracer_set_gain_long
 .text.tim7_read_direction
                0x00000000080037cc       0xaa Core/Src/tim7.o
                0x00000000080037cc                tim7_read_direction
 *fill*         0x0000000008003876        0x2 
 .text.tim7_main
                0x0000000008003878       0x24 Core/Src/tim7.o
                0x0000000008003878                tim7_main
 .text.time_countup
                0x000000000800389c       0x20 Core/Src/time.o
                0x000000000800389c                time_countup
 .text.time_update_ms
                0x00000000080038bc       0x28 Core/Src/time.o
                0x00000000080038bc                time_update_ms
 .text.tracer_init
                0x00000000080038e4       0x1c Core/Src/tracer.o
                0x00000000080038e4                tracer_init
 .text.tracer_set_gain_direct
                0x0000000008003900       0x14 Core/Src/tracer.o
                0x0000000008003900                tracer_set_gain_direct
 .text.tracer_set_gain_zero
                0x0000000008003914       0x10 Core/Src/tracer.o
                0x0000000008003914                tracer_set_gain_zero
 .text.tracer_stop
                0x0000000008003924       0x14 Core/Src/tracer.o
                0x0000000008003924                tracer_stop
 .text.tracer_calc_gain_kp
                0x0000000008003938       0x2c Core/Src/tracer.o
                0x0000000008003938                tracer_calc_gain_kp
 .text.tracer_calc_gain_ki
                0x0000000008003964       0x28 Core/Src/tracer.o
                0x0000000008003964                tracer_calc_gain_ki
 .text.tracer_calc_gain_kd
                0x000000000800398c       0x28 Core/Src/tracer.o
                0x000000000800398c                tracer_calc_gain_kd
 .text.tracer_start
                0x00000000080039b4       0x7c Core/Src/tracer.o
                0x00000000080039b4                tracer_start
 .text.tracer_set_gain_default
                0x0000000008003a30       0x18 Core/Src/tracer.o
                0x0000000008003a30                tracer_set_gain_default
 .text.tracer_read_values
                0x0000000008003a48        0x8 Core/Src/tracer.o
                0x0000000008003a48                tracer_read_values
 .text.tracer_solve
                0x0000000008003a50       0x88 Core/Src/tracer.o
                0x0000000008003a50                tracer_solve
 .text.tracer_print_values
                0x0000000008003ad8        0x2 Core/Src/tracer.o
                0x0000000008003ad8                tracer_print_values
 *fill*         0x0000000008003ada        0x2 
 .text.velotrace_init
                0x0000000008003adc       0x14 Core/Src/velotrace.o
                0x0000000008003adc                velotrace_init
 .text.velotrace_set_target_direct
                0x0000000008003af0        0xc Core/Src/velotrace.o
                0x0000000008003af0                velotrace_set_target_direct
 .text.velotrace_set_gain_zero
                0x0000000008003afc       0x10 Core/Src/velotrace.o
                0x0000000008003afc                velotrace_set_gain_zero
 .text.velotrace_stop
                0x0000000008003b0c       0x1c Core/Src/velotrace.o
                0x0000000008003b0c                velotrace_stop
 .text.velotrace_calc_gain_kp
                0x0000000008003b28       0x30 Core/Src/velotrace.o
                0x0000000008003b28                velotrace_calc_gain_kp
 .text.velotrace_calc_gain_ki
                0x0000000008003b58       0x30 Core/Src/velotrace.o
                0x0000000008003b58                velotrace_calc_gain_ki
 .text.velotrace_calc_gain_kd
                0x0000000008003b88       0x28 Core/Src/velotrace.o
                0x0000000008003b88                velotrace_calc_gain_kd
 .text.velotrace_start
                0x0000000008003bb0       0xe4 Core/Src/velotrace.o
                0x0000000008003bb0                velotrace_start
 .text.velotrace_read_values
                0x0000000008003c94        0x8 Core/Src/velotrace.o
                0x0000000008003c94                velotrace_read_values
 .text.velotrace_solve
                0x0000000008003c9c       0x70 Core/Src/velotrace.o
                0x0000000008003c9c                velotrace_solve
 .text.velotrace_print_values
                0x0000000008003d0c        0x2 Core/Src/velotrace.o
                0x0000000008003d0c                velotrace_print_values
 *fill*         0x0000000008003d0e        0x2 
 .text.velotrace_gain_tuning
                0x0000000008003d10       0x2c Core/Src/velotrace.o
                0x0000000008003d10                velotrace_gain_tuning
 .text.virtual_marker_init
                0x0000000008003d3c        0x4 Core/Src/virtual_marker.o
                0x0000000008003d3c                virtual_marker_init
 .text.virtual_marker_stop
                0x0000000008003d40        0x4 Core/Src/virtual_marker.o
                0x0000000008003d40                virtual_marker_stop
 .text.virtual_marker_set
                0x0000000008003d44       0x1c Core/Src/virtual_marker.o
                0x0000000008003d44                virtual_marker_set
 .text.virtual_marker_start
                0x0000000008003d60        0xe Core/Src/virtual_marker.o
                0x0000000008003d60                virtual_marker_start
 .text.virtual_marker_main
                0x0000000008003d6e        0xe Core/Src/virtual_marker.o
                0x0000000008003d6e                virtual_marker_main
 .text.virtual_marker_read_markerstate
                0x0000000008003d7c        0xc Core/Src/virtual_marker.o
                0x0000000008003d7c                virtual_marker_read_markerstate
 .text.virtual_marker_read_markerstate_volatile
                0x0000000008003d88        0xc Core/Src/virtual_marker.o
                0x0000000008003d88                virtual_marker_read_markerstate_volatile
 .text.virtual_marker_d_print
                0x0000000008003d94        0x2 Core/Src/virtual_marker.o
                0x0000000008003d94                virtual_marker_d_print
 *fill*         0x0000000008003d96        0x2 
 .text.Reset_Handler
                0x0000000008003d98       0x50 Core/Startup/startup_stm32f405rgtx.o
                0x0000000008003d98                Reset_Handler
 .text.Default_Handler
                0x0000000008003de8        0x2 Core/Startup/startup_stm32f405rgtx.o
                0x0000000008003de8                RTC_Alarm_IRQHandler
                0x0000000008003de8                HASH_RNG_IRQHandler
                0x0000000008003de8                EXTI2_IRQHandler
                0x0000000008003de8                TIM8_CC_IRQHandler
                0x0000000008003de8                TIM1_CC_IRQHandler
                0x0000000008003de8                DMA2_Stream5_IRQHandler
                0x0000000008003de8                DMA1_Stream5_IRQHandler
                0x0000000008003de8                PVD_IRQHandler
                0x0000000008003de8                SDIO_IRQHandler
                0x0000000008003de8                TAMP_STAMP_IRQHandler
                0x0000000008003de8                CAN2_RX1_IRQHandler
                0x0000000008003de8                EXTI3_IRQHandler
                0x0000000008003de8                TIM8_TRG_COM_TIM14_IRQHandler
                0x0000000008003de8                TIM8_UP_TIM13_IRQHandler
                0x0000000008003de8                I2C3_ER_IRQHandler
                0x0000000008003de8                EXTI0_IRQHandler
                0x0000000008003de8                I2C2_EV_IRQHandler
                0x0000000008003de8                DMA1_Stream2_IRQHandler
                0x0000000008003de8                CAN1_RX0_IRQHandler
                0x0000000008003de8                FPU_IRQHandler
                0x0000000008003de8                OTG_HS_WKUP_IRQHandler
                0x0000000008003de8                CAN2_SCE_IRQHandler
                0x0000000008003de8                DMA2_Stream2_IRQHandler
                0x0000000008003de8                SPI1_IRQHandler
                0x0000000008003de8                TIM1_BRK_TIM9_IRQHandler
                0x0000000008003de8                CAN2_RX0_IRQHandler
                0x0000000008003de8                DMA2_Stream3_IRQHandler
                0x0000000008003de8                USART6_IRQHandler
                0x0000000008003de8                USART3_IRQHandler
                0x0000000008003de8                CAN1_RX1_IRQHandler
                0x0000000008003de8                UART5_IRQHandler
                0x0000000008003de8                I2C1_EV_IRQHandler
                0x0000000008003de8                DMA1_Stream6_IRQHandler
                0x0000000008003de8                DMA1_Stream1_IRQHandler
                0x0000000008003de8                UART4_IRQHandler
                0x0000000008003de8                RCC_IRQHandler
                0x0000000008003de8                TIM8_BRK_TIM12_IRQHandler
                0x0000000008003de8                Default_Handler
                0x0000000008003de8                EXTI15_10_IRQHandler
                0x0000000008003de8                ADC_IRQHandler
                0x0000000008003de8                DMA1_Stream7_IRQHandler
                0x0000000008003de8                CAN2_TX_IRQHandler
                0x0000000008003de8                TIM5_IRQHandler
                0x0000000008003de8                DMA2_Stream7_IRQHandler
                0x0000000008003de8                I2C3_EV_IRQHandler
                0x0000000008003de8                EXTI9_5_IRQHandler
                0x0000000008003de8                RTC_WKUP_IRQHandler
                0x0000000008003de8                SPI2_IRQHandler
                0x0000000008003de8                OTG_HS_EP1_IN_IRQHandler
                0x0000000008003de8                DMA1_Stream0_IRQHandler
                0x0000000008003de8                CAN1_TX_IRQHandler
                0x0000000008003de8                EXTI4_IRQHandler
                0x0000000008003de8                FSMC_IRQHandler
                0x0000000008003de8                OTG_HS_EP1_OUT_IRQHandler
                0x0000000008003de8                WWDG_IRQHandler
                0x0000000008003de8                TIM2_IRQHandler
                0x0000000008003de8                OTG_FS_WKUP_IRQHandler
                0x0000000008003de8                OTG_HS_IRQHandler
                0x0000000008003de8                EXTI1_IRQHandler
                0x0000000008003de8                USART2_IRQHandler
                0x0000000008003de8                I2C2_ER_IRQHandler
                0x0000000008003de8                DMA2_Stream1_IRQHandler
                0x0000000008003de8                CAN1_SCE_IRQHandler
                0x0000000008003de8                FLASH_IRQHandler
                0x0000000008003de8                DMA2_Stream4_IRQHandler
                0x0000000008003de8                USART1_IRQHandler
                0x0000000008003de8                OTG_FS_IRQHandler
                0x0000000008003de8                SPI3_IRQHandler
                0x0000000008003de8                DMA1_Stream4_IRQHandler
                0x0000000008003de8                I2C1_ER_IRQHandler
                0x0000000008003de8                DMA2_Stream6_IRQHandler
                0x0000000008003de8                DMA1_Stream3_IRQHandler
 *fill*         0x0000000008003dea        0x2 
 .text.HAL_InitTick
                0x0000000008003dec       0x48 Drivers/STM32F4xx_HAL_Driver/Src/stm32f4xx_hal.o
                0x0000000008003dec                HAL_InitTick
 .text.HAL_Init
                0x0000000008003e34       0x34 Drivers/STM32F4xx_HAL_Driver/Src/stm32f4xx_hal.o
                0x0000000008003e34                HAL_Init
 .text.HAL_IncTick
                0x0000000008003e68       0x18 Drivers/STM32F4xx_HAL_Driver/Src/stm32f4xx_hal.o
                0x0000000008003e68                HAL_IncTick
 .text.HAL_GetTick
                0x0000000008003e80        0xc Drivers/STM32F4xx_HAL_Driver/Src/stm32f4xx_hal.o
                0x0000000008003e80                HAL_GetTick
 .text.HAL_Delay
                0x0000000008003e8c       0x28 Drivers/STM32F4xx_HAL_Driver/Src/stm32f4xx_hal.o
                0x0000000008003e8c                HAL_Delay
 .text.HAL_ADC_Init
                0x0000000008003eb4      0x14c Drivers/STM32F4xx_HAL_Driver/Src/stm32f4xx_hal_adc.o
                0x0000000008003eb4                HAL_ADC_Init
 .text.HAL_ADC_Start_DMA
                0x0000000008004000      0x158 Drivers/STM32F4xx_HAL_Driver/Src/stm32f4xx_hal_adc.o
                0x0000000008004000                HAL_ADC_Start_DMA
 .text.HAL_ADC_Stop_DMA
                0x0000000008004158       0x72 Drivers/STM32F4xx_HAL_Driver/Src/stm32f4xx_hal_adc.o
                0x0000000008004158                HAL_ADC_Stop_DMA
 .text.HAL_ADC_ConvHalfCpltCallback
                0x00000000080041ca        0x2 Drivers/STM32F4xx_HAL_Driver/Src/stm32f4xx_hal_adc.o
                0x00000000080041ca                HAL_ADC_ConvHalfCpltCallback
 .text.ADC_DMAHalfConvCplt
                0x00000000080041cc        0xa Drivers/STM32F4xx_HAL_Driver/Src/stm32f4xx_hal_adc.o
 .text.HAL_ADC_ErrorCallback
                0x00000000080041d6        0x2 Drivers/STM32F4xx_HAL_Driver/Src/stm32f4xx_hal_adc.o
                0x00000000080041d6                HAL_ADC_ErrorCallback
 .text.ADC_DMAError
                0x00000000080041d8       0x16 Drivers/STM32F4xx_HAL_Driver/Src/stm32f4xx_hal_adc.o
 .text.ADC_DMAConvCplt
                0x00000000080041ee       0x6c Drivers/STM32F4xx_HAL_Driver/Src/stm32f4xx_hal_adc.o
 *fill*         0x000000000800425a        0x2 
 .text.HAL_ADC_ConfigChannel
                0x000000000800425c      0x120 Drivers/STM32F4xx_HAL_Driver/Src/stm32f4xx_hal_adc.o
                0x000000000800425c                HAL_ADC_ConfigChannel
 .text.HAL_NVIC_SetPriorityGrouping
                0x000000000800437c       0x24 Drivers/STM32F4xx_HAL_Driver/Src/stm32f4xx_hal_cortex.o
                0x000000000800437c                HAL_NVIC_SetPriorityGrouping
 .text.HAL_NVIC_SetPriority
                0x00000000080043a0       0x68 Drivers/STM32F4xx_HAL_Driver/Src/stm32f4xx_hal_cortex.o
                0x00000000080043a0                HAL_NVIC_SetPriority
 .text.HAL_NVIC_EnableIRQ
                0x0000000008004408       0x1c Drivers/STM32F4xx_HAL_Driver/Src/stm32f4xx_hal_cortex.o
                0x0000000008004408                HAL_NVIC_EnableIRQ
 .text.HAL_SYSTICK_Config
                0x0000000008004424       0x2c Drivers/STM32F4xx_HAL_Driver/Src/stm32f4xx_hal_cortex.o
                0x0000000008004424                HAL_SYSTICK_Config
 .text.DMA_CalcBaseAndBitshift
                0x0000000008004450       0x2c Drivers/STM32F4xx_HAL_Driver/Src/stm32f4xx_hal_dma.o
 .text.HAL_DMA_Init
                0x000000000800447c       0xfc Drivers/STM32F4xx_HAL_Driver/Src/stm32f4xx_hal_dma.o
                0x000000000800447c                HAL_DMA_Init
 .text.HAL_DMA_Start_IT
                0x0000000008004578       0x74 Drivers/STM32F4xx_HAL_Driver/Src/stm32f4xx_hal_dma.o
                0x0000000008004578                HAL_DMA_Start_IT
 .text.HAL_DMA_Abort
                0x00000000080045ec       0x86 Drivers/STM32F4xx_HAL_Driver/Src/stm32f4xx_hal_dma.o
                0x00000000080045ec                HAL_DMA_Abort
 *fill*         0x0000000008004672        0x2 
 .text.HAL_DMA_IRQHandler
                0x0000000008004674      0x17c Drivers/STM32F4xx_HAL_Driver/Src/stm32f4xx_hal_dma.o
                0x0000000008004674                HAL_DMA_IRQHandler
 .text.FLASH_Program_DoubleWord
                0x00000000080047f0       0x2c Drivers/STM32F4xx_HAL_Driver/Src/stm32f4xx_hal_flash.o
 .text.FLASH_Program_Word
                0x000000000800481c       0x24 Drivers/STM32F4xx_HAL_Driver/Src/stm32f4xx_hal_flash.o
 .text.FLASH_Program_HalfWord
                0x0000000008004840       0x24 Drivers/STM32F4xx_HAL_Driver/Src/stm32f4xx_hal_flash.o
 .text.FLASH_SetErrorCode
                0x0000000008004864       0x74 Drivers/STM32F4xx_HAL_Driver/Src/stm32f4xx_hal_flash.o
 .text.HAL_FLASH_Unlock
                0x00000000080048d8       0x24 Drivers/STM32F4xx_HAL_Driver/Src/stm32f4xx_hal_flash.o
                0x00000000080048d8                HAL_FLASH_Unlock
 .text.HAL_FLASH_Lock
                0x00000000080048fc       0x14 Drivers/STM32F4xx_HAL_Driver/Src/stm32f4xx_hal_flash.o
                0x00000000080048fc                HAL_FLASH_Lock
 .text.FLASH_WaitForLastOperation
                0x0000000008004910       0x54 Drivers/STM32F4xx_HAL_Driver/Src/stm32f4xx_hal_flash.o
                0x0000000008004910                FLASH_WaitForLastOperation
 .text.HAL_FLASH_Program
                0x0000000008004964       0x8c Drivers/STM32F4xx_HAL_Driver/Src/stm32f4xx_hal_flash.o
                0x0000000008004964                HAL_FLASH_Program
 .text.FLASH_MassErase.isra.0
                0x00000000080049f0       0x24 Drivers/STM32F4xx_HAL_Driver/Src/stm32f4xx_hal_flash_ex.o
 .text.FLASH_Erase_Sector
                0x0000000008004a14       0x4c Drivers/STM32F4xx_HAL_Driver/Src/stm32f4xx_hal_flash_ex.o
                0x0000000008004a14                FLASH_Erase_Sector
 .text.FLASH_FlushCaches
                0x0000000008004a60       0x58 Drivers/STM32F4xx_HAL_Driver/Src/stm32f4xx_hal_flash_ex.o
                0x0000000008004a60                FLASH_FlushCaches
 .text.HAL_FLASHEx_Erase
                0x0000000008004ab8       0x9c Drivers/STM32F4xx_HAL_Driver/Src/stm32f4xx_hal_flash_ex.o
                0x0000000008004ab8                HAL_FLASHEx_Erase
 .text.HAL_GPIO_Init
                0x0000000008004b54      0x1d4 Drivers/STM32F4xx_HAL_Driver/Src/stm32f4xx_hal_gpio.o
                0x0000000008004b54                HAL_GPIO_Init
 .text.HAL_GPIO_ReadPin
                0x0000000008004d28        0xc Drivers/STM32F4xx_HAL_Driver/Src/stm32f4xx_hal_gpio.o
                0x0000000008004d28                HAL_GPIO_ReadPin
 .text.HAL_GPIO_WritePin
                0x0000000008004d34        0xa Drivers/STM32F4xx_HAL_Driver/Src/stm32f4xx_hal_gpio.o
                0x0000000008004d34                HAL_GPIO_WritePin
 *fill*         0x0000000008004d3e        0x2 
 .text.HAL_I2C_Init
                0x0000000008004d40      0x158 Drivers/STM32F4xx_HAL_Driver/Src/stm32f4xx_hal_i2c.o
                0x0000000008004d40                HAL_I2C_Init
 .text.HAL_RCC_OscConfig
                0x0000000008004e98      0x358 Drivers/STM32F4xx_HAL_Driver/Src/stm32f4xx_hal_rcc.o
                0x0000000008004e98                HAL_RCC_OscConfig
 .text.HAL_RCC_GetSysClockFreq
                0x00000000080051f0       0x4c Drivers/STM32F4xx_HAL_Driver/Src/stm32f4xx_hal_rcc.o
                0x00000000080051f0                HAL_RCC_GetSysClockFreq
 .text.HAL_RCC_ClockConfig
                0x000000000800523c      0x134 Drivers/STM32F4xx_HAL_Driver/Src/stm32f4xx_hal_rcc.o
                0x000000000800523c                HAL_RCC_ClockConfig
 .text.HAL_RCC_GetPCLK1Freq
                0x0000000008005370       0x20 Drivers/STM32F4xx_HAL_Driver/Src/stm32f4xx_hal_rcc.o
                0x0000000008005370                HAL_RCC_GetPCLK1Freq
 .text.HAL_RCC_GetPCLK2Freq
                0x0000000008005390       0x20 Drivers/STM32F4xx_HAL_Driver/Src/stm32f4xx_hal_rcc.o
                0x0000000008005390                HAL_RCC_GetPCLK2Freq
 .text.SPI_WaitFlagStateUntilTimeout.constprop.7
                0x00000000080053b0       0xac Drivers/STM32F4xx_HAL_Driver/Src/stm32f4xx_hal_spi.o
 .text.SPI_EndRxTransaction
                0x000000000800545c       0x54 Drivers/STM32F4xx_HAL_Driver/Src/stm32f4xx_hal_spi.o
 .text.SPI_EndRxTxTransaction
                0x00000000080054b0       0x58 Drivers/STM32F4xx_HAL_Driver/Src/stm32f4xx_hal_spi.o
 .text.HAL_SPI_Init
                0x0000000008005508       0xb8 Drivers/STM32F4xx_HAL_Driver/Src/stm32f4xx_hal_spi.o
                0x0000000008005508                HAL_SPI_Init
 .text.HAL_SPI_Transmit
                0x00000000080055c0      0x156 Drivers/STM32F4xx_HAL_Driver/Src/stm32f4xx_hal_spi.o
                0x00000000080055c0                HAL_SPI_Transmit
 .text.HAL_SPI_TransmitReceive
                0x0000000008005716      0x1e0 Drivers/STM32F4xx_HAL_Driver/Src/stm32f4xx_hal_spi.o
                0x0000000008005716                HAL_SPI_TransmitReceive
 .text.HAL_SPI_Receive
                0x00000000080058f6      0x136 Drivers/STM32F4xx_HAL_Driver/Src/stm32f4xx_hal_spi.o
                0x00000000080058f6                HAL_SPI_Receive
 .text.TIM_OC1_SetConfig
                0x0000000008005a2c       0x64 Drivers/STM32F4xx_HAL_Driver/Src/stm32f4xx_hal_tim.o
 .text.TIM_OC3_SetConfig
                0x0000000008005a90       0x6c Drivers/STM32F4xx_HAL_Driver/Src/stm32f4xx_hal_tim.o
 .text.TIM_OC4_SetConfig
                0x0000000008005afc       0x4c Drivers/STM32F4xx_HAL_Driver/Src/stm32f4xx_hal_tim.o
 .text.HAL_TIM_Base_Start_IT
                0x0000000008005b48       0x74 Drivers/STM32F4xx_HAL_Driver/Src/stm32f4xx_hal_tim.o
                0x0000000008005b48                HAL_TIM_Base_Start_IT
 .text.HAL_TIM_Base_Stop_IT
                0x0000000008005bbc       0x30 Drivers/STM32F4xx_HAL_Driver/Src/stm32f4xx_hal_tim.o
                0x0000000008005bbc                HAL_TIM_Base_Stop_IT
 .text.HAL_TIM_Encoder_Start
                0x0000000008005bec       0xb8 Drivers/STM32F4xx_HAL_Driver/Src/stm32f4xx_hal_tim.o
                0x0000000008005bec                HAL_TIM_Encoder_Start
 .text.HAL_TIM_Encoder_Stop
                0x0000000008005ca4       0x72 Drivers/STM32F4xx_HAL_Driver/Src/stm32f4xx_hal_tim.o
                0x0000000008005ca4                HAL_TIM_Encoder_Stop
 .text.HAL_TIM_OC_DelayElapsedCallback
                0x0000000008005d16        0x2 Drivers/STM32F4xx_HAL_Driver/Src/stm32f4xx_hal_tim.o
                0x0000000008005d16                HAL_TIM_OC_DelayElapsedCallback
 .text.HAL_TIM_IC_CaptureCallback
                0x0000000008005d18        0x2 Drivers/STM32F4xx_HAL_Driver/Src/stm32f4xx_hal_tim.o
                0x0000000008005d18                HAL_TIM_IC_CaptureCallback
 .text.HAL_TIM_PWM_PulseFinishedCallback
                0x0000000008005d1a        0x2 Drivers/STM32F4xx_HAL_Driver/Src/stm32f4xx_hal_tim.o
                0x0000000008005d1a                HAL_TIM_PWM_PulseFinishedCallback
 .text.HAL_TIM_TriggerCallback
                0x0000000008005d1c        0x2 Drivers/STM32F4xx_HAL_Driver/Src/stm32f4xx_hal_tim.o
                0x0000000008005d1c                HAL_TIM_TriggerCallback
 .text.HAL_TIM_IRQHandler
                0x0000000008005d1e      0x144 Drivers/STM32F4xx_HAL_Driver/Src/stm32f4xx_hal_tim.o
                0x0000000008005d1e                HAL_TIM_IRQHandler
 *fill*         0x0000000008005e62        0x2 
 .text.TIM_Base_SetConfig
                0x0000000008005e64       0xcc Drivers/STM32F4xx_HAL_Driver/Src/stm32f4xx_hal_tim.o
                0x0000000008005e64                TIM_Base_SetConfig
 .text.HAL_TIM_Base_Init
                0x0000000008005f30       0x58 Drivers/STM32F4xx_HAL_Driver/Src/stm32f4xx_hal_tim.o
                0x0000000008005f30                HAL_TIM_Base_Init
 .text.HAL_TIM_PWM_Init
                0x0000000008005f88       0x58 Drivers/STM32F4xx_HAL_Driver/Src/stm32f4xx_hal_tim.o
                0x0000000008005f88                HAL_TIM_PWM_Init
 .text.HAL_TIM_Encoder_Init
                0x0000000008005fe0       0xaa Drivers/STM32F4xx_HAL_Driver/Src/stm32f4xx_hal_tim.o
                0x0000000008005fe0                HAL_TIM_Encoder_Init
 *fill*         0x000000000800608a        0x2 
 .text.TIM_OC2_SetConfig
                0x000000000800608c       0x6c Drivers/STM32F4xx_HAL_Driver/Src/stm32f4xx_hal_tim.o
                0x000000000800608c                TIM_OC2_SetConfig
 .text.HAL_TIM_PWM_ConfigChannel
                0x00000000080060f8       0xc0 Drivers/STM32F4xx_HAL_Driver/Src/stm32f4xx_hal_tim.o
                0x00000000080060f8                HAL_TIM_PWM_ConfigChannel
 .text.TIM_CCxChannelCmd
                0x00000000080061b8       0x1c Drivers/STM32F4xx_HAL_Driver/Src/stm32f4xx_hal_tim.o
                0x00000000080061b8                TIM_CCxChannelCmd
 .text.HAL_TIM_OC_Start
                0x00000000080061d4       0xcc Drivers/STM32F4xx_HAL_Driver/Src/stm32f4xx_hal_tim.o
                0x00000000080061d4                HAL_TIM_OC_Start
 .text.HAL_TIM_PWM_Start
                0x00000000080062a0        0x4 Drivers/STM32F4xx_HAL_Driver/Src/stm32f4xx_hal_tim.o
                0x00000000080062a0                HAL_TIM_PWM_Start
 .text.HAL_TIM_OC_Stop
                0x00000000080062a4       0x80 Drivers/STM32F4xx_HAL_Driver/Src/stm32f4xx_hal_tim.o
                0x00000000080062a4                HAL_TIM_OC_Stop
 .text.HAL_TIM_PWM_Stop
                0x0000000008006324        0x4 Drivers/STM32F4xx_HAL_Driver/Src/stm32f4xx_hal_tim.o
                0x0000000008006324                HAL_TIM_PWM_Stop
 .text.HAL_TIMEx_MasterConfigSynchronization
                0x0000000008006328       0x84 Drivers/STM32F4xx_HAL_Driver/Src/stm32f4xx_hal_tim_ex.o
                0x0000000008006328                HAL_TIMEx_MasterConfigSynchronization
 .text.HAL_TIMEx_CommutCallback
                0x00000000080063ac        0x2 Drivers/STM32F4xx_HAL_Driver/Src/stm32f4xx_hal_tim_ex.o
                0x00000000080063ac                HAL_TIMEx_CommutCallback
 .text.HAL_TIMEx_BreakCallback
                0x00000000080063ae        0x2 Drivers/STM32F4xx_HAL_Driver/Src/stm32f4xx_hal_tim_ex.o
                0x00000000080063ae                HAL_TIMEx_BreakCallback
 .text.UART_SetConfig
                0x00000000080063b0       0xbc Drivers/STM32F4xx_HAL_Driver/Src/stm32f4xx_hal_uart.o
 .text.UART_WaitOnFlagUntilTimeout.constprop.3
                0x000000000800646c       0x6c Drivers/STM32F4xx_HAL_Driver/Src/stm32f4xx_hal_uart.o
 .text.HAL_UART_Init
                0x00000000080064d8       0x5c Drivers/STM32F4xx_HAL_Driver/Src/stm32f4xx_hal_uart.o
                0x00000000080064d8                HAL_UART_Init
 .text.HAL_UART_Transmit
                0x0000000008006534       0xae Drivers/STM32F4xx_HAL_Driver/Src/stm32f4xx_hal_uart.o
                0x0000000008006534                HAL_UART_Transmit
 *fill*         0x00000000080065e2        0x2 
 .text.__errno  0x00000000080065e4        0xc c:/st/stm32cubeide_1.5.1/stm32cubeide/plugins/com.st.stm32cube.ide.mcu.externaltools.gnu-tools-for-stm32.7-2018-q2-update.win32_1.5.0.202011040924/tools/bin/../lib/gcc/arm-none-eabi/7.3.1/../../../../arm-none-eabi/lib/thumb/v7e-m/fpv4-sp/hard\libc_nano.a(lib_a-errno.o)
                0x00000000080065e4                __errno
 .text.__libc_init_array
                0x00000000080065f0       0x48 c:/st/stm32cubeide_1.5.1/stm32cubeide/plugins/com.st.stm32cube.ide.mcu.externaltools.gnu-tools-for-stm32.7-2018-q2-update.win32_1.5.0.202011040924/tools/bin/../lib/gcc/arm-none-eabi/7.3.1/../../../../arm-none-eabi/lib/thumb/v7e-m/fpv4-sp/hard\libc_nano.a(lib_a-init.o)
                0x00000000080065f0                __libc_init_array
 .text.memcpy   0x0000000008006638       0x16 c:/st/stm32cubeide_1.5.1/stm32cubeide/plugins/com.st.stm32cube.ide.mcu.externaltools.gnu-tools-for-stm32.7-2018-q2-update.win32_1.5.0.202011040924/tools/bin/../lib/gcc/arm-none-eabi/7.3.1/../../../../arm-none-eabi/lib/thumb/v7e-m/fpv4-sp/hard\libc_nano.a(lib_a-memcpy-stub.o)
                0x0000000008006638                memcpy
 .text.memset   0x000000000800664e       0x10 c:/st/stm32cubeide_1.5.1/stm32cubeide/plugins/com.st.stm32cube.ide.mcu.externaltools.gnu-tools-for-stm32.7-2018-q2-update.win32_1.5.0.202011040924/tools/bin/../lib/gcc/arm-none-eabi/7.3.1/../../../../arm-none-eabi/lib/thumb/v7e-m/fpv4-sp/hard\libc_nano.a(lib_a-memset.o)
                0x000000000800664e                memset
 *fill*         0x000000000800665e        0x2 
 .text.printf   0x0000000008006660       0x30 c:/st/stm32cubeide_1.5.1/stm32cubeide/plugins/com.st.stm32cube.ide.mcu.externaltools.gnu-tools-for-stm32.7-2018-q2-update.win32_1.5.0.202011040924/tools/bin/../lib/gcc/arm-none-eabi/7.3.1/../../../../arm-none-eabi/lib/thumb/v7e-m/fpv4-sp/hard\libc_nano.a(lib_a-printf.o)
                0x0000000008006660                iprintf
                0x0000000008006660                printf
 .text._puts_r  0x0000000008006690       0xb8 c:/st/stm32cubeide_1.5.1/stm32cubeide/plugins/com.st.stm32cube.ide.mcu.externaltools.gnu-tools-for-stm32.7-2018-q2-update.win32_1.5.0.202011040924/tools/bin/../lib/gcc/arm-none-eabi/7.3.1/../../../../arm-none-eabi/lib/thumb/v7e-m/fpv4-sp/hard\libc_nano.a(lib_a-puts.o)
                0x0000000008006690                _puts_r
 .text.puts     0x0000000008006748       0x10 c:/st/stm32cubeide_1.5.1/stm32cubeide/plugins/com.st.stm32cube.ide.mcu.externaltools.gnu-tools-for-stm32.7-2018-q2-update.win32_1.5.0.202011040924/tools/bin/../lib/gcc/arm-none-eabi/7.3.1/../../../../arm-none-eabi/lib/thumb/v7e-m/fpv4-sp/hard\libc_nano.a(lib_a-puts.o)
                0x0000000008006748                puts
 .text.__swbuf_r
                0x0000000008006758       0xa4 c:/st/stm32cubeide_1.5.1/stm32cubeide/plugins/com.st.stm32cube.ide.mcu.externaltools.gnu-tools-for-stm32.7-2018-q2-update.win32_1.5.0.202011040924/tools/bin/../lib/gcc/arm-none-eabi/7.3.1/../../../../arm-none-eabi/lib/thumb/v7e-m/fpv4-sp/hard\libc_nano.a(lib_a-wbuf.o)
                0x0000000008006758                __swbuf_r
 .text.__swsetup_r
                0x00000000080067fc       0xdc c:/st/stm32cubeide_1.5.1/stm32cubeide/plugins/com.st.stm32cube.ide.mcu.externaltools.gnu-tools-for-stm32.7-2018-q2-update.win32_1.5.0.202011040924/tools/bin/../lib/gcc/arm-none-eabi/7.3.1/../../../../arm-none-eabi/lib/thumb/v7e-m/fpv4-sp/hard\libc_nano.a(lib_a-wsetup.o)
                0x00000000080067fc                __swsetup_r
 .text.__sflush_r
                0x00000000080068d8      0x10c c:/st/stm32cubeide_1.5.1/stm32cubeide/plugins/com.st.stm32cube.ide.mcu.externaltools.gnu-tools-for-stm32.7-2018-q2-update.win32_1.5.0.202011040924/tools/bin/../lib/gcc/arm-none-eabi/7.3.1/../../../../arm-none-eabi/lib/thumb/v7e-m/fpv4-sp/hard\libc_nano.a(lib_a-fflush.o)
                0x00000000080068d8                __sflush_r
 .text._fflush_r
                0x00000000080069e4       0x54 c:/st/stm32cubeide_1.5.1/stm32cubeide/plugins/com.st.stm32cube.ide.mcu.externaltools.gnu-tools-for-stm32.7-2018-q2-update.win32_1.5.0.202011040924/tools/bin/../lib/gcc/arm-none-eabi/7.3.1/../../../../arm-none-eabi/lib/thumb/v7e-m/fpv4-sp/hard\libc_nano.a(lib_a-fflush.o)
                0x00000000080069e4                _fflush_r
 .text.std      0x0000000008006a38       0x48 c:/st/stm32cubeide_1.5.1/stm32cubeide/plugins/com.st.stm32cube.ide.mcu.externaltools.gnu-tools-for-stm32.7-2018-q2-update.win32_1.5.0.202011040924/tools/bin/../lib/gcc/arm-none-eabi/7.3.1/../../../../arm-none-eabi/lib/thumb/v7e-m/fpv4-sp/hard\libc_nano.a(lib_a-findfp.o)
 .text._cleanup_r
                0x0000000008006a80        0xc c:/st/stm32cubeide_1.5.1/stm32cubeide/plugins/com.st.stm32cube.ide.mcu.externaltools.gnu-tools-for-stm32.7-2018-q2-update.win32_1.5.0.202011040924/tools/bin/../lib/gcc/arm-none-eabi/7.3.1/../../../../arm-none-eabi/lib/thumb/v7e-m/fpv4-sp/hard\libc_nano.a(lib_a-findfp.o)
                0x0000000008006a80                _cleanup_r
 .text.__sfmoreglue
                0x0000000008006a8c       0x2c c:/st/stm32cubeide_1.5.1/stm32cubeide/plugins/com.st.stm32cube.ide.mcu.externaltools.gnu-tools-for-stm32.7-2018-q2-update.win32_1.5.0.202011040924/tools/bin/../lib/gcc/arm-none-eabi/7.3.1/../../../../arm-none-eabi/lib/thumb/v7e-m/fpv4-sp/hard\libc_nano.a(lib_a-findfp.o)
                0x0000000008006a8c                __sfmoreglue
 .text.__sinit  0x0000000008006ab8       0x60 c:/st/stm32cubeide_1.5.1/stm32cubeide/plugins/com.st.stm32cube.ide.mcu.externaltools.gnu-tools-for-stm32.7-2018-q2-update.win32_1.5.0.202011040924/tools/bin/../lib/gcc/arm-none-eabi/7.3.1/../../../../arm-none-eabi/lib/thumb/v7e-m/fpv4-sp/hard\libc_nano.a(lib_a-findfp.o)
                0x0000000008006ab8                __sinit
 .text.__sfp    0x0000000008006b18       0x78 c:/st/stm32cubeide_1.5.1/stm32cubeide/plugins/com.st.stm32cube.ide.mcu.externaltools.gnu-tools-for-stm32.7-2018-q2-update.win32_1.5.0.202011040924/tools/bin/../lib/gcc/arm-none-eabi/7.3.1/../../../../arm-none-eabi/lib/thumb/v7e-m/fpv4-sp/hard\libc_nano.a(lib_a-findfp.o)
                0x0000000008006b18                __sfp
 .text._fwalk_reent
                0x0000000008006b90       0x3c c:/st/stm32cubeide_1.5.1/stm32cubeide/plugins/com.st.stm32cube.ide.mcu.externaltools.gnu-tools-for-stm32.7-2018-q2-update.win32_1.5.0.202011040924/tools/bin/../lib/gcc/arm-none-eabi/7.3.1/../../../../arm-none-eabi/lib/thumb/v7e-m/fpv4-sp/hard\libc_nano.a(lib_a-fwalk.o)
                0x0000000008006b90                _fwalk_reent
 .text.__swhatbuf_r
                0x0000000008006bcc       0x48 c:/st/stm32cubeide_1.5.1/stm32cubeide/plugins/com.st.stm32cube.ide.mcu.externaltools.gnu-tools-for-stm32.7-2018-q2-update.win32_1.5.0.202011040924/tools/bin/../lib/gcc/arm-none-eabi/7.3.1/../../../../arm-none-eabi/lib/thumb/v7e-m/fpv4-sp/hard\libc_nano.a(lib_a-makebuf.o)
                0x0000000008006bcc                __swhatbuf_r
 .text.__smakebuf_r
                0x0000000008006c14       0x80 c:/st/stm32cubeide_1.5.1/stm32cubeide/plugins/com.st.stm32cube.ide.mcu.externaltools.gnu-tools-for-stm32.7-2018-q2-update.win32_1.5.0.202011040924/tools/bin/../lib/gcc/arm-none-eabi/7.3.1/../../../../arm-none-eabi/lib/thumb/v7e-m/fpv4-sp/hard\libc_nano.a(lib_a-makebuf.o)
                0x0000000008006c14                __smakebuf_r
 .text._free_r  0x0000000008006c94       0x9c c:/st/stm32cubeide_1.5.1/stm32cubeide/plugins/com.st.stm32cube.ide.mcu.externaltools.gnu-tools-for-stm32.7-2018-q2-update.win32_1.5.0.202011040924/tools/bin/../lib/gcc/arm-none-eabi/7.3.1/../../../../arm-none-eabi/lib/thumb/v7e-m/fpv4-sp/hard\libc_nano.a(lib_a-nano-freer.o)
                0x0000000008006c94                _free_r
 .text._malloc_r
                0x0000000008006d30       0xb4 c:/st/stm32cubeide_1.5.1/stm32cubeide/plugins/com.st.stm32cube.ide.mcu.externaltools.gnu-tools-for-stm32.7-2018-q2-update.win32_1.5.0.202011040924/tools/bin/../lib/gcc/arm-none-eabi/7.3.1/../../../../arm-none-eabi/lib/thumb/v7e-m/fpv4-sp/hard\libc_nano.a(lib_a-nano-mallocr.o)
                0x0000000008006d30                _malloc_r
 .text.__sfputc_r
                0x0000000008006de4       0x2e c:/st/stm32cubeide_1.5.1/stm32cubeide/plugins/com.st.stm32cube.ide.mcu.externaltools.gnu-tools-for-stm32.7-2018-q2-update.win32_1.5.0.202011040924/tools/bin/../lib/gcc/arm-none-eabi/7.3.1/../../../../arm-none-eabi/lib/thumb/v7e-m/fpv4-sp/hard\libc_nano.a(lib_a-nano-vfprintf.o)
 .text.__sfputs_r
                0x0000000008006e12       0x24 c:/st/stm32cubeide_1.5.1/stm32cubeide/plugins/com.st.stm32cube.ide.mcu.externaltools.gnu-tools-for-stm32.7-2018-q2-update.win32_1.5.0.202011040924/tools/bin/../lib/gcc/arm-none-eabi/7.3.1/../../../../arm-none-eabi/lib/thumb/v7e-m/fpv4-sp/hard\libc_nano.a(lib_a-nano-vfprintf.o)
                0x0000000008006e12                __sfputs_r
 *fill*         0x0000000008006e36        0x2 
 .text._vfprintf_r
                0x0000000008006e38      0x22c c:/st/stm32cubeide_1.5.1/stm32cubeide/plugins/com.st.stm32cube.ide.mcu.externaltools.gnu-tools-for-stm32.7-2018-q2-update.win32_1.5.0.202011040924/tools/bin/../lib/gcc/arm-none-eabi/7.3.1/../../../../arm-none-eabi/lib/thumb/v7e-m/fpv4-sp/hard\libc_nano.a(lib_a-nano-vfprintf.o)
                0x0000000008006e38                _vfprintf_r
                0x0000000008006e38                _vfiprintf_r
 .text._printf_common
                0x0000000008007064       0xea c:/st/stm32cubeide_1.5.1/stm32cubeide/plugins/com.st.stm32cube.ide.mcu.externaltools.gnu-tools-for-stm32.7-2018-q2-update.win32_1.5.0.202011040924/tools/bin/../lib/gcc/arm-none-eabi/7.3.1/../../../../arm-none-eabi/lib/thumb/v7e-m/fpv4-sp/hard\libc_nano.a(lib_a-nano-vfprintf_i.o)
                0x0000000008007064                _printf_common
 *fill*         0x000000000800714e        0x2 
 .text._printf_i
                0x0000000008007150      0x224 c:/st/stm32cubeide_1.5.1/stm32cubeide/plugins/com.st.stm32cube.ide.mcu.externaltools.gnu-tools-for-stm32.7-2018-q2-update.win32_1.5.0.202011040924/tools/bin/../lib/gcc/arm-none-eabi/7.3.1/../../../../arm-none-eabi/lib/thumb/v7e-m/fpv4-sp/hard\libc_nano.a(lib_a-nano-vfprintf_i.o)
                0x0000000008007150                _printf_i
 .text._sbrk_r  0x0000000008007374       0x20 c:/st/stm32cubeide_1.5.1/stm32cubeide/plugins/com.st.stm32cube.ide.mcu.externaltools.gnu-tools-for-stm32.7-2018-q2-update.win32_1.5.0.202011040924/tools/bin/../lib/gcc/arm-none-eabi/7.3.1/../../../../arm-none-eabi/lib/thumb/v7e-m/fpv4-sp/hard\libc_nano.a(lib_a-sbrkr.o)
                0x0000000008007374                _sbrk_r
 .text.__sread  0x0000000008007394       0x22 c:/st/stm32cubeide_1.5.1/stm32cubeide/plugins/com.st.stm32cube.ide.mcu.externaltools.gnu-tools-for-stm32.7-2018-q2-update.win32_1.5.0.202011040924/tools/bin/../lib/gcc/arm-none-eabi/7.3.1/../../../../arm-none-eabi/lib/thumb/v7e-m/fpv4-sp/hard\libc_nano.a(lib_a-stdio.o)
                0x0000000008007394                __sread
 .text.__swrite
                0x00000000080073b6       0x38 c:/st/stm32cubeide_1.5.1/stm32cubeide/plugins/com.st.stm32cube.ide.mcu.externaltools.gnu-tools-for-stm32.7-2018-q2-update.win32_1.5.0.202011040924/tools/bin/../lib/gcc/arm-none-eabi/7.3.1/../../../../arm-none-eabi/lib/thumb/v7e-m/fpv4-sp/hard\libc_nano.a(lib_a-stdio.o)
                0x00000000080073b6                __swrite
 .text.__sseek  0x00000000080073ee       0x24 c:/st/stm32cubeide_1.5.1/stm32cubeide/plugins/com.st.stm32cube.ide.mcu.externaltools.gnu-tools-for-stm32.7-2018-q2-update.win32_1.5.0.202011040924/tools/bin/../lib/gcc/arm-none-eabi/7.3.1/../../../../arm-none-eabi/lib/thumb/v7e-m/fpv4-sp/hard\libc_nano.a(lib_a-stdio.o)
                0x00000000080073ee                __sseek
 .text.__sclose
                0x0000000008007412        0x8 c:/st/stm32cubeide_1.5.1/stm32cubeide/plugins/com.st.stm32cube.ide.mcu.externaltools.gnu-tools-for-stm32.7-2018-q2-update.win32_1.5.0.202011040924/tools/bin/../lib/gcc/arm-none-eabi/7.3.1/../../../../arm-none-eabi/lib/thumb/v7e-m/fpv4-sp/hard\libc_nano.a(lib_a-stdio.o)
                0x0000000008007412                __sclose
 *fill*         0x000000000800741a        0x2 
 .text._write_r
                0x000000000800741c       0x24 c:/st/stm32cubeide_1.5.1/stm32cubeide/plugins/com.st.stm32cube.ide.mcu.externaltools.gnu-tools-for-stm32.7-2018-q2-update.win32_1.5.0.202011040924/tools/bin/../lib/gcc/arm-none-eabi/7.3.1/../../../../arm-none-eabi/lib/thumb/v7e-m/fpv4-sp/hard\libc_nano.a(lib_a-writer.o)
                0x000000000800741c                _write_r
 .text._close_r
                0x0000000008007440       0x20 c:/st/stm32cubeide_1.5.1/stm32cubeide/plugins/com.st.stm32cube.ide.mcu.externaltools.gnu-tools-for-stm32.7-2018-q2-update.win32_1.5.0.202011040924/tools/bin/../lib/gcc/arm-none-eabi/7.3.1/../../../../arm-none-eabi/lib/thumb/v7e-m/fpv4-sp/hard\libc_nano.a(lib_a-closer.o)
                0x0000000008007440                _close_r
 .text._fstat_r
                0x0000000008007460       0x24 c:/st/stm32cubeide_1.5.1/stm32cubeide/plugins/com.st.stm32cube.ide.mcu.externaltools.gnu-tools-for-stm32.7-2018-q2-update.win32_1.5.0.202011040924/tools/bin/../lib/gcc/arm-none-eabi/7.3.1/../../../../arm-none-eabi/lib/thumb/v7e-m/fpv4-sp/hard\libc_nano.a(lib_a-fstatr.o)
                0x0000000008007460                _fstat_r
 .text._isatty_r
                0x0000000008007484       0x20 c:/st/stm32cubeide_1.5.1/stm32cubeide/plugins/com.st.stm32cube.ide.mcu.externaltools.gnu-tools-for-stm32.7-2018-q2-update.win32_1.5.0.202011040924/tools/bin/../lib/gcc/arm-none-eabi/7.3.1/../../../../arm-none-eabi/lib/thumb/v7e-m/fpv4-sp/hard\libc_nano.a(lib_a-isattyr.o)
                0x0000000008007484                _isatty_r
 .text._lseek_r
                0x00000000080074a4       0x24 c:/st/stm32cubeide_1.5.1/stm32cubeide/plugins/com.st.stm32cube.ide.mcu.externaltools.gnu-tools-for-stm32.7-2018-q2-update.win32_1.5.0.202011040924/tools/bin/../lib/gcc/arm-none-eabi/7.3.1/../../../../arm-none-eabi/lib/thumb/v7e-m/fpv4-sp/hard\libc_nano.a(lib_a-lseekr.o)
                0x00000000080074a4                _lseek_r
 .text.__malloc_lock
                0x00000000080074c8        0x2 c:/st/stm32cubeide_1.5.1/stm32cubeide/plugins/com.st.stm32cube.ide.mcu.externaltools.gnu-tools-for-stm32.7-2018-q2-update.win32_1.5.0.202011040924/tools/bin/../lib/gcc/arm-none-eabi/7.3.1/../../../../arm-none-eabi/lib/thumb/v7e-m/fpv4-sp/hard\libc_nano.a(lib_a-mlock.o)
                0x00000000080074c8                __malloc_lock
 .text.__malloc_unlock
                0x00000000080074ca        0x2 c:/st/stm32cubeide_1.5.1/stm32cubeide/plugins/com.st.stm32cube.ide.mcu.externaltools.gnu-tools-for-stm32.7-2018-q2-update.win32_1.5.0.202011040924/tools/bin/../lib/gcc/arm-none-eabi/7.3.1/../../../../arm-none-eabi/lib/thumb/v7e-m/fpv4-sp/hard\libc_nano.a(lib_a-mlock.o)
                0x00000000080074ca                __malloc_unlock
 .text._read_r  0x00000000080074cc       0x24 c:/st/stm32cubeide_1.5.1/stm32cubeide/plugins/com.st.stm32cube.ide.mcu.externaltools.gnu-tools-for-stm32.7-2018-q2-update.win32_1.5.0.202011040924/tools/bin/../lib/gcc/arm-none-eabi/7.3.1/../../../../arm-none-eabi/lib/thumb/v7e-m/fpv4-sp/hard\libc_nano.a(lib_a-readr.o)
                0x00000000080074cc                _read_r
 *(.glue_7)
 .glue_7        0x00000000080074f0        0x0 linker stubs
 *(.glue_7t)
 .glue_7t       0x00000000080074f0        0x0 linker stubs
 *(.eh_frame)
 .eh_frame      0x00000000080074f0        0x0 c:/st/stm32cubeide_1.5.1/stm32cubeide/plugins/com.st.stm32cube.ide.mcu.externaltools.gnu-tools-for-stm32.7-2018-q2-update.win32_1.5.0.202011040924/tools/bin/../lib/gcc/arm-none-eabi/7.3.1/thumb/v7e-m/fpv4-sp/hard/crtbegin.o
 *(.init)
 .init          0x00000000080074f0        0x4 c:/st/stm32cubeide_1.5.1/stm32cubeide/plugins/com.st.stm32cube.ide.mcu.externaltools.gnu-tools-for-stm32.7-2018-q2-update.win32_1.5.0.202011040924/tools/bin/../lib/gcc/arm-none-eabi/7.3.1/thumb/v7e-m/fpv4-sp/hard/crti.o
                0x00000000080074f0                _init
 .init          0x00000000080074f4        0x8 c:/st/stm32cubeide_1.5.1/stm32cubeide/plugins/com.st.stm32cube.ide.mcu.externaltools.gnu-tools-for-stm32.7-2018-q2-update.win32_1.5.0.202011040924/tools/bin/../lib/gcc/arm-none-eabi/7.3.1/thumb/v7e-m/fpv4-sp/hard/crtn.o
 *(.fini)
 .fini          0x00000000080074fc        0x4 c:/st/stm32cubeide_1.5.1/stm32cubeide/plugins/com.st.stm32cube.ide.mcu.externaltools.gnu-tools-for-stm32.7-2018-q2-update.win32_1.5.0.202011040924/tools/bin/../lib/gcc/arm-none-eabi/7.3.1/thumb/v7e-m/fpv4-sp/hard/crti.o
                0x00000000080074fc                _fini
 .fini          0x0000000008007500        0x8 c:/st/stm32cubeide_1.5.1/stm32cubeide/plugins/com.st.stm32cube.ide.mcu.externaltools.gnu-tools-for-stm32.7-2018-q2-update.win32_1.5.0.202011040924/tools/bin/../lib/gcc/arm-none-eabi/7.3.1/thumb/v7e-m/fpv4-sp/hard/crtn.o
                0x0000000008007508                . = ALIGN (0x4)
                0x0000000008007508                _etext = .

.vfp11_veneer   0x0000000008007508        0x0
 .vfp11_veneer  0x0000000008007508        0x0 linker stubs

.v4_bx          0x0000000008007508        0x0
 .v4_bx         0x0000000008007508        0x0 linker stubs

.iplt           0x0000000008007508        0x0
 .iplt          0x0000000008007508        0x0 c:/st/stm32cubeide_1.5.1/stm32cubeide/plugins/com.st.stm32cube.ide.mcu.externaltools.gnu-tools-for-stm32.7-2018-q2-update.win32_1.5.0.202011040924/tools/bin/../lib/gcc/arm-none-eabi/7.3.1/thumb/v7e-m/fpv4-sp/hard/crtbegin.o

.rodata         0x0000000008007508      0x3c4
                0x0000000008007508                . = ALIGN (0x4)
 *(.rodata)
 *(.rodata*)
 .rodata.imu_init.str1.1
                0x0000000008007508       0x4f Core/Src/IMU.o
 .rodata.rotary_print_playmode.str1.1
                0x0000000008007557       0x95 Core/Src/Rotary.o
                                         0x97 (size before relaxing)
 .rodata.analog_array_print.str1.1
                0x00000000080075ec       0x5a Core/Src/analog.o
 .rodata.analog_print_max.str1.1
                0x0000000008007646       0x1e Core/Src/analog.o
 .rodata.analog_print_min.str1.1
                0x0000000008007664       0x18 Core/Src/analog.o
 .rodata.course_d_print.str1.1
                0x000000000800767c       0x28 Core/Src/course.o
 .rodata.course_fixing_radius2speed.str1.1
                0x00000000080076a4       0xeb Core/Src/course.o
 .rodata.course_print_flash.str1.1
                0x000000000800778f        0xc Core/Src/course.o
 .rodata.main.str1.1
                0x000000000800779b       0x1d Core/Src/main.o
                                         0x23 (size before relaxing)
 .rodata.main_print_while.str1.1
                0x00000000080077b8       0x46 Core/Src/main.o
 .rodata.print_rotary_value.str1.1
                0x00000000080077fe       0x15 Core/Src/print.o
 .rodata.AHBPrescTable
                0x0000000008007813       0x10 Core/Src/system_stm32f4xx.o
                0x0000000008007813                AHBPrescTable
 .rodata.APBPrescTable
                0x0000000008007823        0x8 Core/Src/system_stm32f4xx.o
                0x0000000008007823                APBPrescTable
 .rodata.flagBitshiftOffset.8978
                0x000000000800782b        0x8 Drivers/STM32F4xx_HAL_Driver/Src/stm32f4xx_hal_dma.o
 *fill*         0x0000000008007833        0x1 
 .rodata._global_impure_ptr
                0x0000000008007834        0x4 c:/st/stm32cubeide_1.5.1/stm32cubeide/plugins/com.st.stm32cube.ide.mcu.externaltools.gnu-tools-for-stm32.7-2018-q2-update.win32_1.5.0.202011040924/tools/bin/../lib/gcc/arm-none-eabi/7.3.1/../../../../arm-none-eabi/lib/thumb/v7e-m/fpv4-sp/hard\libc_nano.a(lib_a-impure.o)
                0x0000000008007834                _global_impure_ptr
 .rodata.__sf_fake_stderr
                0x0000000008007838       0x20 c:/st/stm32cubeide_1.5.1/stm32cubeide/plugins/com.st.stm32cube.ide.mcu.externaltools.gnu-tools-for-stm32.7-2018-q2-update.win32_1.5.0.202011040924/tools/bin/../lib/gcc/arm-none-eabi/7.3.1/../../../../arm-none-eabi/lib/thumb/v7e-m/fpv4-sp/hard\libc_nano.a(lib_a-findfp.o)
                0x0000000008007838                __sf_fake_stderr
 .rodata.__sf_fake_stdin
                0x0000000008007858       0x20 c:/st/stm32cubeide_1.5.1/stm32cubeide/plugins/com.st.stm32cube.ide.mcu.externaltools.gnu-tools-for-stm32.7-2018-q2-update.win32_1.5.0.202011040924/tools/bin/../lib/gcc/arm-none-eabi/7.3.1/../../../../arm-none-eabi/lib/thumb/v7e-m/fpv4-sp/hard\libc_nano.a(lib_a-findfp.o)
                0x0000000008007858                __sf_fake_stdin
 .rodata.__sf_fake_stdout
                0x0000000008007878       0x20 c:/st/stm32cubeide_1.5.1/stm32cubeide/plugins/com.st.stm32cube.ide.mcu.externaltools.gnu-tools-for-stm32.7-2018-q2-update.win32_1.5.0.202011040924/tools/bin/../lib/gcc/arm-none-eabi/7.3.1/../../../../arm-none-eabi/lib/thumb/v7e-m/fpv4-sp/hard\libc_nano.a(lib_a-findfp.o)
                0x0000000008007878                __sf_fake_stdout
 .rodata._vfprintf_r.str1.1
                0x0000000008007898       0x11 c:/st/stm32cubeide_1.5.1/stm32cubeide/plugins/com.st.stm32cube.ide.mcu.externaltools.gnu-tools-for-stm32.7-2018-q2-update.win32_1.5.0.202011040924/tools/bin/../lib/gcc/arm-none-eabi/7.3.1/../../../../arm-none-eabi/lib/thumb/v7e-m/fpv4-sp/hard\libc_nano.a(lib_a-nano-vfprintf.o)
 .rodata._printf_i.str1.1
                0x00000000080078a9       0x22 c:/st/stm32cubeide_1.5.1/stm32cubeide/plugins/com.st.stm32cube.ide.mcu.externaltools.gnu-tools-for-stm32.7-2018-q2-update.win32_1.5.0.202011040924/tools/bin/../lib/gcc/arm-none-eabi/7.3.1/../../../../arm-none-eabi/lib/thumb/v7e-m/fpv4-sp/hard\libc_nano.a(lib_a-nano-vfprintf_i.o)
                0x00000000080078cc                . = ALIGN (0x4)
 *fill*         0x00000000080078cb        0x1 

.ARM.extab      0x00000000080078cc        0x0
                0x00000000080078cc                . = ALIGN (0x4)
 *(.ARM.extab* .gnu.linkonce.armextab.*)
                0x00000000080078cc                . = ALIGN (0x4)

.ARM            0x00000000080078cc        0x8
                0x00000000080078cc                . = ALIGN (0x4)
                0x00000000080078cc                __exidx_start = .
 *(.ARM.exidx*)
 .ARM.exidx     0x00000000080078cc        0x8 c:/st/stm32cubeide_1.5.1/stm32cubeide/plugins/com.st.stm32cube.ide.mcu.externaltools.gnu-tools-for-stm32.7-2018-q2-update.win32_1.5.0.202011040924/tools/bin/../lib/gcc/arm-none-eabi/7.3.1/thumb/v7e-m/fpv4-sp/hard\libgcc.a(_udivmoddi4.o)
                0x00000000080078d4                __exidx_end = .
                0x00000000080078d4                . = ALIGN (0x4)

.rel.dyn        0x00000000080078d4        0x0
 .rel.iplt      0x00000000080078d4        0x0 c:/st/stm32cubeide_1.5.1/stm32cubeide/plugins/com.st.stm32cube.ide.mcu.externaltools.gnu-tools-for-stm32.7-2018-q2-update.win32_1.5.0.202011040924/tools/bin/../lib/gcc/arm-none-eabi/7.3.1/thumb/v7e-m/fpv4-sp/hard/crtbegin.o

.preinit_array  0x00000000080078d4        0x0
                0x00000000080078d4                . = ALIGN (0x4)
                0x00000000080078d4                PROVIDE (__preinit_array_start = .)
 *(.preinit_array*)
                0x00000000080078d4                PROVIDE (__preinit_array_end = .)
                0x00000000080078d4                . = ALIGN (0x4)

.init_array     0x00000000080078d4        0x4
                0x00000000080078d4                . = ALIGN (0x4)
                0x00000000080078d4                PROVIDE (__init_array_start = .)
 *(SORT_BY_NAME(.init_array.*))
 *(.init_array*)
 .init_array    0x00000000080078d4        0x4 c:/st/stm32cubeide_1.5.1/stm32cubeide/plugins/com.st.stm32cube.ide.mcu.externaltools.gnu-tools-for-stm32.7-2018-q2-update.win32_1.5.0.202011040924/tools/bin/../lib/gcc/arm-none-eabi/7.3.1/thumb/v7e-m/fpv4-sp/hard/crtbegin.o
                0x00000000080078d8                PROVIDE (__init_array_end = .)
                0x00000000080078d8                . = ALIGN (0x4)

.fini_array     0x00000000080078d8        0x4
                0x00000000080078d8                . = ALIGN (0x4)
                [!provide]                        PROVIDE (__fini_array_start = .)
 *(SORT_BY_NAME(.fini_array.*))
 *(.fini_array*)
 .fini_array    0x00000000080078d8        0x4 c:/st/stm32cubeide_1.5.1/stm32cubeide/plugins/com.st.stm32cube.ide.mcu.externaltools.gnu-tools-for-stm32.7-2018-q2-update.win32_1.5.0.202011040924/tools/bin/../lib/gcc/arm-none-eabi/7.3.1/thumb/v7e-m/fpv4-sp/hard/crtbegin.o
                [!provide]                        PROVIDE (__fini_array_end = .)