analog.c:15:6:analog_array_print	80	static
analog.c:22:6:analog_rate_array_print	104	static
analog.c:43:6:analog_d_print	8	static
analog.c:52:6:analog_print_analogmode	8	static
analog.c:76:6:analog_print	8	static
analog.c:84:6:analog_print_max	8	static
analog.c:92:6:analog_print_min	8	static
analog.c:100:6:analog_set_on_flash	32	static
analog.c:116:6:analog_set_from_flash	32	static
analog.c:134:6:analog_set_calibrationsize	16	static
analog.c:139:9:analog_read_calibrationsize	4	static
analog.c:144:6:analog_set_analogmode	16	static
analog.c:149:12:analog_read_analogmode	4	static
analog.c:154:6:analog_calibration_start	16	static
analog.c:167:6:analog_calibration_stop	8	static
analog.c:180:6:analog_init	8	static
analog.c:189:6:analog_start	8	static
analog.c:197:6:analog_stop	8	static
analog.c:202:6:analog_sensor_start	8	static
analog.c:214:6:analog_sensor_stop	8	static
analog.c:219:10:analog_sensor_get	16	static
analog.c:228:6:HAL_ADC_ConvCpltCallback	16	static
analog.c:235:6:analog_get_and_sort	16	static
