analog.c:15:6:analog_array_print	80	static
analog.c:22:6:analog_rate_array_print	104	static
analog.c:43:6:analog_d_print	8	static
analog.c:49:6:analog_print_analogmode	8	static
analog.c:73:6:analog_print	8	static
analog.c:81:6:analog_print_max	8	static
analog.c:89:6:analog_print_min	8	static
analog.c:97:6:analog_set_on_flash	32	static
analog.c:113:6:analog_set_from_flash	32	static
analog.c:125:6:analog_set_calibrationsize	16	static
analog.c:130:9:analog_read_calibrationsize	4	static
analog.c:135:6:analog_set_analogmode	16	static
analog.c:140:12:analog_read_analogmode	4	static
analog.c:145:6:analog_calibration_start	16	static
analog.c:158:6:analog_calibration_stop	8	static
analog.c:171:6:analog_init	8	static
analog.c:180:6:analog_start	8	static
analog.c:186:6:analog_stop	8	static
analog.c:191:6:analog_sensor_start	8	static
analog.c:201:6:analog_sensor_stop	8	static
analog.c:206:10:analog_sensor_get	24	static
analog.c:215:6:HAL_ADC_ConvCpltCallback	16	static
analog.c:222:6:analog_get_and_sort	16	static
