analog.c:15:6:analog_array_print	80	static
analog.c:22:6:analog_print_analogmode	8	static
analog.c:40:6:analog_print	8	static
analog.c:48:6:analog_print_max	8	static
analog.c:56:6:analog_print_min	8	static
analog.c:64:6:analog_set_on_flash	32	static
analog.c:80:6:analog_set_from_flash	32	static
analog.c:92:6:analog_set_calibrationsize	16	static
analog.c:97:9:analog_read_calibrationsize	4	static
analog.c:102:6:analog_set_analogmode	16	static
analog.c:107:12:analog_read_analogmode	4	static
analog.c:112:6:analog_calibration_start	16	static
analog.c:125:6:analog_calibration_stop	8	static
analog.c:138:6:analog_init	8	static
analog.c:147:6:analog_start	8	static
analog.c:153:6:analog_stop	8	static
analog.c:158:6:analog_sensor_start	8	static
analog.c:169:6:analog_sensor_stop	8	static
analog.c:174:10:analog_sensor_get	24	static
analog.c:183:6:HAL_ADC_ConvCpltCallback	16	static
analog.c:190:6:analog_get_and_sort	16	static
