../Core/Src/analog.c:16:6:analog_array_print	80	static
../Core/Src/analog.c:23:6:analog_rate_array_print	104	static
../Core/Src/analog.c:44:6:analog_d_print	8	static
../Core/Src/analog.c:53:6:analog_print_analogmode	8	static
../Core/Src/analog.c:77:6:analog_print	8	static
../Core/Src/analog.c:87:6:analog_print_max	8	static
../Core/Src/analog.c:95:6:analog_print_min	8	static
../Core/Src/analog.c:103:6:analog_set_on_flash	32	static
../Core/Src/analog.c:125:6:analog_set_from_flash	32	static
../Core/Src/analog.c:143:6:analog_set_calibrationsize	16	static
../Core/Src/analog.c:148:9:analog_read_calibrationsize	4	static
../Core/Src/analog.c:153:6:analog_set_analogmode	16	static
../Core/Src/analog.c:158:12:analog_read_analogmode	4	static
../Core/Src/analog.c:163:6:analog_calibration_start	16	static
../Core/Src/analog.c:176:6:analog_calibration_stop	8	static
../Core/Src/analog.c:189:6:analog_init	8	static
../Core/Src/analog.c:198:6:analog_start	8	static
../Core/Src/analog.c:206:6:analog_stop	8	static
../Core/Src/analog.c:211:6:analog_sensor_start	8	static
../Core/Src/analog.c:223:6:analog_sensor_stop	8	static
../Core/Src/analog.c:228:10:analog_sensor_get	32	static
../Core/Src/analog.c:243:6:HAL_ADC_ConvCpltCallback	16	static
../Core/Src/analog.c:250:6:analog_get_and_sort	16	static
