../Core/Src/angletrace.c:10:6:angletrace_init	16	static
../Core/Src/angletrace.c:15:6:angletrace_start	24	static
../Core/Src/angletrace.c:34:6:angletrace_stop	8	static
../Core/Src/angletrace.c:41:7:angletrace_read_target	4	static
../Core/Src/angletrace.c:46:7:angletrace_read_gain_kp	4	static
../Core/Src/angletrace.c:51:7:angletrace_read_gain_ki	4	static
../Core/Src/angletrace.c:56:7:angletrace_read_gain_kd	4	static
../Core/Src/angletrace.c:62:6:angletrace_set_target_index	16	static
../Core/Src/angletrace.c:67:6:angletrace_set_target_direct	16	static
../Core/Src/angletrace.c:73:6:angletrace_set_gain_kp_index	16	static
../Core/Src/angletrace.c:78:6:angletrace_set_gain_ki_index	16	static
../Core/Src/angletrace.c:83:6:angletrace_set_gain_kd_index	16	static
../Core/Src/angletrace.c:88:6:angletrace_set_gain_kp_direct	16	static
../Core/Src/angletrace.c:93:6:angletrace_set_gain_ki_direct	16	static
../Core/Src/angletrace.c:98:6:angletrace_set_gain_kd_direct	16	static
../Core/Src/angletrace.c:103:6:angletrace_set_gain_direct	24	static
../Core/Src/angletrace.c:111:6:angletrace_set_target_zero	8	static
../Core/Src/angletrace.c:116:6:angletrace_set_gain_zero	8	static
../Core/Src/angletrace.c:124:7:angletrace_calc_target	16	static
../Core/Src/angletrace.c:129:7:angletrace_calc_gain_kp	16	static
../Core/Src/angletrace.c:134:7:angletrace_calc_gain_ki	16	static
../Core/Src/angletrace.c:139:7:angletrace_calc_gain_kd	16	static
../Core/Src/angletrace.c:145:6:angletrace_set_values	16	static
../Core/Src/angletrace.c:153:6:angletrace_read_values	4	static
../Core/Src/angletrace.c:158:7:angletrace_solve	40	static
../Core/Src/angletrace.c:182:6:angletrace_d_print	4	static
../Core/Src/angletrace.c:190:6:angletrace_gain_tuning	4	static
