course.c:12:6:course_init	16	static
course.c:19:6:course_start	8	static
course.c:40:6:course_stop	8	static
course.c:57:6:course_update_section_degree	24	static
course.c:69:6:course_set_update_section_freq_ms	16	static
course.c:74:7:course_read_section_degree	4	static
course.c:79:6:course_reset_section_degree	4	static
course.c:85:6:course_reset	8	static
course.c:91:7:course_read_curvature_radius	4	static
course.c:96:10:course_read_state_count	4	static
course.c:101:10:course_read_sampling_count	4	static
course.c:106:6:course_increment_state_count	4	static
course.c:123:6:course_calclate_radius	24	static
course.c:158:6:course_state_function	24	static
course.c:186:6:course_d_print	8	static
course.c:194:7:course_radius2speed	24	static
course.c:210:6:course_fixing_radius2speed	48072	static
course.c:305:6:course_print_flash	48	static
course.c:352:6:course_reset_flash	16	static
course.c:365:7:accel_max_calc	16	static
course.c:370:6:course_data_saving	16	static
