course.c:15:6:course_init	16	static
course.c:22:6:course_start	8	static
course.c:29:6:course_stop	8	static
course.c:46:6:course_update_section_degree	16	static
course.c:57:6:course_set_update_section_freq_ms	16	static
course.c:62:8:course_read_section_degree	4	static
course.c:67:6:course_reset_section_degree	4	static
course.c:72:8:course_read_curvature_radius	4	static
course.c:77:10:course_read_state_count	4	static
course.c:82:6:course_increment_state_count	4	static
course.c:95:8:course_calclate_radius	40	static
course.c:134:6:course_state_function	16	static
course.c:156:6:course_d_print	48	static
