course.c:16:6:course_init	16	static
course.c:23:6:course_start	8	static
course.c:30:6:course_stop	8	static
course.c:47:6:course_update_section_degree	16	static
course.c:58:6:course_set_update_section_freq_ms	16	static
course.c:63:8:course_read_section_degree	4	static
course.c:68:6:course_reset_section_degree	4	static
course.c:73:6:course_reset	8	static
course.c:79:8:course_read_curvature_radius	4	static
course.c:84:10:course_read_state_count	4	static
course.c:89:6:course_increment_state_count	4	static
course.c:106:6:course_calclate_radius	40	static
course.c:142:6:course_state_function	16	static
course.c:166:6:course_d_print	40	static
