course.c:10:6:course_init	16	static
course.c:17:6:course_start	8	static
course.c:26:6:course_stop	8	static
course.c:43:6:course_update_section_degree	24	static
course.c:54:6:course_set_update_section_freq_ms	16	static
course.c:59:7:course_read_section_degree	4	static
course.c:64:6:course_reset_section_degree	4	static
course.c:69:6:course_reset	8	static
course.c:75:7:course_read_curvature_radius	4	static
course.c:80:10:course_read_state_count	4	static
course.c:85:6:course_increment_state_count	4	static
course.c:102:6:course_calclate_radius	24	static
course.c:137:6:course_state_function	24	static
course.c:158:6:course_d_print	32	static
course.c:171:7:course_radius2speed	24	static
course.c:187:6:course_print_flash	32	static
course.c:222:6:course_reset_flash	16	static
