course.c:9:6:course_init	16	static
course.c:16:6:course_start	8	static
course.c:24:6:course_stop	8	static
course.c:41:6:course_update_section_degree	24	static
course.c:52:6:course_set_update_section_freq_ms	16	static
course.c:57:7:course_read_section_degree	4	static
course.c:62:6:course_reset_section_degree	4	static
course.c:67:6:course_reset	8	static
course.c:73:7:course_read_curvature_radius	4	static
course.c:78:10:course_read_state_count	4	static
course.c:83:6:course_increment_state_count	4	static
course.c:100:6:course_calclate_radius	24	static
course.c:135:6:course_state_function	24	static
course.c:156:6:course_d_print	8	static
course.c:166:10:course_radius2speed	24	static
course.c:185:6:course_print_flash	32	static
course.c:220:6:course_reset_flash	16	static
