course.c:12:6:course_init	16	static
course.c:19:6:course_start	8	static
course.c:31:6:course_stop	8	static
course.c:49:6:course_update_section_degree	24	static
course.c:61:6:course_set_update_section_freq_ms	16	static
course.c:66:7:course_read_section_degree	4	static
course.c:71:6:course_reset_section_degree	4	static
course.c:77:6:course_reset	8	static
course.c:83:7:course_read_curvature_radius	4	static
course.c:88:10:course_read_state_count	4	static
course.c:93:10:course_read_sampling_count	4	static
course.c:98:6:course_increment_state_count	4	static
course.c:115:6:course_calclate_radius	24	static
course.c:150:6:course_state_function	32	static
course.c:177:6:course_d_print	8	static
course.c:191:7:course_radius2speed	24	static
course.c:207:6:course_fixing_radius2speed	48064	static
course.c:270:6:course_print_flash	32	static
course.c:306:6:course_reset_flash	16	static
