course.c:13:6:course_init	16	static
course.c:20:6:course_start	8	static
course.c:43:6:course_stop	8	static
course.c:66:6:course_update_section_degree	24	static
course.c:78:6:course_set_update_section_freq_ms	16	static
course.c:83:7:course_read_section_degree	4	static
course.c:88:6:course_reset_section_degree	4	static
course.c:94:6:course_reset	8	static
course.c:100:7:course_read_curvature_radius	4	static
course.c:105:10:course_read_state_count	4	static
course.c:110:10:course_read_sampling_count	4	static
course.c:115:6:course_increment_state_count	4	static
course.c:132:6:course_calclate_radius	32	static
course.c:173:6:course_state_function	24	static
course.c:200:6:course_d_print	8	static
course.c:208:7:course_radius2speed	24	static
course.c:224:6:course_fixing_radius2speed	1680	static
course.c:319:6:course_print_flash	48	static
course.c:366:6:course_reset_flash	16	static
course.c:379:7:accel_max_calc	16	static
course.c:384:6:course_data_saving	24	static
course.c:392:6:course_imu_data_saving	24	static
