course.c:15:6:course_init	4	static
course.c:21:6:course_start	4	static
course.c:26:6:course_end	8	static
course.c:39:6:course_update_section_degree	16	static
course.c:48:8:course_read_section_degree	4	static
course.c:53:6:course_reset_section_degree	4	static
course.c:58:8:course_read_length	4	static
course.c:63:8:course_read_curvature_radius	4	static
course.c:68:8:course_add_length	16	static
course.c:74:10:course_read_state_count	4	static
course.c:79:6:course_increment_state_count	4	static
course.c:92:8:course_calclate_radius	40	static
course.c:131:6:course_state_function	16	static
course.c:154:6:course_d_print	40	static
