course.c:10:6:course_init	16	static
course.c:17:6:course_start	8	static
course.c:29:6:course_stop	8	static
course.c:46:6:course_update_section_degree	24	static
course.c:57:6:course_set_update_section_freq_ms	16	static
course.c:62:7:course_read_section_degree	4	static
course.c:67:6:course_reset_section_degree	4	static
course.c:72:6:course_reset	8	static
course.c:78:7:course_read_curvature_radius	4	static
course.c:83:10:course_read_state_count	4	static
course.c:88:6:course_increment_state_count	4	static
course.c:105:6:course_calclate_radius	24	static
course.c:140:6:course_state_function	32	static
course.c:166:6:course_d_print	8	static
course.c:180:7:course_radius2speed	24	static
course.c:196:6:course_print_flash	32	static
course.c:231:6:course_reset_flash	16	static
