../Core/Src/course.c:12:6:course_init	16	static
../Core/Src/course.c:19:6:course_start	8	static
../Core/Src/course.c:38:6:course_stop	8	static
../Core/Src/course.c:55:6:course_update_section_degree	24	static
../Core/Src/course.c:67:6:course_set_update_section_freq_ms	16	static
../Core/Src/course.c:72:7:course_read_section_degree	4	static
../Core/Src/course.c:77:6:course_reset_section_degree	4	static
../Core/Src/course.c:83:6:course_reset	8	static
../Core/Src/course.c:89:7:course_read_curvature_radius	4	static
../Core/Src/course.c:94:10:course_read_state_count	4	static
../Core/Src/course.c:99:10:course_read_sampling_count	4	static
../Core/Src/course.c:104:6:course_increment_state_count	4	static
../Core/Src/course.c:121:6:course_calclate_radius	24	static
../Core/Src/course.c:156:6:course_state_function	24	static
../Core/Src/course.c:182:6:course_d_print	8	static
../Core/Src/course.c:190:7:course_radius2speed	24	static
../Core/Src/course.c:206:6:course_fixing_radius2speed	48072	static
../Core/Src/course.c:301:6:course_print_flash	32	static
../Core/Src/course.c:340:6:course_reset_flash	16	static
../Core/Src/course.c:351:7:accel_max_calc	16	static
