defs.c:3:9:rotary_read	16	static
defs.c:13:6:led_rgb	16	static
defs.c:18:6:set_led	16	static
defs.c:30:6:playmode_print	4	static
defs.c:59:6:d_print	8	static
defs.c:201:8:low_pass_filter	40	static
defs.c:206:6:HAL_ADC_ConvCpltCallback	32	static
defs.c:269:8:sigmoid	40	static
defs.c:275:6:eraseFlash	32	static
defs.c:286:6:writeFlash	32	static
defs.c:302:6:loadFlash	24	static
defs.c:308:6:sidesens_function	16	static
defs.c:384:6:encoder_set_function	8	static
defs.c:398:6:slow_start_function	8	static
defs.c:418:6:velocity_control_function	16	static
defs.c:434:6:velocity_control_switch_function	8	static
defs.c:458:6:course_state_function	16	static
defs.c:512:6:radius_calc	4	static
defs.c:547:6:led_brink	16	static
defs.c:568:6:pid_gain_initialize	16	static
defs.c:617:6:pid_initialize	8	static
