encoder.c:8:6:encoder_init	8	static
encoder.c:16:8:encoder_LENGTHPERPULSE	4	static
encoder.c:21:8:encoder_length	8	static
encoder.c:26:8:encoder_length_left	8	static
encoder.c:31:8:encoder_length_right	8	static
encoder.c:36:6:encoder_finalize	8	static
encoder.c:42:6:encoder_set_middle	4	static
encoder.c:48:6:encoder_start	8	static
encoder.c:61:6:encoder_stop	8	static
encoder.c:67:8:encoder_read	4	static
encoder.c:72:8:encoder_read_left	4	static
encoder.c:77:8:encoder_read_right	4	static
encoder.c:83:6:encoder_set	8	static
encoder.c:92:6:encoder_d_print	40	static
