../Core/Src/encoder.c:8:7:encoder_length	4	static
../Core/Src/encoder.c:18:7:encoder_length_left	4	static
../Core/Src/encoder.c:27:7:encoder_length_right	4	static
../Core/Src/encoder.c:36:6:encoder_d_print	4	static
../Core/Src/encoder.c:44:6:encoder_set	8	static
../Core/Src/encoder.c:59:6:encoder_init	4	static
../Core/Src/encoder.c:66:6:encoder_fin	8	static
../Core/Src/encoder.c:71:6:encoder_start	8	static
../Core/Src/encoder.c:84:6:encoder_stop	8	static
../Core/Src/encoder.c:91:6:encoder_set_middle	4	static
