../Core/Src/explore.c:15:6:explore_init	16	static
../Core/Src/explore.c:22:6:explore_start	16	static
../Core/Src/explore.c:33:6:explore_main	8	static
../Core/Src/explore.c:41:6:explore_stop	8	static
../Core/Src/explore.c:48:6:explore_fin	8	static
../Core/Src/explore.c:53:6:logging_clear	8	static
../Core/Src/explore.c:59:6:explore_logging	24	static
../Core/Src/explore.c:93:6:logging_save	8	static
../Core/Src/explore.c:99:6:explore_opening	8	static
../Core/Src/explore.c:107:6:explore_ending	8	static
../Core/Src/explore.c:115:6:explore_d_print	8	static
