main.c:88:6:HAL_TIM_PeriodElapsedCallback	16	static
main.c:124:5:main	8	static
main.c:401:6:SystemClock_Config	88	static
main.c:445:13:MX_ADC1_Init	24	static
main.c:615:13:MX_I2C1_Init	8	static
main.c:649:13:MX_SPI2_Init	8	static
main.c:687:13:MX_TIM1_Init	56	static
main.c:737:13:MX_TIM3_Init	56	static
main.c:786:13:MX_TIM4_Init	48	static
main.c:839:13:MX_TIM6_Init	16	static
main.c:877:13:MX_TIM7_Init	16	static
main.c:915:13:MX_TIM10_Init	8	static
main.c:946:13:MX_TIM11_Init	8	static
main.c:977:13:MX_TIM14_Init	8	static
main.c:1008:13:MX_USART6_UART_Init	8	static
main.c:1039:13:MX_DMA_Init	16	static
main.c:1057:13:MX_GPIO_Init	48	static
main.c:1139:6:main_init	8	static
main.c:1154:6:running_start	8	static
main.c:1172:6:main_print_while	8	static
main.c:1182:6:main_d_print	8	static
main.c:1198:6:running_stop	8	static
main.c:1214:6:Error_Handler	4	static,ignoring_inline_asm
