main.c:90:6:HAL_TIM_PeriodElapsedCallback	80	static
main.c:370:5:main	32	static
main.c:826:6:SystemClock_Config	88	static
main.c:870:13:MX_ADC1_Init	24	static
main.c:1040:13:MX_I2C1_Init	8	static
main.c:1074:13:MX_SPI2_Init	8	static
main.c:1112:13:MX_TIM1_Init	56	static
main.c:1162:13:MX_TIM2_Init	48	static
main.c:1211:13:MX_TIM3_Init	56	static
main.c:1260:13:MX_TIM4_Init	48	static
main.c:1313:13:MX_TIM6_Init	16	static
main.c:1351:13:MX_TIM10_Init	8	static
main.c:1382:13:MX_TIM11_Init	8	static
main.c:1413:13:MX_TIM14_Init	8	static
main.c:1444:13:MX_USART6_UART_Init	8	static
main.c:1475:13:MX_DMA_Init	16	static
main.c:1493:13:MX_GPIO_Init	48	static
main.c:1568:9:read_sidesens	16	static
main.c:1578:6:sensor_initialize	8	static
main.c:1587:6:sensor_finalize	8	static
main.c:1591:6:running_initialize	24	static
main.c:1660:6:running_finalize	8	static
main.c:1680:6:encoder_initialize	24	static
main.c:1707:6:encoder_finalize	8	static
main.c:1712:1:__io_putchar	16	static
main.c:1722:6:Error_Handler	4	static,ignoring_inline_asm
