section_length.c:11:6:section_length_set_sampling_time_ms	16	static
section_length.c:16:6:section_length_init	16	static
section_length.c:21:6:section_length_start	8	static
section_length.c:28:6:section_length_stop	8	static
section_length.c:33:6:section_length_fin	8	static
section_length.c:38:6:section_length_reset	4	static
section_length.c:44:6:section_length_buffer_reset	4	static
section_length.c:51:7:section_length_read	16	static
section_length.c:56:7:section_length_read_left	4	static
section_length.c:61:7:section_length_read_right	4	static
section_length.c:84:6:section_length_set_buffer	8	static
section_length.c:90:6:section_length_update	8	static
section_length.c:97:6:section_length_d_print	4	static
