tim10.c:7:8:tim10_read_length_left	4	static
tim10.c:12:8:tim10_read_length_right	4	static
tim10.c:17:8:tim10_read_length	4	static
tim10.c:22:8:tim10_read_velocity_left	4	static
tim10.c:27:8:tim10_read_velocity_right	4	static
tim10.c:32:8:tim10_read_velocity	4	static
tim10.c:38:6:tim10_init	8	static
tim10.c:46:6:tim10_start	8	static
tim10.c:57:6:tim10_stop	8	static
tim10.c:64:6:tim10_main	32	static
tim10.c:97:6:tim10_d_print	40	static
tim10.c:111:6:tim10_length_set_zero	4	static
tim10.c:118:6:tim10_velocity_set_zero	4	static
