tim10.c:9:8:tim10_read_length_left	4	static
tim10.c:14:8:tim10_read_length_right	4	static
tim10.c:19:8:tim10_read_length	4	static
tim10.c:24:8:tim10_read_velocity_left	4	static
tim10.c:29:8:tim10_read_velocity_right	4	static
tim10.c:34:8:tim10_read_velocity	4	static
tim10.c:40:6:tim10_init	8	static
tim10.c:49:6:tim10_start	8	static
tim10.c:63:6:tim10_stop	8	static
tim10.c:70:6:tim10_main	32	static
tim10.c:142:6:tim10_d_print	4	static
tim10.c:156:6:tim10_length_set_zero	4	static
tim10.c:163:6:tim10_velocity_set_zero	4	static
tim10.c:170:8:tim10_read_left	4	static
tim10.c:175:8:tim10_read_right	4	static
