tim7.c:10:6:tim7_init	8	static
tim7.c:21:6:tim7_start	8	static
tim7.c:48:6:tim7_stop	8	static
tim7.c:59:6:tim7_main	16	static
tim7.c:81:5:tim7_read_direction	32	static
tim7.c:170:6:tim7_main_emergency	8	static
tim7.c:175:6:tim7_set_emergency	16	static
tim7.c:180:6:tim7_read_emergency	4	static
tim7.c:185:7:tim7_read_left	4	static
tim7.c:193:7:tim7_read_right	4	static
tim7.c:201:6:tim7_d_print	8	static
tim7.c:210:6:tim7_tracer_set_gain_short	8	static
tim7.c:215:6:tim7_tracer_set_gain_long	24	static
