tim7.c:10:6:tim7_init	8	static
tim7.c:21:6:tim7_start	8	static
tim7.c:38:6:tim7_stop	8	static
tim7.c:49:6:tim7_main	16	static
tim7.c:71:5:tim7_read_direction	32	static
tim7.c:160:6:tim7_main_emergency	8	static
tim7.c:165:6:tim7_set_emergency	16	static
tim7.c:170:6:tim7_read_emergency	4	static
tim7.c:175:7:tim7_read_left	4	static
tim7.c:183:7:tim7_read_right	4	static
tim7.c:191:6:tim7_d_print	8	static
tim7.c:200:6:tim7_tracer_set_gain_short	8	static
tim7.c:205:6:tim7_tracer_set_gain_long	24	static
