tracer.c:9:6:tracer_init	16	static
tracer.c:15:6:tracer_start	24	static
tracer.c:31:6:tracer_stop	8	static
tracer.c:38:7:tracer_read_gain_kp	4	static
tracer.c:43:7:tracer_read_gain_ki	4	static
tracer.c:48:7:tracer_read_gain_kd	4	static
tracer.c:54:6:tracer_set_gain_kp_index	16	static
tracer.c:59:6:tracer_set_gain_ki_index	16	static
tracer.c:64:6:tracer_set_gain_kd_index	16	static
tracer.c:69:6:tracer_set_gain_kp_direct	16	static
tracer.c:74:6:tracer_set_gain_ki_direct	16	static
tracer.c:79:6:tracer_set_gain_kd_direct	16	static
tracer.c:84:6:tracer_set_gain_direct	24	static
tracer.c:92:6:tracer_set_target_zero	4	static
tracer.c:97:6:tracer_set_gain_zero	4	static
tracer.c:105:7:tracer_calc_gain_kp	16	static
tracer.c:110:7:tracer_calc_gain_ki	16	static
tracer.c:115:7:tracer_calc_gain_kd	16	static
tracer.c:121:6:tracer_set_values	16	static
tracer.c:129:6:tracer_read_values	4	static
tracer.c:134:7:tracer_solve	32	static
tracer.c:162:6:tracer_print_values	4	static
tracer.c:168:6:tracer_gain_tuning	4	static
