tracer.c:9:6:tracer_init	16	static
tracer.c:15:6:tracer_start	56	static
tracer.c:35:6:tracer_stop	8	static
tracer.c:42:7:tracer_read_gain_kp	4	static
tracer.c:47:7:tracer_read_gain_ki	4	static
tracer.c:52:7:tracer_read_gain_kd	4	static
tracer.c:58:6:tracer_set_gain_kp_index	16	static
tracer.c:63:6:tracer_set_gain_ki_index	16	static
tracer.c:68:6:tracer_set_gain_kd_index	16	static
tracer.c:73:6:tracer_set_gain_kp_direct	16	static
tracer.c:78:6:tracer_set_gain_ki_direct	16	static
tracer.c:83:6:tracer_set_gain_kd_direct	16	static
tracer.c:88:6:tracer_set_gain_direct	24	static
tracer.c:96:6:tracer_set_target_zero	4	static
tracer.c:101:6:tracer_set_gain_zero	4	static
tracer.c:109:7:tracer_calc_gain_kp	16	static
tracer.c:114:7:tracer_calc_gain_ki	16	static
tracer.c:119:7:tracer_calc_gain_kd	16	static
tracer.c:125:6:tracer_set_values	16	static
tracer.c:133:6:tracer_read_values	4	static
tracer.c:138:7:tracer_solve	32	static
tracer.c:166:6:tracer_print_values	40	static
tracer.c:173:6:tracer_gain_tuning	4	static
