../Core/Src/velotrace.c:11:6:velotrace_init	16	static
../Core/Src/velotrace.c:17:6:velotrace_start	24	static
../Core/Src/velotrace.c:69:6:velotrace_stop	8	static
../Core/Src/velotrace.c:77:7:velotrace_read_target	4	static
../Core/Src/velotrace.c:82:7:velotrace_read_gain_kp	4	static
../Core/Src/velotrace.c:87:7:velotrace_read_gain_ki	4	static
../Core/Src/velotrace.c:92:7:velotrace_read_gain_kd	4	static
../Core/Src/velotrace.c:98:6:velotrace_set_target_index	16	static
../Core/Src/velotrace.c:103:6:velotrace_set_target_direct	16	static
../Core/Src/velotrace.c:109:6:velotrace_set_gain_kp_index	16	static
../Core/Src/velotrace.c:114:6:velotrace_set_gain_ki_index	16	static
../Core/Src/velotrace.c:119:6:velotrace_set_gain_kd_index	16	static
../Core/Src/velotrace.c:124:6:velotrace_set_gain_kp_direct	16	static
../Core/Src/velotrace.c:129:6:velotrace_set_gain_ki_direct	16	static
../Core/Src/velotrace.c:134:6:velotrace_set_gain_kd_direct	16	static
../Core/Src/velotrace.c:139:6:velotrace_set_gain_direct	24	static
../Core/Src/velotrace.c:147:6:velotrace_set_target_zero	8	static
../Core/Src/velotrace.c:152:6:velotrace_set_gain_zero	8	static
../Core/Src/velotrace.c:160:7:velotrace_calc_target	16	static
../Core/Src/velotrace.c:165:7:velotrace_calc_gain_kp	16	static
../Core/Src/velotrace.c:170:7:velotrace_calc_gain_ki	16	static
../Core/Src/velotrace.c:175:7:velotrace_calc_gain_kd	16	static
../Core/Src/velotrace.c:181:6:velotrace_set_values	16	static
../Core/Src/velotrace.c:189:6:velotrace_read_values	4	static
../Core/Src/velotrace.c:194:7:velotrace_solve	32	static
../Core/Src/velotrace.c:218:6:velotrace_print_values	4	static
../Core/Src/velotrace.c:226:6:velotrace_gain_tuning	4	static
