velotrace.c:11:6:velotrace_init	16	static
velotrace.c:16:6:velotrace_start	24	static
velotrace.c:52:6:velotrace_stop	8	static
velotrace.c:59:7:velotrace_read_target	4	static
velotrace.c:64:7:velotrace_read_gain_kp	4	static
velotrace.c:69:7:velotrace_read_gain_ki	4	static
velotrace.c:74:7:velotrace_read_gain_kd	4	static
velotrace.c:80:6:velotrace_set_target_index	16	static
velotrace.c:85:6:velotrace_set_target_direct	16	static
velotrace.c:91:6:velotrace_set_gain_kp_index	16	static
velotrace.c:96:6:velotrace_set_gain_ki_index	16	static
velotrace.c:101:6:velotrace_set_gain_kd_index	16	static
velotrace.c:106:6:velotrace_set_gain_kp_direct	16	static
velotrace.c:111:6:velotrace_set_gain_ki_direct	16	static
velotrace.c:116:6:velotrace_set_gain_kd_direct	16	static
velotrace.c:121:6:velotrace_set_gain_direct	24	static
velotrace.c:129:6:velotrace_set_target_zero	8	static
velotrace.c:134:6:velotrace_set_gain_zero	8	static
velotrace.c:142:7:velotrace_calc_target	16	static
velotrace.c:147:7:velotrace_calc_gain_kp	16	static
velotrace.c:152:7:velotrace_calc_gain_ki	16	static
velotrace.c:157:7:velotrace_calc_gain_kd	16	static
velotrace.c:163:6:velotrace_set_values	16	static
velotrace.c:171:6:velotrace_read_values	4	static
velotrace.c:176:7:velotrace_solve	32	static
velotrace.c:200:6:velotrace_print_values	8	static
velotrace.c:209:6:velotrace_gain_tuning	4	static
