velotrace.c:9:6:velotrace_init	16	static
velotrace.c:14:6:velotrace_start	8	static
velotrace.c:41:6:velotrace_stop	8	static
velotrace.c:47:7:velotrace_read_target	4	static
velotrace.c:52:7:velotrace_read_target_index	16	static
velotrace.c:57:7:velotrace_read_gain_kp	16	static
velotrace.c:62:7:velotrace_read_gain_ki	16	static
velotrace.c:67:7:velotrace_read_gain_kd	16	static
velotrace.c:72:6:velotrace_set_gain	16	static
velotrace.c:82:6:velotrace_set_target_direct	16	static
velotrace.c:87:6:velotrace_set_target_index	16	static
velotrace.c:95:6:velotrace_set_values	16	static
velotrace.c:103:6:velotrace_read_values	4	static
velotrace.c:108:6:velotrace_set_gain_zero	4	static
velotrace.c:115:6:velotrace_set_target_index_zero	4	static
velotrace.c:120:7:velotrace_solve	32	static
velotrace.c:144:6:velotrace_print_values	8	static
