velotrace.c:10:6:velotrace_init	16	static
velotrace.c:15:6:velotrace_start	24	static
velotrace.c:50:6:velotrace_stop	8	static
velotrace.c:57:7:velotrace_read_target	4	static
velotrace.c:62:7:velotrace_read_gain_kp	4	static
velotrace.c:67:7:velotrace_read_gain_ki	4	static
velotrace.c:72:7:velotrace_read_gain_kd	4	static
velotrace.c:78:6:velotrace_set_target_index	16	static
velotrace.c:83:6:velotrace_set_target_direct	16	static
velotrace.c:89:6:velotrace_set_gain_kp_index	16	static
velotrace.c:94:6:velotrace_set_gain_ki_index	16	static
velotrace.c:99:6:velotrace_set_gain_kd_index	16	static
velotrace.c:104:6:velotrace_set_gain_kp_direct	16	static
velotrace.c:109:6:velotrace_set_gain_ki_direct	16	static
velotrace.c:114:6:velotrace_set_gain_kd_direct	16	static
velotrace.c:119:6:velotrace_set_gain_direct	24	static
velotrace.c:127:6:velotrace_set_target_zero	8	static
velotrace.c:132:6:velotrace_set_gain_zero	8	static
velotrace.c:140:7:velotrace_calc_target	16	static
velotrace.c:145:7:velotrace_calc_gain_kp	16	static
velotrace.c:150:7:velotrace_calc_gain_ki	16	static
velotrace.c:155:7:velotrace_calc_gain_kd	16	static
velotrace.c:161:6:velotrace_set_values	16	static
velotrace.c:169:6:velotrace_read_values	4	static
velotrace.c:174:7:velotrace_solve	32	static
velotrace.c:198:6:velotrace_print_values	8	static
