velotrace.c:9:6:velotrace_init	16	static
velotrace.c:14:6:velotrace_start	8	static
velotrace.c:41:6:velotrace_stop	8	static
velotrace.c:47:8:velotrace_read_target	16	static
velotrace.c:52:8:velotrace_read_gain_kp	16	static
velotrace.c:57:8:velotrace_read_gain_ki	16	static
velotrace.c:62:8:velotrace_read_gain_kd	16	static
velotrace.c:67:6:velotrace_set_gain	16	static
velotrace.c:77:6:velotrace_set_target	16	static
velotrace.c:85:6:velotrace_set_values	16	static
velotrace.c:93:6:velotrace_read_values	4	static
velotrace.c:98:6:velotrace_set_gain_zero	4	static
velotrace.c:105:6:velotrace_set_target_zero	4	static
velotrace.c:110:8:velotrace_solve	48	static
velotrace.c:134:6:velotrace_print_values	40	static
