../Core/Src/velotrace_right.c:10:6:velotrace_right_init	16	static
../Core/Src/velotrace_right.c:15:6:velotrace_right_start	24	static
../Core/Src/velotrace_right.c:31:6:velotrace_right_stop	8	static
../Core/Src/velotrace_right.c:38:7:velotrace_right_read_target	4	static
../Core/Src/velotrace_right.c:43:7:velotrace_right_read_gain_kp	4	static
../Core/Src/velotrace_right.c:48:7:velotrace_right_read_gain_ki	4	static
../Core/Src/velotrace_right.c:53:7:velotrace_right_read_gain_kd	4	static
../Core/Src/velotrace_right.c:59:6:velotrace_right_set_target_index	16	static
../Core/Src/velotrace_right.c:64:6:velotrace_right_set_target_direct	16	static
../Core/Src/velotrace_right.c:70:6:velotrace_right_set_gain_kp_index	16	static
../Core/Src/velotrace_right.c:75:6:velotrace_right_set_gain_ki_index	16	static
../Core/Src/velotrace_right.c:80:6:velotrace_right_set_gain_kd_index	16	static
../Core/Src/velotrace_right.c:85:6:velotrace_right_set_gain_kp_direct	16	static
../Core/Src/velotrace_right.c:90:6:velotrace_right_set_gain_ki_direct	16	static
../Core/Src/velotrace_right.c:95:6:velotrace_right_set_gain_kd_direct	16	static
../Core/Src/velotrace_right.c:100:6:velotrace_right_set_gain_direct	24	static
../Core/Src/velotrace_right.c:108:6:velotrace_right_set_target_zero	8	static
../Core/Src/velotrace_right.c:113:6:velotrace_right_set_gain_zero	8	static
../Core/Src/velotrace_right.c:121:7:velotrace_right_calc_target	16	static
../Core/Src/velotrace_right.c:126:7:velotrace_right_calc_gain_kp	16	static
../Core/Src/velotrace_right.c:131:7:velotrace_right_calc_gain_ki	16	static
../Core/Src/velotrace_right.c:136:7:velotrace_right_calc_gain_kd	16	static
../Core/Src/velotrace_right.c:142:6:velotrace_right_set_values	16	static
../Core/Src/velotrace_right.c:150:6:velotrace_right_read_values	4	static
../Core/Src/velotrace_right.c:155:7:velotrace_right_solve	40	static
../Core/Src/velotrace_right.c:173:6:velotrace_right_d_print	4	static
../Core/Src/velotrace_right.c:180:6:velotrace_right_gain_tuning	4	static
