../Core/Src/velotrace_left.c:10:6:velotrace_left_init	16	static
../Core/Src/velotrace_left.c:15:6:velotrace_left_start	24	static
../Core/Src/velotrace_left.c:31:6:velotrace_left_stop	8	static
../Core/Src/velotrace_left.c:38:7:velotrace_left_read_target	4	static
../Core/Src/velotrace_left.c:43:7:velotrace_left_read_gain_kp	4	static
../Core/Src/velotrace_left.c:48:7:velotrace_left_read_gain_ki	4	static
../Core/Src/velotrace_left.c:53:7:velotrace_left_read_gain_kd	4	static
../Core/Src/velotrace_left.c:59:6:velotrace_left_set_target_index	16	static
../Core/Src/velotrace_left.c:64:6:velotrace_left_set_target_direct	16	static
../Core/Src/velotrace_left.c:70:6:velotrace_left_set_gain_kp_index	16	static
../Core/Src/velotrace_left.c:75:6:velotrace_left_set_gain_ki_index	16	static
../Core/Src/velotrace_left.c:80:6:velotrace_left_set_gain_kd_index	16	static
../Core/Src/velotrace_left.c:85:6:velotrace_left_set_gain_kp_direct	16	static
../Core/Src/velotrace_left.c:90:6:velotrace_left_set_gain_ki_direct	16	static
../Core/Src/velotrace_left.c:95:6:velotrace_left_set_gain_kd_direct	16	static
../Core/Src/velotrace_left.c:100:6:velotrace_left_set_gain_direct	24	static
../Core/Src/velotrace_left.c:108:6:velotrace_left_set_target_zero	8	static
../Core/Src/velotrace_left.c:113:6:velotrace_left_set_gain_zero	8	static
../Core/Src/velotrace_left.c:121:7:velotrace_left_calc_target	16	static
../Core/Src/velotrace_left.c:126:7:velotrace_left_calc_gain_kp	16	static
../Core/Src/velotrace_left.c:131:7:velotrace_left_calc_gain_ki	16	static
../Core/Src/velotrace_left.c:136:7:velotrace_left_calc_gain_kd	16	static
../Core/Src/velotrace_left.c:142:6:velotrace_left_set_values	16	static
../Core/Src/velotrace_left.c:150:6:velotrace_left_read_values	4	static
../Core/Src/velotrace_left.c:155:7:velotrace_left_solve	40	static
../Core/Src/velotrace_left.c:173:6:velotrace_left_d_print	4	static
../Core/Src/velotrace_left.c:180:6:velotrace_left_gain_tuning	4	static
