velotrace.c:11:6:velotrace_init	16	static
velotrace.c:17:6:velotrace_start	24	static
velotrace.c:57:6:velotrace_stop	8	static
velotrace.c:65:7:velotrace_read_target	4	static
velotrace.c:70:7:velotrace_read_gain_kp	4	static
velotrace.c:75:7:velotrace_read_gain_ki	4	static
velotrace.c:80:7:velotrace_read_gain_kd	4	static
velotrace.c:86:6:velotrace_set_target_index	16	static
velotrace.c:91:6:velotrace_set_target_direct	16	static
velotrace.c:97:6:velotrace_set_gain_kp_index	16	static
velotrace.c:102:6:velotrace_set_gain_ki_index	16	static
velotrace.c:107:6:velotrace_set_gain_kd_index	16	static
velotrace.c:112:6:velotrace_set_gain_kp_direct	16	static
velotrace.c:117:6:velotrace_set_gain_ki_direct	16	static
velotrace.c:122:6:velotrace_set_gain_kd_direct	16	static
velotrace.c:127:6:velotrace_set_gain_direct	24	static
velotrace.c:135:6:velotrace_set_target_zero	8	static
velotrace.c:140:6:velotrace_set_gain_zero	8	static
velotrace.c:148:7:velotrace_calc_target	16	static
velotrace.c:153:7:velotrace_calc_gain_kp	16	static
velotrace.c:158:7:velotrace_calc_gain_ki	16	static
velotrace.c:163:7:velotrace_calc_gain_kd	16	static
velotrace.c:169:6:velotrace_set_values	16	static
velotrace.c:177:6:velotrace_read_values	4	static
velotrace.c:182:7:velotrace_solve	32	static
velotrace.c:206:6:velotrace_print_values	4	static
velotrace.c:215:6:velotrace_gain_tuning	4	static
