Archive member included to satisfy reference by file (symbol)

c:/st/stm32cubeide_1.8.0/stm32cubeide/plugins/com.st.stm32cube.ide.mcu.externaltools.gnu-tools-for-stm32.9-2020-q2-update.win32_2.0.0.202105311346/tools/bin/../lib/gcc/arm-none-eabi/9.3.1/../../../../arm-none-eabi/lib/thumb/v7e-m+fp/hard\libc_nano.a(lib_a-errno.o)
                              ./Core/Src/syscalls.o (__errno)
c:/st/stm32cubeide_1.8.0/stm32cubeide/plugins/com.st.stm32cube.ide.mcu.externaltools.gnu-tools-for-stm32.9-2020-q2-update.win32_2.0.0.202105311346/tools/bin/../lib/gcc/arm-none-eabi/9.3.1/../../../../arm-none-eabi/lib/thumb/v7e-m+fp/hard\libc_nano.a(lib_a-exit.o)
                              c:/st/stm32cubeide_1.8.0/stm32cubeide/plugins/com.st.stm32cube.ide.mcu.externaltools.gnu-tools-for-stm32.9-2020-q2-update.win32_2.0.0.202105311346/tools/bin/../lib/gcc/arm-none-eabi/9.3.1/../../../../arm-none-eabi/lib/thumb/v7e-m+fp/hard/crt0.o (exit)
c:/st/stm32cubeide_1.8.0/stm32cubeide/plugins/com.st.stm32cube.ide.mcu.externaltools.gnu-tools-for-stm32.9-2020-q2-update.win32_2.0.0.202105311346/tools/bin/../lib/gcc/arm-none-eabi/9.3.1/../../../../arm-none-eabi/lib/thumb/v7e-m+fp/hard\libc_nano.a(lib_a-impure.o)
                              c:/st/stm32cubeide_1.8.0/stm32cubeide/plugins/com.st.stm32cube.ide.mcu.externaltools.gnu-tools-for-stm32.9-2020-q2-update.win32_2.0.0.202105311346/tools/bin/../lib/gcc/arm-none-eabi/9.3.1/../../../../arm-none-eabi/lib/thumb/v7e-m+fp/hard\libc_nano.a(lib_a-exit.o) (_global_impure_ptr)
c:/st/stm32cubeide_1.8.0/stm32cubeide/plugins/com.st.stm32cube.ide.mcu.externaltools.gnu-tools-for-stm32.9-2020-q2-update.win32_2.0.0.202105311346/tools/bin/../lib/gcc/arm-none-eabi/9.3.1/../../../../arm-none-eabi/lib/thumb/v7e-m+fp/hard\libc_nano.a(lib_a-init.o)
                              c:/st/stm32cubeide_1.8.0/stm32cubeide/plugins/com.st.stm32cube.ide.mcu.externaltools.gnu-tools-for-stm32.9-2020-q2-update.win32_2.0.0.202105311346/tools/bin/../lib/gcc/arm-none-eabi/9.3.1/../../../../arm-none-eabi/lib/thumb/v7e-m+fp/hard/crt0.o (__libc_init_array)
c:/st/stm32cubeide_1.8.0/stm32cubeide/plugins/com.st.stm32cube.ide.mcu.externaltools.gnu-tools-for-stm32.9-2020-q2-update.win32_2.0.0.202105311346/tools/bin/../lib/gcc/arm-none-eabi/9.3.1/../../../../arm-none-eabi/lib/thumb/v7e-m+fp/hard\libc_nano.a(lib_a-memcpy-stub.o)
                              ./Core/Src/flash.o (memcpy)
c:/st/stm32cubeide_1.8.0/stm32cubeide/plugins/com.st.stm32cube.ide.mcu.externaltools.gnu-tools-for-stm32.9-2020-q2-update.win32_2.0.0.202105311346/tools/bin/../lib/gcc/arm-none-eabi/9.3.1/../../../../arm-none-eabi/lib/thumb/v7e-m+fp/hard\libc_nano.a(lib_a-memset.o)
                              c:/st/stm32cubeide_1.8.0/stm32cubeide/plugins/com.st.stm32cube.ide.mcu.externaltools.gnu-tools-for-stm32.9-2020-q2-update.win32_2.0.0.202105311346/tools/bin/../lib/gcc/arm-none-eabi/9.3.1/../../../../arm-none-eabi/lib/thumb/v7e-m+fp/hard/crt0.o (memset)
c:/st/stm32cubeide_1.8.0/stm32cubeide/plugins/com.st.stm32cube.ide.mcu.externaltools.gnu-tools-for-stm32.9-2020-q2-update.win32_2.0.0.202105311346/tools/bin/../lib/gcc/arm-none-eabi/9.3.1/../../../../arm-none-eabi/lib/thumb/v7e-m+fp/hard\libc_nano.a(lib_a-nano-vfprintf_float.o)
                              (_printf_float)
c:/st/stm32cubeide_1.8.0/stm32cubeide/plugins/com.st.stm32cube.ide.mcu.externaltools.gnu-tools-for-stm32.9-2020-q2-update.win32_2.0.0.202105311346/tools/bin/../lib/gcc/arm-none-eabi/9.3.1/../../../../arm-none-eabi/lib/thumb/v7e-m+fp/hard\libc_nano.a(lib_a-nano-vfprintf_i.o)
                              c:/st/stm32cubeide_1.8.0/stm32cubeide/plugins/com.st.stm32cube.ide.mcu.externaltools.gnu-tools-for-stm32.9-2020-q2-update.win32_2.0.0.202105311346/tools/bin/../lib/gcc/arm-none-eabi/9.3.1/../../../../arm-none-eabi/lib/thumb/v7e-m+fp/hard\libc_nano.a(lib_a-nano-vfprintf_float.o) (_printf_common)
c:/st/stm32cubeide_1.8.0/stm32cubeide/plugins/com.st.stm32cube.ide.mcu.externaltools.gnu-tools-for-stm32.9-2020-q2-update.win32_2.0.0.202105311346/tools/bin/../lib/gcc/arm-none-eabi/9.3.1/../../../../arm-none-eabi/lib/thumb/v7e-m+fp/hard\libc_nano.a(lib_a-nano-vfscanf_float.o)
                              (_scanf_float)
c:/st/stm32cubeide_1.8.0/stm32cubeide/plugins/com.st.stm32cube.ide.mcu.externaltools.gnu-tools-for-stm32.9-2020-q2-update.win32_2.0.0.202105311346/tools/bin/../lib/gcc/arm-none-eabi/9.3.1/../../../../arm-none-eabi/lib/thumb/v7e-m+fp/hard\libc_nano.a(lib_a-printf.o)
                              ./Core/Src/IMU.o (printf)
c:/st/stm32cubeide_1.8.0/stm32cubeide/plugins/com.st.stm32cube.ide.mcu.externaltools.gnu-tools-for-stm32.9-2020-q2-update.win32_2.0.0.202105311346/tools/bin/../lib/gcc/arm-none-eabi/9.3.1/../../../../arm-none-eabi/lib/thumb/v7e-m+fp/hard\libc_nano.a(lib_a-puts.o)
                              ./Core/Src/IMU.o (puts)
[...]
Memory Configuration

Name             Origin             Length             Attributes
CCMRAM           0x0000000010000000 0x0000000000010000 xrw
RAM              0x0000000020000000 0x0000000000020000 xrw
FLASH            0x0000000008000000 0x00000000000e0000 xr
DATA             0x00000000080e0000 0x0000000000020000 xr
*default*        0x0000000000000000 0xffffffffffffffff

Linker script and memory map

LOAD c:/st/stm32cubeide_1.8.0/stm32cubeide/plugins/com.st.stm32cube.ide.mcu.externaltools.gnu-tools-for-stm32.9-2020-q2-update.win32_2.0.0.202105311346/tools/bin/../lib/gcc/arm-none-eabi/9.3.1/thumb/v7e-m+fp/hard/crti.o
LOAD c:/st/stm32cubeide_1.8.0/stm32cubeide/plugins/com.st.stm32cube.ide.mcu.externaltools.gnu-tools-for-stm32.9-2020-q2-update.win32_2.0.0.202105311346/tools/bin/../lib/gcc/arm-none-eabi/9.3.1/thumb/v7e-m+fp/hard/crtbegin.o
LOAD c:/st/stm32cubeide_1.8.0/stm32cubeide/plugins/com.st.stm32cube.ide.mcu.externaltools.gnu-tools-for-stm32.9-2020-q2-update.win32_2.0.0.202105311346/tools/bin/../lib/gcc/arm-none-eabi/9.3.1/../../../../arm-none-eabi/lib/thumb/v7e-m+fp/hard/crt0.o
LOAD ./Core/Src/IMU.o
LOAD ./Core/Src/LED.o
LOAD ./Core/Src/Rotary.o
LOAD ./Core/Src/Switch.o
LOAD ./Core/Src/analog.o
LOAD ./Core/Src/course.o
LOAD ./Core/Src/defines.o
LOAD ./Core/Src/encoder.o
LOAD ./Core/Src/flash.o
LOAD ./Core/Src/function.o
LOAD ./Core/Src/geometry.o
LOAD ./Core/Src/length.o
LOAD ./Core/Src/main.o
LOAD ./Core/Src/motor.o
LOAD ./Core/Src/pid.o
LOAD ./Core/Src/print.o
LOAD ./Core/Src/sidesensor.o
LOAD ./Core/Src/slow.o
LOAD ./Core/Src/stm32f4xx_hal_msp.o
LOAD ./Core/Src/stm32f4xx_it.o
LOAD ./Core/Src/syscalls.o
LOAD ./Core/Src/sysmem.o
LOAD ./Core/Src/system_stm32f4xx.o
LOAD ./Core/Src/tim10.o
LOAD ./Core/Src/tim11.o
LOAD ./Core/Src/tim6.o
LOAD ./Core/Src/tim7.o
LOAD ./Core/Src/time.o
LOAD ./Core/Src/tracer.o
LOAD ./Core/Src/velodef.o
LOAD ./Core/Src/velotrace.o
LOAD ./Core/Startup/startup_stm32f405rgtx.o
LOAD ./Drivers/STM32F4xx_HAL_Driver/Src/stm32f4xx_hal.o
LOAD ./Drivers/STM32F4xx_HAL_Driver/Src/stm32f4xx_hal_adc.o
LOAD ./Drivers/STM32F4xx_HAL_Driver/Src/stm32f4xx_hal_adc_ex.o
LOAD ./Drivers/STM32F4xx_HAL_Driver/Src/stm32f4xx_hal_cortex.o
LOAD ./Drivers/STM32F4xx_HAL_Driver/Src/stm32f4xx_hal_dma.o
LOAD ./Drivers/STM32F4xx_HAL_Driver/Src/stm32f4xx_hal_dma_ex.o
LOAD ./Drivers/STM32F4xx_HAL_Driver/Src/stm32f4xx_hal_exti.o
LOAD ./Drivers/STM32F4xx_HAL_Driver/Src/stm32f4xx_hal_flash.o
LOAD ./Drivers/STM32F4xx_HAL_Driver/Src/stm32f4xx_hal_flash_ex.o
LOAD ./Drivers/STM32F4xx_HAL_Driver/Src/stm32f4xx_hal_flash_ramfunc.o
LOAD ./Drivers/STM32F4xx_HAL_Driver/Src/stm32f4xx_hal_gpio.o
LOAD ./Drivers/STM32F4xx_HAL_Driver/Src/stm32f4xx_hal_i2c.o
LOAD ./Drivers/STM32F4xx_HAL_Driver/Src/stm32f4xx_hal_i2c_ex.o
LOAD ./Drivers/STM32F4xx_HAL_Driver/Src/stm32f4xx_hal_pwr.o
LOAD ./Drivers/STM32F4xx_HAL_Driver/Src/stm32f4xx_hal_pwr_ex.o
LOAD ./Drivers/STM32F4xx_HAL_Driver/Src/stm32f4xx_hal_rcc.o
LOAD ./Drivers/STM32F4xx_HAL_Driver/Src/stm32f4xx_hal_rcc_ex.o
LOAD ./Drivers/STM32F4xx_HAL_Driver/Src/stm32f4xx_hal_spi.o
LOAD ./Drivers/STM32F4xx_HAL_Driver/Src/stm32f4xx_hal_tim.o
LOAD ./Drivers/STM32F4xx_HAL_Driver/Src/stm32f4xx_hal_tim_ex.o
LOAD ./Drivers/STM32F4xx_HAL_Driver/Src/stm32f4xx_hal_uart.o
LOAD ./Drivers/STM32F4xx_HAL_Driver/Src/stm32f4xx_ll_adc.o
LOAD C:\Users\Yazawa\Documents\GitHub\murakumo_ws\murakumo_v5\libarm_cortexM4lf_math.a
START GROUP
LOAD c:/st/stm32cubeide_1.8.0/stm32cubeide/plugins/com.st.stm32cube.ide.mcu.externaltools.gnu-tools-for-stm32.9-2020-q2-update.win32_2.0.0.202105311346/tools/bin/../lib/gcc/arm-none-eabi/9.3.1/../../../../arm-none-eabi/lib/thumb/v7e-m+fp/hard\libc_nano.a
LOAD c:/st/stm32cubeide_1.8.0/stm32cubeide/plugins/com.st.stm32cube.ide.mcu.externaltools.gnu-tools-for-stm32.9-2020-q2-update.win32_2.0.0.202105311346/tools/bin/../lib/gcc/arm-none-eabi/9.3.1/../../../../arm-none-eabi/lib/thumb/v7e-m+fp/hard\libm.a
END GROUP
START GROUP
LOAD c:/st/stm32cubeide_1.8.0/stm32cubeide/plugins/com.st.stm32cube.ide.mcu.externaltools.gnu-tools-for-stm32.9-2020-q2-update.win32_2.0.0.202105311346/tools/bin/../lib/gcc/arm-none-eabi/9.3.1/thumb/v7e-m+fp/hard\libgcc.a
LOAD c:/st/stm32cubeide_1.8.0/stm32cubeide/plugins/com.st.stm32cube.ide.mcu.externaltools.gnu-tools-for-stm32.9-2020-q2-update.win32_2.0.0.202105311346/tools/bin/../lib/gcc/arm-none-eabi/9.3.1/../../../../arm-none-eabi/lib/thumb/v7e-m+fp/hard\libc_nano.a
END GROUP
START GROUP
LOAD c:/st/stm32cubeide_1.8.0/stm32cubeide/plugins/com.st.stm32cube.ide.mcu.externaltools.gnu-tools-for-stm32.9-2020-q2-update.win32_2.0.0.202105311346/tools/bin/../lib/gcc/arm-none-eabi/9.3.1/thumb/v7e-m+fp/hard\libgcc.a
LOAD c:/st/stm32cubeide_1.8.0/stm32cubeide/plugins/com.st.stm32cube.ide.mcu.externaltools.gnu-tools-for-stm32.9-2020-q2-update.win32_2.0.0.202105311346/tools/bin/../lib/gcc/arm-none-eabi/9.3.1/../../../../arm-none-eabi/lib/thumb/v7e-m+fp/hard\libc_nano.a
LOAD c:/st/stm32cubeide_1.8.0/stm32cubeide/plugins/com.st.stm32cube.ide.mcu.externaltools.gnu-tools-for-stm32.9-2020-q2-update.win32_2.0.0.202105311346/tools/bin/../lib/gcc/arm-none-eabi/9.3.1/../../../../arm-none-eabi/lib/thumb/v7e-m+fp/hard\libnosys.a
END GROUP
START GROUP
LOAD c:/st/stm32cubeide_1.8.0/stm32cubeide/plugins/com.st.stm32cube.ide.mcu.externaltools.gnu-tools-for-stm32.9-2020-q2-update.win32_2.0.0.202105311346/tools/bin/../lib/gcc/arm-none-eabi/9.3.1/thumb/v7e-m+fp/hard\libgcc.a
LOAD c:/st/stm32cubeide_1.8.0/stm32cubeide/plugins/com.st.stm32cube.ide.mcu.externaltools.gnu-tools-for-stm32.9-2020-q2-update.win32_2.0.0.202105311346/tools/bin/../lib/gcc/arm-none-eabi/9.3.1/../../../../arm-none-eabi/lib/thumb/v7e-m+fp/hard\libc_nano.a
LOAD c:/st/stm32cubeide_1.8.0/stm32cubeide/plugins/com.st.stm32cube.ide.mcu.externaltools.gnu-tools-for-stm32.9-2020-q2-update.win32_2.0.0.202105311346/tools/bin/../lib/gcc/arm-none-eabi/9.3.1/../../../../arm-none-eabi/lib/thumb/v7e-m+fp/hard\libnosys.a
END GROUP
LOAD c:/st/stm32cubeide_1.8.0/stm32cubeide/plugins/com.st.stm32cube.ide.mcu.externaltools.gnu-tools-for-stm32.9-2020-q2-update.win32_2.0.0.202105311346/tools/bin/../lib/gcc/arm-none-eabi/9.3.1/thumb/v7e-m+fp/hard/crtend.o
LOAD c:/st/stm32cubeide_1.8.0/stm32cubeide/plugins/com.st.stm32cube.ide.mcu.externaltools.gnu-tools-for-stm32.9-2020-q2-update.win32_2.0.0.202105311346/tools/bin/../lib/gcc/arm-none-eabi/9.3.1/thumb/v7e-m+fp/hard/crtn.o
                0x0000000020020000                _estack = (ORIGIN (RAM) + LENGTH (RAM))
                0x0000000000000200                _Min_Heap_Size = 0x200
                0x0000000000000400                _Min_Stack_Size = 0x400

.isr_vector     0x0000000008000000      0x188
                0x0000000008000000                . = ALIGN (0x4)
 *(.isr_vector)
 .isr_vector    0x0000000008000000      0x188 ./Core/Startup/startup_stm32f405rgtx.o
                0x0000000008000000                g_pfnVectors
                0x0000000008000188                . = ALIGN (0x4)

.text           0x0000000008000190     0xe2d4
                0x0000000008000190                . = ALIGN (0x4)
 *(.text)
 .text          0x0000000008000190       0x40 c:/st/stm32cubeide_1.8.0/stm32cubeide/plugins/com.st.stm32cube.ide.mcu.externaltools.gnu-tools-for-stm32.9-2020-q2-update.win32_2.0.0.202105311346/tools/bin/../lib/gcc/arm-none-eabi/9.3.1/thumb/v7e-m+fp/hard/crtbegin.o
 .text          0x00000000080001d0       0x10 c:/st/stm32cubeide_1.8.0/stm32cubeide/plugins/com.st.stm32cube.ide.mcu.externaltools.gnu-tools-for-stm32.9-2020-q2-update.win32_2.0.0.202105311346/tools/bin/../lib/gcc/arm-none-eabi/9.3.1/../../../../arm-none-eabi/lib/thumb/v7e-m+fp/hard\libc_nano.a(lib_a-strlen.o)
                0x00000000080001d0                strlen
 .text          0x00000000080001e0       0xa0 c:/st/stm32cubeide_1.8.0/stm32cubeide/plugins/com.st.stm32cube.ide.mcu.externaltools.gnu-tools-for-stm32.9-2020-q2-update.win32_2.0.0.202105311346/tools/bin/../lib/gcc/arm-none-eabi/9.3.1/../../../../arm-none-eabi/lib/thumb/v7e-m+fp/hard\libc_nano.a(lib_a-memchr.o)
                0x00000000080001e0                memchr
 .text          0x0000000008000280      0x378 c:/st/stm32cubeide_1.8.0/stm32cubeide/plugins/com.st.stm32cube.ide.mcu.externaltools.gnu-tools-for-stm32.9-2020-q2-update.win32_2.0.0.202105311346/tools/bin/../lib/gcc/arm-none-eabi/9.3.1/thumb/v7e-m+fp/hard\libgcc.a(_arm_addsubdf3.o)
                0x0000000008000280                __aeabi_drsub
                0x0000000008000288                __aeabi_dsub
                0x0000000008000288                __subdf3
                0x000000000800028c                __aeabi_dadd
                0x000000000800028c                __adddf3
                0x0000000008000504                __floatunsidf
                0x0000000008000504                __aeabi_ui2d
                0x0000000008000524                __floatsidf
                0x0000000008000524                __aeabi_i2d
                0x0000000008000548                __aeabi_f2d
                0x0000000008000548                __extendsfdf2
                0x000000000800058c                __floatundidf
                0x000000000800058c                __aeabi_ul2d
                0x000000000800059c                __floatdidf
                0x000000000800059c                __aeabi_l2d
 .text          0x00000000080005f8      0x424 c:/st/stm32cubeide_1.8.0/stm32cubeide/plugins/com.st.stm32cube.ide.mcu.externaltools.gnu-tools-for-stm32.9-2020-q2-update.win32_2.0.0.202105311346/tools/bin/../lib/gcc/arm-none-eabi/9.3.1/thumb/v7e-m+fp/hard\libgcc.a(_arm_muldivdf3.o)
                0x00000000080005f8                __aeabi_dmul
                0x00000000080005f8                __muldf3
                0x000000000800084c                __divdf3
                0x000000000800084c                __aeabi_ddiv
 .text          0x0000000008000a1c      0x110 c:/st/stm32cubeide_1.8.0/stm32cubeide/plugins/com.st.stm32cube.ide.mcu.externaltools.gnu-tools-for-stm32.9-2020-q2-update.win32_2.0.0.202105311346/tools/bin/../lib/gcc/arm-none-eabi/9.3.1/thumb/v7e-m+fp/hard\libgcc.a(_arm_cmpdf2.o)
                0x0000000008000a1c                __gtdf2
                0x0000000008000a1c                __gedf2
                0x0000000008000a24                __ltdf2
                0x0000000008000a24                __ledf2
                0x0000000008000a2c                __nedf2
                0x0000000008000a2c                __eqdf2
                0x0000000008000a2c                __cmpdf2
                0x0000000008000aa8                __aeabi_cdrcmple
                0x0000000008000ab8                __aeabi_cdcmpeq
                0x0000000008000ab8                __aeabi_cdcmple
                0x0000000008000ac8                __aeabi_dcmpeq
                0x0000000008000adc                __aeabi_dcmplt
                0x0000000008000af0                __aeabi_dcmple
                0x0000000008000b04                __aeabi_dcmpge
                0x0000000008000b18                __aeabi_dcmpgt
 .text          0x0000000008000b2c       0x2c c:/st/stm32cubeide_1.8.0/stm32cubeide/plugins/com.st.stm32cube.ide.mcu.externaltools.gnu-tools-for-stm32.9-2020-q2-update.win32_2.0.0.202105311346/tools/bin/../lib/gcc/arm-none-eabi/9.3.1/thumb/v7e-m+fp/hard\libgcc.a(_arm_unorddf2.o)
                0x0000000008000b2c                __unorddf2
                0x0000000008000b2c                __aeabi_dcmpun
 .text          0x0000000008000b58       0x50 c:/st/stm32cubeide_1.8.0/stm32cubeide/plugins/com.st.stm32cube.ide.mcu.externaltools.gnu-tools-for-stm32.9-2020-q2-update.win32_2.0.0.202105311346/tools/bin/../lib/gcc/arm-none-eabi/9.3.1/thumb/v7e-m+fp/hard\libgcc.a(_arm_fixdfsi.o)
                0x0000000008000b58                __aeabi_d2iz
                0x0000000008000b58                __fixdfsi
 .text          0x0000000008000ba8       0x40 c:/st/stm32cubeide_1.8.0/stm32cubeide/plugins/com.st.stm32cube.ide.mcu.externaltools.gnu-tools-for-stm32.9-2020-q2-update.win32_2.0.0.202105311346/tools/bin/../lib/gcc/arm-none-eabi/9.3.1/thumb/v7e-m+fp/hard\libgcc.a(_arm_fixunsdfsi.o)
                0x0000000008000ba8                __aeabi_d2uiz
                0x0000000008000ba8                __fixunsdfsi
 .text          0x0000000008000be8       0xa0 c:/st/stm32cubeide_1.8.0/stm32cubeide/plugins/com.st.stm32cube.ide.mcu.externaltools.gnu-tools-for-stm32.9-2020-q2-update.win32_2.0.0.202105311346/tools/bin/../lib/gcc/arm-none-eabi/9.3.1/thumb/v7e-m+fp/hard\libgcc.a(_arm_truncdfsf2.o)
                0x0000000008000be8                __truncdfsf2
                0x0000000008000be8                __aeabi_d2f
 .text          0x0000000008000c88       0x30 c:/st/stm32cubeide_1.8.0/stm32cubeide/plugins/com.st.stm32cube.ide.mcu.externaltools.gnu-tools-for-stm32.9-2020-q2-update.win32_2.0.0.202105311346/tools/bin/../lib/gcc/arm-none-eabi/9.3.1/thumb/v7e-m+fp/hard\libgcc.a(_aeabi_uldivmod.o)
                0x0000000008000c88                __aeabi_uldivmod
 .text          0x0000000008000cb8       0x30 c:/st/stm32cubeide_1.8.0/stm32cubeide/plugins/com.st.stm32cube.ide.mcu.externaltools.gnu-tools-for-stm32.9-2020-q2-update.win32_2.0.0.202105311346/tools/bin/../lib/gcc/arm-none-eabi/9.3.1/thumb/v7e-m+fp/hard\libgcc.a(_fixdfdi.o)
                0x0000000008000cb8                __fixdfdi
                0x0000000008000cb8                __aeabi_d2lz
 .text          0x0000000008000ce8       0x3c c:/st/stm32cubeide_1.8.0/stm32cubeide/plugins/com.st.stm32cube.ide.mcu.externaltools.gnu-tools-for-stm32.9-2020-q2-update.win32_2.0.0.202105311346/tools/bin/../lib/gcc/arm-none-eabi/9.3.1/thumb/v7e-m+fp/hard\libgcc.a(_fixunsdfdi.o)
                0x0000000008000ce8                __fixunsdfdi
                0x0000000008000ce8                __aeabi_d2ulz
 .text          0x0000000008000d24      0x2c4 c:/st/stm32cubeide_1.8.0/stm32cubeide/plugins/com.st.stm32cube.ide.mcu.externaltools.gnu-tools-for-stm32.9-2020-q2-update.win32_2.0.0.202105311346/tools/bin/../lib/gcc/arm-none-eabi/9.3.1/thumb/v7e-m+fp/hard\libgcc.a(_udivmoddi4.o)
                0x0000000008000d24                __udivmoddi4
 .text          0x0000000008000fe8        0x4 c:/st/stm32cubeide_1.8.0/stm32cubeide/plugins/com.st.stm32cube.ide.mcu.externaltools.gnu-tools-for-stm32.9-2020-q2-update.win32_2.0.0.202105311346/tools/bin/../lib/gcc/arm-none-eabi/9.3.1/thumb/v7e-m+fp/hard\libgcc.a(_dvmd_tls.o)
                0x0000000008000fe8                __aeabi_idiv0
                0x0000000008000fe8                __aeabi_ldiv0
 *(.text*)
 .text.imu_read_byte
                0x0000000008000fec       0x5c ./Core/Src/IMU.o
                0x0000000008000fec                imu_read_byte
 .text.imu_write_byte
                0x0000000008001048       0x5c ./Core/Src/IMU.o
                0x0000000008001048                imu_write_byte
 .text.imu_init
                0x00000000080010a4       0x50 ./Core/Src/IMU.o
                0x00000000080010a4                imu_init
 .text.imu_initialize
                0x00000000080010f4       0xe8 ./Core/Src/IMU.o
                0x00000000080010f4                imu_initialize
 .text.imu_start
                0x00000000080011dc        0xe ./Core/Src/IMU.o
                0x00000000080011dc                imu_start
 .text.imu_stop
                0x00000000080011ea        0xe ./Core/Src/IMU.o
                0x00000000080011ea                imu_stop
 .text.imu_update_gyro
                0x00000000080011f8      0x188 ./Core/Src/IMU.o
                0x00000000080011f8                imu_update_gyro
 .text.imu_read_direct_yaw
                0x0000000008001380       0x48 ./Core/Src/IMU.o
                0x0000000008001380                imu_read_direct_yaw
 .text.rotary_init
                0x00000000080013c8       0x10 ./Core/Src/Rotary.o
                0x00000000080013c8                rotary_init
 .text.rotary_set_playmode
                0x00000000080013d8       0x18 ./Core/Src/Rotary.o
                0x00000000080013d8                rotary_set_playmode
 .text.rotary_read_playmode
                0x00000000080013f0       0x18 ./Core/Src/Rotary.o
                0x00000000080013f0                rotary_read_playmode
 .text.rotary_set_value
                0x0000000008001408       0x18 ./Core/Src/Rotary.o
                0x0000000008001408                rotary_set_value
 .text.rotary_read_value
                0x0000000008001420       0x18 ./Core/Src/Rotary.o
                0x0000000008001420                rotary_read_value
 .text.rotary_read
                0x0000000008001438       0x94 ./Core/Src/Rotary.o
                0x0000000008001438                rotary_read
 .text.rotary_print_playmode
                0x00000000080014cc       0xe8 ./Core/Src/Rotary.o
                0x00000000080014cc                rotary_print_playmode
 .text.switch_set_enter
                0x00000000080015b4       0x18 ./Core/Src/Switch.o
                0x00000000080015b4                switch_set_enter
 .text.switch_reset_enter
                0x00000000080015cc       0x18 ./Core/Src/Switch.o
                0x00000000080015cc                switch_reset_enter
 .text.switch_init
                0x00000000080015e4        0xc ./Core/Src/Switch.o
                0x00000000080015e4                switch_init
 .text.switch_read_enter
                0x00000000080015f0       0x18 ./Core/Src/Switch.o
                0x00000000080015f0                switch_read_enter
 .text.switch1_read
                0x0000000008001608       0x24 ./Core/Src/Switch.o
                0x0000000008001608                switch1_read
 .text.switch2_read
                0x000000000800162c       0x24 ./Core/Src/Switch.o
                0x000000000800162c                switch2_read
 .text.switch_read
                0x0000000008001650       0x32 ./Core/Src/Switch.o
                0x0000000008001650                switch_read
 .text.switch_enter
                0x0000000008001682       0x26 ./Core/Src/Switch.o
                0x0000000008001682                switch_enter
 .text.analog_array_print
                0x00000000080016a8       0xcc ./Core/Src/analog.o
                0x00000000080016a8                analog_array_print
 .text.analog_print_max
                0x0000000008001774       0x30 ./Core/Src/analog.o
                0x0000000008001774                analog_print_max
 .text.analog_print_min
                0x00000000080017a4       0x30 ./Core/Src/analog.o
                0x00000000080017a4                analog_print_min
 .text.analog_set_on_flash
                0x00000000080017d4       0xd4 ./Core/Src/analog.o
                0x00000000080017d4                analog_set_on_flash
 .text.analog_set_from_flash
                0x00000000080018a8       0xb0 ./Core/Src/analog.o
                0x00000000080018a8                analog_set_from_flash
 .text.analog_set_calibrationsize
                0x0000000008001958       0x20 ./Core/Src/analog.o
                0x0000000008001958                analog_set_calibrationsize
 .text.analog_set_analogmode
                0x0000000008001978       0x20 ./Core/Src/analog.o
                0x0000000008001978                analog_set_analogmode
 .text.analog_read_analogmode
                0x0000000008001998       0x18 ./Core/Src/analog.o
                0x0000000008001998                analog_read_analogmode
 .text.analog_calibration_start
                0x00000000080019b0       0x50 ./Core/Src/analog.o
                0x00000000080019b0                analog_calibration_start
 .text.analog_calibration_stop
                0x0000000008001a00       0x30 ./Core/Src/analog.o
                0x0000000008001a00                analog_calibration_stop
 .text.analog_init
                0x0000000008001a30       0x24 ./Core/Src/analog.o
                0x0000000008001a30                analog_init
 .text.analog_start
                0x0000000008001a54       0x18 ./Core/Src/analog.o
                0x0000000008001a54                analog_start
 .text.analog_stop
                0x0000000008001a6c        0xc ./Core/Src/analog.o
                0x0000000008001a6c                analog_stop
 .text.analog_sensor_start
                0x0000000008001a78       0x38 ./Core/Src/analog.o
                0x0000000008001a78                analog_sensor_start
 .text.analog_sensor_stop
                0x0000000008001ab0       0x14 ./Core/Src/analog.o
                0x0000000008001ab0                analog_sensor_stop
 .text.analog_sensor_get
                0x0000000008001ac4       0x90 ./Core/Src/analog.o
                0x0000000008001ac4                analog_sensor_get
 .text.HAL_ADC_ConvCpltCallback
                0x0000000008001b54       0x14 ./Core/Src/analog.o
                0x0000000008001b54                HAL_ADC_ConvCpltCallback
 .text.analog_get_and_sort
                0x0000000008001b68      0x138 ./Core/Src/analog.o
                0x0000000008001b68                analog_get_and_sort
 .text.course_init
                0x0000000008001ca0       0x28 ./Core/Src/course.o
                0x0000000008001ca0                course_init
 .text.course_start
                0x0000000008001cc8       0x10 ./Core/Src/course.o
                0x0000000008001cc8                course_start
 .text.course_stop
                0x0000000008001cd8       0x1a ./Core/Src/course.o
                0x0000000008001cd8                course_stop
 *fill*         0x0000000008001cf2        0x6 
 .text.course_update_section_degree
                0x0000000008001cf8       0x80 ./Core/Src/course.o
                0x0000000008001cf8                course_update_section_degree
 .text.course_set_update_section_freq_ms
                0x0000000008001d78       0x38 ./Core/Src/course.o
                0x0000000008001d78                course_set_update_section_freq_ms
 .text.course_read_section_degree
                0x0000000008001db0       0x24 ./Core/Src/course.o
                0x0000000008001db0                course_read_section_degree
 .text.course_reset_section_degree
                0x0000000008001dd4       0x20 ./Core/Src/course.o
                0x0000000008001dd4                course_reset_section_degree
 .text.course_read_curvature_radius
                0x0000000008001df4       0x24 ./Core/Src/course.o
                0x0000000008001df4                course_read_curvature_radius
 .text.course_read_state_count
                0x0000000008001e18       0x18 ./Core/Src/course.o
                0x0000000008001e18                course_read_state_count
 .text.course_calclate_radius
                0x0000000008001e30       0xc0 ./Core/Src/course.o
                0x0000000008001e30                course_calclate_radius
 .text.course_state_function
                0x0000000008001ef0       0x4c ./Core/Src/course.o
                0x0000000008001ef0                course_state_function
 .text.course_d_print
                0x0000000008001f3c       0x58 ./Core/Src/course.o
                0x0000000008001f3c                course_d_print
 *fill*         0x0000000008001f94        0x4 
 .text.encoder_length_left
                0x0000000008001f98       0x3c ./Core/Src/encoder.o
                0x0000000008001f98                encoder_length_left
 *fill*         0x0000000008001fd4        0x4 
 .text.encoder_length_right
                0x0000000008001fd8       0x3c ./Core/Src/encoder.o
                0x0000000008001fd8                encoder_length_right
 .text.encoder_set
                0x0000000008002014       0x70 ./Core/Src/encoder.o
                0x0000000008002014                encoder_set
 .text.encoder_init
                0x0000000008002084        0xe ./Core/Src/encoder.o
                0x0000000008002084                encoder_init
 *fill*         0x0000000008002092        0x2 
 .text.encoder_start
                0x0000000008002094       0x54 ./Core/Src/encoder.o
                0x0000000008002094                encoder_start
 .text.encoder_stop
                0x00000000080020e8       0x20 ./Core/Src/encoder.o
                0x00000000080020e8                encoder_stop
 .text.encoder_set_middle
                0x0000000008002108       0x28 ./Core/Src/encoder.o
                0x0000000008002108                encoder_set_middle
 .text.flash_erase
                0x0000000008002130       0x2e ./Core/Src/flash.o
                0x0000000008002130                flash_erase
 .text.flash_writting
                0x000000000800215e       0x50 ./Core/Src/flash.o
                0x000000000800215e                flash_writting
 .text.flash_reading
                0x00000000080021ae       0x20 ./Core/Src/flash.o
                0x00000000080021ae                flash_reading
 *fill*         0x00000000080021ce        0x2 
 .text.flash_write
                0x00000000080021d0       0x1c ./Core/Src/flash.o
                0x00000000080021d0                flash_write
 .text.flash_read
                0x00000000080021ec       0x1c ./Core/Src/flash.o
                0x00000000080021ec                flash_read
 .text.flash_init
                0x0000000008002208        0xc ./Core/Src/flash.o
                0x0000000008002208                flash_init
 .text.low_pass_filter
                0x0000000008002214       0x6c ./Core/Src/function.o
                0x0000000008002214                low_pass_filter
 .text.vector3_creation
                0x0000000008002280       0x54 ./Core/Src/geometry.o
                0x0000000008002280                vector3_creation
 .text.length_set_sampling_time_ms
                0x00000000080022d4       0x38 ./Core/Src/length.o
                0x00000000080022d4                length_set_sampling_time_ms
 .text.length_init
                0x000000000800230c       0x1e ./Core/Src/length.o
                0x000000000800230c                length_init
 *fill*         0x000000000800232a        0x2 
 .text.length_start
                0x000000000800232c       0x54 ./Core/Src/length.o
                0x000000000800232c                length_start
 .text.length_stop
                0x0000000008002380        0xc ./Core/Src/length.o
                0x0000000008002380                length_stop
 .text.length_read
                0x000000000800238c       0x44 ./Core/Src/length.o
                0x000000000800238c                length_read
 .text.length_read_left
                0x00000000080023d0       0x24 ./Core/Src/length.o
                0x00000000080023d0                length_read_left
 .text.length_read_right
                0x00000000080023f4       0x24 ./Core/Src/length.o
                0x00000000080023f4                length_read_right
 .text.velocity_read
                0x0000000008002418       0x44 ./Core/Src/length.o
                0x0000000008002418                velocity_read
 .text.length_update
                0x000000000800245c       0xc0 ./Core/Src/length.o
                0x000000000800245c                length_update
 .text.HAL_TIM_PeriodElapsedCallback
                0x000000000800251c       0x54 ./Core/Src/main.o
                0x000000000800251c                HAL_TIM_PeriodElapsedCallback
 .text.main     0x0000000008002570      0x2a4 ./Core/Src/main.o
                0x0000000008002570                main
 .text.SystemClock_Config
                0x0000000008002814       0xd4 ./Core/Src/main.o
                0x0000000008002814                SystemClock_Config
 .text.MX_ADC1_Init
                0x00000000080028e8      0x248 ./Core/Src/main.o
 .text.MX_I2C1_Init
                0x0000000008002b30       0x5c ./Core/Src/main.o
 .text.MX_SPI2_Init
                0x0000000008002b8c       0x6c ./Core/Src/main.o
 .text.MX_TIM1_Init
                0x0000000008002bf8       0xb0 ./Core/Src/main.o
 .text.MX_TIM3_Init
                0x0000000008002ca8       0xa8 ./Core/Src/main.o
 .text.MX_TIM4_Init
                0x0000000008002d50       0xc8 ./Core/Src/main.o
 .text.MX_TIM6_Init
                0x0000000008002e18       0x6c ./Core/Src/main.o
 .text.MX_TIM7_Init
                0x0000000008002e84       0x6c ./Core/Src/main.o
 .text.MX_TIM10_Init
                0x0000000008002ef0       0x48 ./Core/Src/main.o
 .text.MX_TIM11_Init
                0x0000000008002f38       0x48 ./Core/Src/main.o
 .text.MX_TIM14_Init
                0x0000000008002f80       0x48 ./Core/Src/main.o
 .text.MX_USART6_UART_Init
                0x0000000008002fc8       0x54 ./Core/Src/main.o
 .text.MX_DMA_Init
                0x000000000800301c       0x40 ./Core/Src/main.o
 .text.MX_GPIO_Init
                0x000000000800305c      0x1d4 ./Core/Src/main.o
 .text.main_init
                0x0000000008003230       0x1c ./Core/Src/main.o
                0x0000000008003230                main_init
 .text.running_start
                0x000000000800324c       0x14 ./Core/Src/main.o
                0x000000000800324c                running_start
 .text.running_stop
                0x0000000008003260       0x14 ./Core/Src/main.o
                0x0000000008003260                running_stop
 .text.main_print_while
                0x0000000008003274       0x1c ./Core/Src/main.o
                0x0000000008003274                main_print_while
 .text.main_main
                0x0000000008003290       0x12 ./Core/Src/main.o
                0x0000000008003290                main_main
 *fill*         0x00000000080032a2        0x2 
 .text.main_d_print
                0x00000000080032a4       0x18 ./Core/Src/main.o
                0x00000000080032a4                main_d_print
 .text.Error_Handler
                0x00000000080032bc        0xa ./Core/Src/main.o
                0x00000000080032bc                Error_Handler
 .text.motor_init
                0x00000000080032c6        0xe ./Core/Src/motor.o
                0x00000000080032c6                motor_init
 .text.motor_start
                0x00000000080032d4       0x24 ./Core/Src/motor.o
                0x00000000080032d4                motor_start
 .text.motor_stop
                0x00000000080032f8       0x24 ./Core/Src/motor.o
                0x00000000080032f8                motor_stop
 .text.motor_enable
                0x000000000800331c       0x2c ./Core/Src/motor.o
                0x000000000800331c                motor_enable
 .text.motor_read_enable
                0x0000000008003348       0x18 ./Core/Src/motor.o
                0x0000000008003348                motor_read_enable
 .text.motor_set
                0x0000000008003360      0x128 ./Core/Src/motor.o
                0x0000000008003360                motor_set
 .text.__io_putchar
                0x0000000008003488       0x24 ./Core/Src/print.o
                0x0000000008003488                __io_putchar
 .text.print_rotary_value
                0x00000000080034ac       0x1c ./Core/Src/print.o
                0x00000000080034ac                print_rotary_value
 .text.sidesensor_read
                0x00000000080034c8       0x54 ./Core/Src/sidesensor.o
                0x00000000080034c8                sidesensor_read
 .text.sidesensor_start
                0x000000000800351c       0x40 ./Core/Src/sidesensor.o
                0x000000000800351c                sidesensor_start
 .text.sidesensor_stop
                0x000000000800355c        0xe ./Core/Src/sidesensor.o
                0x000000000800355c                sidesensor_stop
 *fill*         0x000000000800356a        0x2 
 .text.sidesensor_read_markerstate
                0x000000000800356c       0x18 ./Core/Src/sidesensor.o
                0x000000000800356c                sidesensor_read_markerstate
 .text.sidesensor_right
                0x0000000008003584       0x40 ./Core/Src/sidesensor.o
                0x0000000008003584                sidesensor_right
 .text.sidesensor_left
                0x00000000080035c4       0x18 ./Core/Src/sidesensor.o
                0x00000000080035c4                sidesensor_left
 .text.sidesensor_cross
                0x00000000080035dc       0x18 ./Core/Src/sidesensor.o
                0x00000000080035dc                sidesensor_cross
 .text.sidesensor_main
                0x00000000080035f4       0xb8 ./Core/Src/sidesensor.o
                0x00000000080035f4                sidesensor_main
 .text.slow_start
                0x00000000080036ac       0x78 ./Core/Src/slow.o
                0x00000000080036ac                slow_start
 .text.HAL_MspInit
                0x0000000008003724       0x58 ./Core/Src/stm32f4xx_hal_msp.o
                0x0000000008003724                HAL_MspInit
 .text.HAL_ADC_MspInit
                0x000000000800377c      0x160 ./Core/Src/stm32f4xx_hal_msp.o
                0x000000000800377c                HAL_ADC_MspInit
 .text.HAL_I2C_MspInit
                0x00000000080038dc       0x90 ./Core/Src/stm32f4xx_hal_msp.o
                0x00000000080038dc                HAL_I2C_MspInit
 .text.HAL_SPI_MspInit
                0x000000000800396c       0x90 ./Core/Src/stm32f4xx_hal_msp.o
                0x000000000800396c                HAL_SPI_MspInit
 .text.HAL_TIM_Encoder_MspInit
                0x00000000080039fc      0x11c ./Core/Src/stm32f4xx_hal_msp.o
                0x00000000080039fc                HAL_TIM_Encoder_MspInit
 .text.HAL_TIM_PWM_MspInit
                0x0000000008003b18       0x44 ./Core/Src/stm32f4xx_hal_msp.o
                0x0000000008003b18                HAL_TIM_PWM_MspInit
 .text.HAL_TIM_Base_MspInit
                0x0000000008003b5c      0x120 ./Core/Src/stm32f4xx_hal_msp.o
                0x0000000008003b5c                HAL_TIM_Base_MspInit
 .text.HAL_TIM_MspPostInit
                0x0000000008003c7c       0x74 ./Core/Src/stm32f4xx_hal_msp.o
                0x0000000008003c7c                HAL_TIM_MspPostInit
 .text.HAL_UART_MspInit
                0x0000000008003cf0       0x90 ./Core/Src/stm32f4xx_hal_msp.o
                0x0000000008003cf0                HAL_UART_MspInit
 .text.NMI_Handler
                0x0000000008003d80        0x6 ./Core/Src/stm32f4xx_it.o
                0x0000000008003d80                NMI_Handler
 .text.HardFault_Handler
                0x0000000008003d86        0x6 ./Core/Src/stm32f4xx_it.o
                0x0000000008003d86                HardFault_Handler
 .text.MemManage_Handler
                0x0000000008003d8c        0x6 ./Core/Src/stm32f4xx_it.o
                0x0000000008003d8c                MemManage_Handler
 .text.BusFault_Handler
                0x0000000008003d92        0x6 ./Core/Src/stm32f4xx_it.o
                0x0000000008003d92                BusFault_Handler
 .text.UsageFault_Handler
                0x0000000008003d98        0x6 ./Core/Src/stm32f4xx_it.o
                0x0000000008003d98                UsageFault_Handler
 .text.SVC_Handler
                0x0000000008003d9e        0xe ./Core/Src/stm32f4xx_it.o
                0x0000000008003d9e                SVC_Handler
 .text.DebugMon_Handler
                0x0000000008003dac        0xe ./Core/Src/stm32f4xx_it.o
                0x0000000008003dac                DebugMon_Handler
 .text.PendSV_Handler
                0x0000000008003dba        0xe ./Core/Src/stm32f4xx_it.o
                0x0000000008003dba                PendSV_Handler
 .text.SysTick_Handler
                0x0000000008003dc8        0xc ./Core/Src/stm32f4xx_it.o
                0x0000000008003dc8                SysTick_Handler
 .text.TIM1_UP_TIM10_IRQHandler
                0x0000000008003dd4       0x1c ./Core/Src/stm32f4xx_it.o
                0x0000000008003dd4                TIM1_UP_TIM10_IRQHandler
 .text.TIM1_TRG_COM_TIM11_IRQHandler
                0x0000000008003df0       0x1c ./Core/Src/stm32f4xx_it.o
                0x0000000008003df0                TIM1_TRG_COM_TIM11_IRQHandler
 .text.TIM6_DAC_IRQHandler
                0x0000000008003e0c       0x14 ./Core/Src/stm32f4xx_it.o
                0x0000000008003e0c                TIM6_DAC_IRQHandler
 .text.DMA2_Stream0_IRQHandler
                0x0000000008003e20       0x14 ./Core/Src/stm32f4xx_it.o
                0x0000000008003e20                DMA2_Stream0_IRQHandler
 .text._getpid  0x0000000008003e34       0x10 ./Core/Src/syscalls.o
                0x0000000008003e34                _getpid
 .text._kill    0x0000000008003e44       0x20 ./Core/Src/syscalls.o
                0x0000000008003e44                _kill
 .text._exit    0x0000000008003e64       0x14 ./Core/Src/syscalls.o
                0x0000000008003e64                _exit
 .text._read    0x0000000008003e78       0x3a ./Core/Src/syscalls.o
                0x0000000008003e78                _read
 .text._write   0x0000000008003eb2       0x38 ./Core/Src/syscalls.o
                0x0000000008003eb2                _write
 .text._close   0x0000000008003eea       0x18 ./Core/Src/syscalls.o
                0x0000000008003eea                _close
 .text._fstat   0x0000000008003f02       0x20 ./Core/Src/syscalls.o
                0x0000000008003f02                _fstat
 .text._isatty  0x0000000008003f22       0x16 ./Core/Src/syscalls.o
                0x0000000008003f22                _isatty
 .text._lseek   0x0000000008003f38       0x1a ./Core/Src/syscalls.o
                0x0000000008003f38                _lseek
 *fill*         0x0000000008003f52        0x2 
 .text._sbrk    0x0000000008003f54       0x6c ./Core/Src/sysmem.o
                0x0000000008003f54                _sbrk
 .text.SystemInit
                0x0000000008003fc0       0x2c ./Core/Src/system_stm32f4xx.o
                0x0000000008003fc0                SystemInit
 *fill*         0x0000000008003fec        0x4 
 .text.tim10_init
                0x0000000008003ff0       0x5c ./Core/Src/tim10.o
                0x0000000008003ff0                tim10_init
 .text.tim10_start
                0x000000000800404c       0x50 ./Core/Src/tim10.o
                0x000000000800404c                tim10_start
 .text.tim10_stop
                0x000000000800409c       0x20 ./Core/Src/tim10.o
                0x000000000800409c                tim10_stop
 .text.tim10_main
                0x00000000080040bc       0x14 ./Core/Src/tim10.o
                0x00000000080040bc                tim10_main
 .text.tim10_update_length
                0x00000000080040d0       0x44 ./Core/Src/tim10.o
                0x00000000080040d0                tim10_update_length
 .text.tim10_d_print
                0x0000000008004114       0x30 ./Core/Src/tim10.o
                0x0000000008004114                tim10_d_print
 .text.tim10_read_left
                0x0000000008004144       0x24 ./Core/Src/tim10.o
                0x0000000008004144                tim10_read_left
 .text.tim10_read_right
                0x0000000008004168       0x24 ./Core/Src/tim10.o
                0x0000000008004168                tim10_read_right
 .text.tim11_init
                0x000000000800418c       0x1c ./Core/Src/tim11.o
                0x000000000800418c                tim11_init
 .text.tim11_main
                0x00000000080041a8       0x16 ./Core/Src/tim11.o
                0x00000000080041a8                tim11_main
 *fill*         0x00000000080041be        0x2 
 .text.tim6_init
                0x00000000080041c0       0x18 ./Core/Src/tim6.o
                0x00000000080041c0                tim6_init
 .text.tim6_start
                0x00000000080041d8       0x24 ./Core/Src/tim6.o
                0x00000000080041d8                tim6_start
 .text.tim6_stop
                0x00000000080041fc       0x1c ./Core/Src/tim6.o
                0x00000000080041fc                tim6_stop
 .text.tim6_main
                0x0000000008004218       0xf8 ./Core/Src/tim6.o
                0x0000000008004218                tim6_main
 .text.tim7_init
                0x0000000008004310       0x2c ./Core/Src/tim7.o
                0x0000000008004310                tim7_init
 .text.tim7_start
                0x000000000800433c       0x74 ./Core/Src/tim7.o
                0x000000000800433c                tim7_start
 .text.tim7_stop
                0x00000000080043b0       0x1c ./Core/Src/tim7.o
                0x00000000080043b0                tim7_stop
 .text.tim7_main
                0x00000000080043cc       0x44 ./Core/Src/tim7.o
                0x00000000080043cc                tim7_main
 .text.tim7_read_direction
                0x0000000008004410       0xf0 ./Core/Src/tim7.o
                0x0000000008004410                tim7_read_direction
 .text.tim7_main_emergency
                0x0000000008004500        0xc ./Core/Src/tim7.o
                0x0000000008004500                tim7_main_emergency
 .text.tim7_set_emergency
                0x000000000800450c       0x20 ./Core/Src/tim7.o
                0x000000000800450c                tim7_set_emergency
 .text.tim7_read_left
                0x000000000800452c       0x24 ./Core/Src/tim7.o
                0x000000000800452c                tim7_read_left
 .text.tim7_read_right
                0x0000000008004550       0x24 ./Core/Src/tim7.o
                0x0000000008004550                tim7_read_right
 .text.time_update_ms
                0x0000000008004574       0x40 ./Core/Src/time.o
                0x0000000008004574                time_update_ms
 .text.time_countup
                0x00000000080045b4       0x40 ./Core/Src/time.o
                0x00000000080045b4                time_countup
 .text.time_read_ms
                0x00000000080045f4       0x18 ./Core/Src/time.o
                0x00000000080045f4                time_read_ms
 *fill*         0x000000000800460c        0x4 
 .text.tracer_start
                0x0000000008004610       0x48 ./Core/Src/tracer.o
                0x0000000008004610                tracer_start
 .text.tracer_stop
                0x0000000008004658       0x10 ./Core/Src/tracer.o
                0x0000000008004658                tracer_stop
 .text.tracer_init
                0x0000000008004668       0x24 ./Core/Src/tracer.o
                0x0000000008004668                tracer_init
 .text.tracer_set_gain_zero
                0x000000000800468c       0x20 ./Core/Src/tracer.o
                0x000000000800468c                tracer_set_gain_zero
 .text.tracer_set_target_zero
                0x00000000080046ac       0x3c ./Core/Src/tracer.o
                0x00000000080046ac                tracer_set_target_zero
 .text.tracer_read_gain_kp
                0x00000000080046e8       0x68 ./Core/Src/tracer.o
                0x00000000080046e8                tracer_read_gain_kp
 .text.tracer_read_gain_ki
                0x0000000008004750       0x60 ./Core/Src/tracer.o
                0x0000000008004750                tracer_read_gain_ki
 .text.tracer_read_gain_kd
                0x00000000080047b0       0x60 ./Core/Src/tracer.o
                0x00000000080047b0                tracer_read_gain_kd
 .text.tracer_set_gain
                0x0000000008004810       0x58 ./Core/Src/tracer.o
                0x0000000008004810                tracer_set_gain
 .text.tracer_set_target
                0x0000000008004868       0x24 ./Core/Src/tracer.o
                0x0000000008004868                tracer_set_target
 .text.tracer_solve
                0x000000000800488c       0xec ./Core/Src/tracer.o
                0x000000000800488c                tracer_solve
 .text.velotrace_init
                0x0000000008004978       0x24 ./Core/Src/velotrace.o
                0x0000000008004978                velotrace_init
 .text.velotrace_start
                0x000000000800499c       0x8c ./Core/Src/velotrace.o
                0x000000000800499c                velotrace_start
 .text.velotrace_stop
                0x0000000008004a28       0x10 ./Core/Src/velotrace.o
                0x0000000008004a28                velotrace_stop
 .text.velotrace_read_target
                0x0000000008004a38       0x60 ./Core/Src/velotrace.o
                0x0000000008004a38                velotrace_read_target
 .text.velotrace_read_gain_kp
                0x0000000008004a98       0x60 ./Core/Src/velotrace.o
                0x0000000008004a98                velotrace_read_gain_kp
 .text.velotrace_read_gain_ki
                0x0000000008004af8       0x60 ./Core/Src/velotrace.o
                0x0000000008004af8                velotrace_read_gain_ki
 .text.velotrace_read_gain_kd
                0x0000000008004b58       0x60 ./Core/Src/velotrace.o
                0x0000000008004b58                velotrace_read_gain_kd
 .text.velotrace_set_gain
                0x0000000008004bb8       0x58 ./Core/Src/velotrace.o
                0x0000000008004bb8                velotrace_set_gain
 .text.velotrace_set_target
                0x0000000008004c10       0x2c ./Core/Src/velotrace.o
                0x0000000008004c10                velotrace_set_target
 .text.velotrace_read_values
                0x0000000008004c3c       0x14 ./Core/Src/velotrace.o
                0x0000000008004c3c                velotrace_read_values
 .text.velotrace_set_gain_zero
                0x0000000008004c50       0x3c ./Core/Src/velotrace.o
                0x0000000008004c50                velotrace_set_gain_zero
 .text.velotrace_set_target_zero
                0x0000000008004c8c       0x20 ./Core/Src/velotrace.o
                0x0000000008004c8c                velotrace_set_target_zero
 .text.velotrace_solve
                0x0000000008004cac      0x104 ./Core/Src/velotrace.o
                0x0000000008004cac                velotrace_solve
 .text.Reset_Handler
                0x0000000008004db0       0x50 ./Core/Startup/startup_stm32f405rgtx.o
                0x0000000008004db0                Reset_Handler
 .text.Default_Handler
                0x0000000008004e00        0x2 ./Core/Startup/startup_stm32f405rgtx.o
                0x0000000008004e00                RTC_Alarm_IRQHandler
                0x0000000008004e00                HASH_RNG_IRQHandler
                0x0000000008004e00                EXTI2_IRQHandler
                0x0000000008004e00                TIM8_CC_IRQHandler
                0x0000000008004e00                TIM1_CC_IRQHandler
                0x0000000008004e00                DMA2_Stream5_IRQHandler
                0x0000000008004e00                DMA1_Stream5_IRQHandler
                0x0000000008004e00                PVD_IRQHandler
                0x0000000008004e00                SDIO_IRQHandler
                0x0000000008004e00                TAMP_STAMP_IRQHandler
                0x0000000008004e00                CAN2_RX1_IRQHandler
                0x0000000008004e00                EXTI3_IRQHandler
                0x0000000008004e00                TIM8_TRG_COM_TIM14_IRQHandler
                0x0000000008004e00                TIM8_UP_TIM13_IRQHandler
                0x0000000008004e00                I2C3_ER_IRQHandler
                0x0000000008004e00                EXTI0_IRQHandler
                0x0000000008004e00                I2C2_EV_IRQHandler
                0x0000000008004e00                DMA1_Stream2_IRQHandler
                0x0000000008004e00                CAN1_RX0_IRQHandler
                0x0000000008004e00                FPU_IRQHandler
                0x0000000008004e00                OTG_HS_WKUP_IRQHandler
                0x0000000008004e00                CAN2_SCE_IRQHandler
                0x0000000008004e00                DMA2_Stream2_IRQHandler
                0x0000000008004e00                SPI1_IRQHandler
                0x0000000008004e00                TIM1_BRK_TIM9_IRQHandler
                0x0000000008004e00                CAN2_RX0_IRQHandler
                0x0000000008004e00                DMA2_Stream3_IRQHandler
                0x0000000008004e00                USART6_IRQHandler
                0x0000000008004e00                USART3_IRQHandler
                0x0000000008004e00                CAN1_RX1_IRQHandler
                0x0000000008004e00                UART5_IRQHandler
                0x0000000008004e00                TIM4_IRQHandler
                0x0000000008004e00                I2C1_EV_IRQHandler
                0x0000000008004e00                DMA1_Stream6_IRQHandler
                0x0000000008004e00                DMA1_Stream1_IRQHandler
                0x0000000008004e00                UART4_IRQHandler
                0x0000000008004e00                TIM3_IRQHandler
                0x0000000008004e00                RCC_IRQHandler
                0x0000000008004e00                TIM8_BRK_TIM12_IRQHandler
                0x0000000008004e00                Default_Handler
                0x0000000008004e00                EXTI15_10_IRQHandler
                0x0000000008004e00                ADC_IRQHandler
                0x0000000008004e00                DMA1_Stream7_IRQHandler
                0x0000000008004e00                TIM7_IRQHandler
                0x0000000008004e00                CAN2_TX_IRQHandler
                0x0000000008004e00                TIM5_IRQHandler
                0x0000000008004e00                DMA2_Stream7_IRQHandler
                0x0000000008004e00                I2C3_EV_IRQHandler
                0x0000000008004e00                EXTI9_5_IRQHandler
                0x0000000008004e00                RTC_WKUP_IRQHandler
                0x0000000008004e00                SPI2_IRQHandler
                0x0000000008004e00                OTG_HS_EP1_IN_IRQHandler
                0x0000000008004e00                DMA1_Stream0_IRQHandler
                0x0000000008004e00                CAN1_TX_IRQHandler
                0x0000000008004e00                EXTI4_IRQHandler
                0x0000000008004e00                FSMC_IRQHandler
                0x0000000008004e00                OTG_HS_EP1_OUT_IRQHandler
                0x0000000008004e00                WWDG_IRQHandler
                0x0000000008004e00                TIM2_IRQHandler
                0x0000000008004e00                OTG_FS_WKUP_IRQHandler
                0x0000000008004e00                OTG_HS_IRQHandler
                0x0000000008004e00                EXTI1_IRQHandler
                0x0000000008004e00                USART2_IRQHandler
                0x0000000008004e00                I2C2_ER_IRQHandler
                0x0000000008004e00                DMA2_Stream1_IRQHandler
                0x0000000008004e00                CAN1_SCE_IRQHandler
                0x0000000008004e00                FLASH_IRQHandler
                0x0000000008004e00                DMA2_Stream4_IRQHandler
                0x0000000008004e00                USART1_IRQHandler
                0x0000000008004e00                OTG_FS_IRQHandler
                0x0000000008004e00                SPI3_IRQHandler
                0x0000000008004e00                DMA1_Stream4_IRQHandler
                0x0000000008004e00                I2C1_ER_IRQHandler
                0x0000000008004e00                DMA2_Stream6_IRQHandler
                0x0000000008004e00                DMA1_Stream3_IRQHandler
 *fill*         0x0000000008004e02        0x2 
 .text.HAL_Init
                0x0000000008004e04       0x44 ./Drivers/STM32F4xx_HAL_Driver/Src/stm32f4xx_hal.o
                0x0000000008004e04                HAL_Init
 .text.HAL_InitTick
                0x0000000008004e48       0x60 ./Drivers/STM32F4xx_HAL_Driver/Src/stm32f4xx_hal.o
                0x0000000008004e48                HAL_InitTick
 .text.HAL_IncTick
                0x0000000008004ea8       0x28 ./Drivers/STM32F4xx_HAL_Driver/Src/stm32f4xx_hal.o
                0x0000000008004ea8                HAL_IncTick
 .text.HAL_GetTick
                0x0000000008004ed0       0x18 ./Drivers/STM32F4xx_HAL_Driver/Src/stm32f4xx_hal.o
                0x0000000008004ed0                HAL_GetTick
 .text.HAL_Delay
                0x0000000008004ee8       0x48 ./Drivers/STM32F4xx_HAL_Driver/Src/stm32f4xx_hal.o
                0x0000000008004ee8                HAL_Delay
 .text.HAL_ADC_Init
                0x0000000008004f30       0x86 ./Drivers/STM32F4xx_HAL_Driver/Src/stm32f4xx_hal_adc.o
                0x0000000008004f30                HAL_ADC_Init
 *fill*         0x0000000008004fb6        0x2 
 .text.HAL_ADC_Start_DMA
                0x0000000008004fb8      0x220 ./Drivers/STM32F4xx_HAL_Driver/Src/stm32f4xx_hal_adc.o
                0x0000000008004fb8                HAL_ADC_Start_DMA
 .text.HAL_ADC_Stop_DMA
                0x00000000080051d8       0xb4 ./Drivers/STM32F4xx_HAL_Driver/Src/stm32f4xx_hal_adc.o
                0x00000000080051d8                HAL_ADC_Stop_DMA
 .text.HAL_ADC_ConvHalfCpltCallback
                0x000000000800528c       0x14 ./Drivers/STM32F4xx_HAL_Driver/Src/stm32f4xx_hal_adc.o
                0x000000000800528c                HAL_ADC_ConvHalfCpltCallback
 .text.HAL_ADC_ErrorCallback
                0x00000000080052a0       0x14 ./Drivers/STM32F4xx_HAL_Driver/Src/stm32f4xx_hal_adc.o
                0x00000000080052a0                HAL_ADC_ErrorCallback
 .text.HAL_ADC_ConfigChannel
                0x00000000080052b4      0x244 ./Drivers/STM32F4xx_HAL_Driver/Src/stm32f4xx_hal_adc.o
                0x00000000080052b4                HAL_ADC_ConfigChannel
 .text.ADC_Init
                0x00000000080054f8      0x1f8 ./Drivers/STM32F4xx_HAL_Driver/Src/stm32f4xx_hal_adc.o
 .text.ADC_DMAConvCplt
                0x00000000080056f0       0xba ./Drivers/STM32F4xx_HAL_Driver/Src/stm32f4xx_hal_adc.o
 .text.ADC_DMAHalfConvCplt
                0x00000000080057aa       0x1c ./Drivers/STM32F4xx_HAL_Driver/Src/stm32f4xx_hal_adc.o
 .text.ADC_DMAError
                0x00000000080057c6       0x2e ./Drivers/STM32F4xx_HAL_Driver/Src/stm32f4xx_hal_adc.o
 .text.__NVIC_SetPriorityGrouping
                0x00000000080057f4       0x48 ./Drivers/STM32F4xx_HAL_Driver/Src/stm32f4xx_hal_cortex.o
 .text.__NVIC_GetPriorityGrouping
                0x000000000800583c       0x1c ./Drivers/STM32F4xx_HAL_Driver/Src/stm32f4xx_hal_cortex.o
 .text.__NVIC_EnableIRQ
                0x0000000008005858       0x3c ./Drivers/STM32F4xx_HAL_Driver/Src/stm32f4xx_hal_cortex.o
 .text.__NVIC_SetPriority
                0x0000000008005894       0x54 ./Drivers/STM32F4xx_HAL_Driver/Src/stm32f4xx_hal_cortex.o
 .text.NVIC_EncodePriority
                0x00000000080058e8       0x66 ./Drivers/STM32F4xx_HAL_Driver/Src/stm32f4xx_hal_cortex.o
 *fill*         0x000000000800594e        0x2 
 .text.SysTick_Config
                0x0000000008005950       0x44 ./Drivers/STM32F4xx_HAL_Driver/Src/stm32f4xx_hal_cortex.o
 .text.HAL_NVIC_SetPriorityGrouping
                0x0000000008005994       0x16 ./Drivers/STM32F4xx_HAL_Driver/Src/stm32f4xx_hal_cortex.o
                0x0000000008005994                HAL_NVIC_SetPriorityGrouping
 .text.HAL_NVIC_SetPriority
                0x00000000080059aa       0x38 ./Drivers/STM32F4xx_HAL_Driver/Src/stm32f4xx_hal_cortex.o
                0x00000000080059aa                HAL_NVIC_SetPriority
 .text.HAL_NVIC_EnableIRQ
                0x00000000080059e2       0x1c ./Drivers/STM32F4xx_HAL_Driver/Src/stm32f4xx_hal_cortex.o
                0x00000000080059e2                HAL_NVIC_EnableIRQ
 .text.HAL_SYSTICK_Config
                0x00000000080059fe       0x18 ./Drivers/STM32F4xx_HAL_Driver/Src/stm32f4xx_hal_cortex.o
                0x00000000080059fe                HAL_SYSTICK_Config
 *fill*         0x0000000008005a16        0x2 
 .text.HAL_DMA_Init
                0x0000000008005a18      0x15c ./Drivers/STM32F4xx_HAL_Driver/Src/stm32f4xx_hal_dma.o
                0x0000000008005a18                HAL_DMA_Init
 .text.HAL_DMA_Start_IT
                0x0000000008005b74       0xb0 ./Drivers/STM32F4xx_HAL_Driver/Src/stm32f4xx_hal_dma.o
                0x0000000008005b74                HAL_DMA_Start_IT
 .text.HAL_DMA_Abort
                0x0000000008005c24       0xe0 ./Drivers/STM32F4xx_HAL_Driver/Src/stm32f4xx_hal_dma.o
                0x0000000008005c24                HAL_DMA_Abort
 .text.HAL_DMA_IRQHandler
                0x0000000008005d04      0x314 ./Drivers/STM32F4xx_HAL_Driver/Src/stm32f4xx_hal_dma.o
                0x0000000008005d04                HAL_DMA_IRQHandler
 .text.DMA_SetConfig
                0x0000000008006018       0x5c ./Drivers/STM32F4xx_HAL_Driver/Src/stm32f4xx_hal_dma.o
 .text.DMA_CalcBaseAndBitshift
                0x0000000008006074       0x6c ./Drivers/STM32F4xx_HAL_Driver/Src/stm32f4xx_hal_dma.o
 .text.DMA_CheckFifoParam
                0x00000000080060e0       0xf8 ./Drivers/STM32F4xx_HAL_Driver/Src/stm32f4xx_hal_dma.o
 .text.HAL_FLASH_Program
                0x00000000080061d8       0xa8 ./Drivers/STM32F4xx_HAL_Driver/Src/stm32f4xx_hal_flash.o
                0x00000000080061d8                HAL_FLASH_Program
 .text.HAL_FLASH_Unlock
                0x0000000008006280       0x44 ./Drivers/STM32F4xx_HAL_Driver/Src/stm32f4xx_hal_flash.o
                0x0000000008006280                HAL_FLASH_Unlock
 .text.HAL_FLASH_Lock
                0x00000000080062c4       0x20 ./Drivers/STM32F4xx_HAL_Driver/Src/stm32f4xx_hal_flash.o
                0x00000000080062c4                HAL_FLASH_Lock
 .text.FLASH_WaitForLastOperation
                0x00000000080062e4       0x80 ./Drivers/STM32F4xx_HAL_Driver/Src/stm32f4xx_hal_flash.o
                0x00000000080062e4                FLASH_WaitForLastOperation
 .text.FLASH_Program_DoubleWord
                0x0000000008006364       0x64 ./Drivers/STM32F4xx_HAL_Driver/Src/stm32f4xx_hal_flash.o
 .text.FLASH_Program_Word
                0x00000000080063c8       0x44 ./Drivers/STM32F4xx_HAL_Driver/Src/stm32f4xx_hal_flash.o
 .text.FLASH_Program_HalfWord
                0x000000000800640c       0x48 ./Drivers/STM32F4xx_HAL_Driver/Src/stm32f4xx_hal_flash.o
 .text.FLASH_Program_Byte
                0x0000000008006454       0x44 ./Drivers/STM32F4xx_HAL_Driver/Src/stm32f4xx_hal_flash.o
 .text.FLASH_SetErrorCode
                0x0000000008006498       0xac ./Drivers/STM32F4xx_HAL_Driver/Src/stm32f4xx_hal_flash.o
 .text.HAL_FLASHEx_Erase
                0x0000000008006544       0xe0 ./Drivers/STM32F4xx_HAL_Driver/Src/stm32f4xx_hal_flash_ex.o
                0x0000000008006544                HAL_FLASHEx_Erase
 .text.FLASH_MassErase
                0x0000000008006624       0x48 ./Drivers/STM32F4xx_HAL_Driver/Src/stm32f4xx_hal_flash_ex.o
 .text.FLASH_Erase_Sector
                0x000000000800666c       0x90 ./Drivers/STM32F4xx_HAL_Driver/Src/stm32f4xx_hal_flash_ex.o
                0x000000000800666c                FLASH_Erase_Sector
 .text.FLASH_FlushCaches
                0x00000000080066fc       0x8c ./Drivers/STM32F4xx_HAL_Driver/Src/stm32f4xx_hal_flash_ex.o
                0x00000000080066fc                FLASH_FlushCaches
 .text.HAL_GPIO_Init
                0x0000000008006788      0x338 ./Drivers/STM32F4xx_HAL_Driver/Src/stm32f4xx_hal_gpio.o
                0x0000000008006788                HAL_GPIO_Init
 .text.HAL_GPIO_ReadPin
                0x0000000008006ac0       0x30 ./Drivers/STM32F4xx_HAL_Driver/Src/stm32f4xx_hal_gpio.o
                0x0000000008006ac0                HAL_GPIO_ReadPin
 .text.HAL_GPIO_WritePin
                0x0000000008006af0       0x32 ./Drivers/STM32F4xx_HAL_Driver/Src/stm32f4xx_hal_gpio.o
                0x0000000008006af0                HAL_GPIO_WritePin
 *fill*         0x0000000008006b22        0x2 
 .text.HAL_I2C_Init
                0x0000000008006b24      0x288 ./Drivers/STM32F4xx_HAL_Driver/Src/stm32f4xx_hal_i2c.o
                0x0000000008006b24                HAL_I2C_Init
 .text.HAL_RCC_OscConfig
                0x0000000008006dac      0x4f0 ./Drivers/STM32F4xx_HAL_Driver/Src/stm32f4xx_hal_rcc.o
                0x0000000008006dac                HAL_RCC_OscConfig
 .text.HAL_RCC_ClockConfig
                0x000000000800729c      0x1cc ./Drivers/STM32F4xx_HAL_Driver/Src/stm32f4xx_hal_rcc.o
                0x000000000800729c                HAL_RCC_ClockConfig
 .text.HAL_RCC_GetSysClockFreq
                0x0000000008007468      0x1c0 ./Drivers/STM32F4xx_HAL_Driver/Src/stm32f4xx_hal_rcc.o
                0x0000000008007468                HAL_RCC_GetSysClockFreq
 .text.HAL_RCC_GetHCLKFreq
                0x0000000008007628       0x18 ./Drivers/STM32F4xx_HAL_Driver/Src/stm32f4xx_hal_rcc.o
                0x0000000008007628                HAL_RCC_GetHCLKFreq
 .text.HAL_RCC_GetPCLK1Freq
                0x0000000008007640       0x28 ./Drivers/STM32F4xx_HAL_Driver/Src/stm32f4xx_hal_rcc.o
                0x0000000008007640                HAL_RCC_GetPCLK1Freq
 .text.HAL_RCC_GetPCLK2Freq
                0x0000000008007668       0x28 ./Drivers/STM32F4xx_HAL_Driver/Src/stm32f4xx_hal_rcc.o
                0x0000000008007668                HAL_RCC_GetPCLK2Freq
 .text.HAL_SPI_Init
                0x0000000008007690      0x112 ./Drivers/STM32F4xx_HAL_Driver/Src/stm32f4xx_hal_spi.o
                0x0000000008007690                HAL_SPI_Init
 .text.HAL_SPI_Transmit
                0x00000000080077a2      0x278 ./Drivers/STM32F4xx_HAL_Driver/Src/stm32f4xx_hal_spi.o
                0x00000000080077a2                HAL_SPI_Transmit
 .text.HAL_SPI_Receive
                0x0000000008007a1a      0x222 ./Drivers/STM32F4xx_HAL_Driver/Src/stm32f4xx_hal_spi.o
                0x0000000008007a1a                HAL_SPI_Receive
 .text.HAL_SPI_TransmitReceive
                0x0000000008007c3c      0x344 ./Drivers/STM32F4xx_HAL_Driver/Src/stm32f4xx_hal_spi.o
                0x0000000008007c3c                HAL_SPI_TransmitReceive
 .text.SPI_WaitFlagStateUntilTimeout
                0x0000000008007f80      0x110 ./Drivers/STM32F4xx_HAL_Driver/Src/stm32f4xx_hal_spi.o
 .text.SPI_EndRxTransaction
                0x0000000008008090       0xca ./Drivers/STM32F4xx_HAL_Driver/Src/stm32f4xx_hal_spi.o
 *fill*         0x000000000800815a        0x2 
 .text.SPI_EndRxTxTransaction
                0x000000000800815c       0x84 ./Drivers/STM32F4xx_HAL_Driver/Src/stm32f4xx_hal_spi.o
 .text.HAL_TIM_Base_Init
                0x00000000080081e0       0x9e ./Drivers/STM32F4xx_HAL_Driver/Src/stm32f4xx_hal_tim.o
                0x00000000080081e0                HAL_TIM_Base_Init
 *fill*         0x000000000800827e        0x2 
 .text.HAL_TIM_Base_Start_IT
                0x0000000008008280       0xe0 ./Drivers/STM32F4xx_HAL_Driver/Src/stm32f4xx_hal_tim.o
                0x0000000008008280                HAL_TIM_Base_Start_IT
 .text.HAL_TIM_Base_Stop_IT
                0x0000000008008360       0x5e ./Drivers/STM32F4xx_HAL_Driver/Src/stm32f4xx_hal_tim.o
                0x0000000008008360                HAL_TIM_Base_Stop_IT
 .text.HAL_TIM_PWM_Init
                0x00000000080083be       0x9e ./Drivers/STM32F4xx_HAL_Driver/Src/stm32f4xx_hal_tim.o
                0x00000000080083be                HAL_TIM_PWM_Init
 .text.HAL_TIM_PWM_Start
                0x000000000800845c      0x190 ./Drivers/STM32F4xx_HAL_Driver/Src/stm32f4xx_hal_tim.o
                0x000000000800845c                HAL_TIM_PWM_Start
 .text.HAL_TIM_PWM_Stop
                0x00000000080085ec       0xe0 ./Drivers/STM32F4xx_HAL_Driver/Src/stm32f4xx_hal_tim.o
                0x00000000080085ec                HAL_TIM_PWM_Stop
 .text.HAL_TIM_Encoder_Init
                0x00000000080086cc      0x14c ./Drivers/STM32F4xx_HAL_Driver/Src/stm32f4xx_hal_tim.o
                0x00000000080086cc                HAL_TIM_Encoder_Init
 .text.HAL_TIM_Encoder_Start
                0x0000000008008818      0x11c ./Drivers/STM32F4xx_HAL_Driver/Src/stm32f4xx_hal_tim.o
                0x0000000008008818                HAL_TIM_Encoder_Start
 .text.HAL_TIM_Encoder_Stop
                0x0000000008008934      0x12e ./Drivers/STM32F4xx_HAL_Driver/Src/stm32f4xx_hal_tim.o
                0x0000000008008934                HAL_TIM_Encoder_Stop
 .text.HAL_TIM_IRQHandler
                0x0000000008008a62      0x210 ./Drivers/STM32F4xx_HAL_Driver/Src/stm32f4xx_hal_tim.o
                0x0000000008008a62                HAL_TIM_IRQHandler
 *fill*         0x0000000008008c72        0x2 
 .text.HAL_TIM_PWM_ConfigChannel
                0x0000000008008c74      0x184 ./Drivers/STM32F4xx_HAL_Driver/Src/stm32f4xx_hal_tim.o
                0x0000000008008c74                HAL_TIM_PWM_ConfigChannel
 .text.HAL_TIM_OC_DelayElapsedCallback
                0x0000000008008df8       0x14 ./Drivers/STM32F4xx_HAL_Driver/Src/stm32f4xx_hal_tim.o
                0x0000000008008df8                HAL_TIM_OC_DelayElapsedCallback
 .text.HAL_TIM_IC_CaptureCallback
                0x0000000008008e0c       0x14 ./Drivers/STM32F4xx_HAL_Driver/Src/stm32f4xx_hal_tim.o
                0x0000000008008e0c                HAL_TIM_IC_CaptureCallback
 .text.HAL_TIM_PWM_PulseFinishedCallback
                0x0000000008008e20       0x14 ./Drivers/STM32F4xx_HAL_Driver/Src/stm32f4xx_hal_tim.o
                0x0000000008008e20                HAL_TIM_PWM_PulseFinishedCallback
 .text.HAL_TIM_TriggerCallback
                0x0000000008008e34       0x14 ./Drivers/STM32F4xx_HAL_Driver/Src/stm32f4xx_hal_tim.o
                0x0000000008008e34                HAL_TIM_TriggerCallback
 .text.TIM_Base_SetConfig
                0x0000000008008e48      0x140 ./Drivers/STM32F4xx_HAL_Driver/Src/stm32f4xx_hal_tim.o
                0x0000000008008e48                TIM_Base_SetConfig
 .text.TIM_OC1_SetConfig
                0x0000000008008f88       0xe0 ./Drivers/STM32F4xx_HAL_Driver/Src/stm32f4xx_hal_tim.o
 .text.TIM_OC2_SetConfig
                0x0000000008009068       0xec ./Drivers/STM32F4xx_HAL_Driver/Src/stm32f4xx_hal_tim.o
                0x0000000008009068                TIM_OC2_SetConfig
 .text.TIM_OC3_SetConfig
                0x0000000008009154       0xe8 ./Drivers/STM32F4xx_HAL_Driver/Src/stm32f4xx_hal_tim.o
 .text.TIM_OC4_SetConfig
                0x000000000800923c       0xac ./Drivers/STM32F4xx_HAL_Driver/Src/stm32f4xx_hal_tim.o
 .text.TIM_CCxChannelCmd
                0x00000000080092e8       0x4a ./Drivers/STM32F4xx_HAL_Driver/Src/stm32f4xx_hal_tim.o
                0x00000000080092e8                TIM_CCxChannelCmd
 *fill*         0x0000000008009332        0x2 
 .text.HAL_TIMEx_MasterConfigSynchronization
                0x0000000008009334       0xf8 ./Drivers/STM32F4xx_HAL_Driver/Src/stm32f4xx_hal_tim_ex.o
                0x0000000008009334                HAL_TIMEx_MasterConfigSynchronization
 .text.HAL_TIMEx_CommutCallback
                0x000000000800942c       0x14 ./Drivers/STM32F4xx_HAL_Driver/Src/stm32f4xx_hal_tim_ex.o
                0x000000000800942c                HAL_TIMEx_CommutCallback
 .text.HAL_TIMEx_BreakCallback
                0x0000000008009440       0x14 ./Drivers/STM32F4xx_HAL_Driver/Src/stm32f4xx_hal_tim_ex.o
                0x0000000008009440                HAL_TIMEx_BreakCallback
 .text.HAL_UART_Init
                0x0000000008009454       0x9a ./Drivers/STM32F4xx_HAL_Driver/Src/stm32f4xx_hal_uart.o
                0x0000000008009454                HAL_UART_Init
 .text.HAL_UART_Transmit
                0x00000000080094ee      0x124 ./Drivers/STM32F4xx_HAL_Driver/Src/stm32f4xx_hal_uart.o
                0x00000000080094ee                HAL_UART_Transmit
 .text.UART_WaitOnFlagUntilTimeout
                0x0000000008009612       0xdc ./Drivers/STM32F4xx_HAL_Driver/Src/stm32f4xx_hal_uart.o
 *fill*         0x00000000080096ee        0x2 
 .text.UART_SetConfig
                0x00000000080096f0      0x390 ./Drivers/STM32F4xx_HAL_Driver/Src/stm32f4xx_hal_uart.o
 .text.__errno  0x0000000008009a80        0xc c:/st/stm32cubeide_1.8.0/stm32cubeide/plugins/com.st.stm32cube.ide.mcu.externaltools.gnu-tools-for-stm32.9-2020-q2-update.win32_2.0.0.202105311346/tools/bin/../lib/gcc/arm-none-eabi/9.3.1/../../../../arm-none-eabi/lib/thumb/v7e-m+fp/hard\libc_nano.a(lib_a-errno.o)
                0x0000000008009a80                __errno
 .text.__libc_init_array
                0x0000000008009a8c       0x48 c:/st/stm32cubeide_1.8.0/stm32cubeide/plugins/com.st.stm32cube.ide.mcu.externaltools.gnu-tools-for-stm32.9-2020-q2-update.win32_2.0.0.202105311346/tools/bin/../lib/gcc/arm-none-eabi/9.3.1/../../../../arm-none-eabi/lib/thumb/v7e-m+fp/hard\libc_nano.a(lib_a-init.o)
                0x0000000008009a8c                __libc_init_array
 .text.memcpy   0x0000000008009ad4       0x1c c:/st/stm32cubeide_1.8.0/stm32cubeide/plugins/com.st.stm32cube.ide.mcu.externaltools.gnu-tools-for-stm32.9-2020-q2-update.win32_2.0.0.202105311346/tools/bin/../lib/gcc/arm-none-eabi/9.3.1/../../../../arm-none-eabi/lib/thumb/v7e-m+fp/hard\libc_nano.a(lib_a-memcpy-stub.o)
                0x0000000008009ad4                memcpy
 .text.memset   0x0000000008009af0       0x10 c:/st/stm32cubeide_1.8.0/stm32cubeide/plugins/com.st.stm32cube.ide.mcu.externaltools.gnu-tools-for-stm32.9-2020-q2-update.win32_2.0.0.202105311346/tools/bin/../lib/gcc/arm-none-eabi/9.3.1/../../../../arm-none-eabi/lib/thumb/v7e-m+fp/hard\libc_nano.a(lib_a-memset.o)
                0x0000000008009af0                memset
 .text.__cvt    0x0000000008009b00       0xc4 c:/st/stm32cubeide_1.8.0/stm32cubeide/plugins/com.st.stm32cube.ide.mcu.externaltools.gnu-tools-for-stm32.9-2020-q2-update.win32_2.0.0.202105311346/tools/bin/../lib/gcc/arm-none-eabi/9.3.1/../../../../arm-none-eabi/lib/thumb/v7e-m+fp/hard\libc_nano.a(lib_a-nano-vfprintf_float.o)
                0x0000000008009b00                __cvt
 .text.__exponent
                0x0000000008009bc4       0x7c c:/st/stm32cubeide_1.8.0/stm32cubeide/plugins/com.st.stm32cube.ide.mcu.externaltools.gnu-tools-for-stm32.9-2020-q2-update.win32_2.0.0.202105311346/tools/bin/../lib/gcc/arm-none-eabi/9.3.1/../../../../arm-none-eabi/lib/thumb/v7e-m+fp/hard\libc_nano.a(lib_a-nano-vfprintf_float.o)
                0x0000000008009bc4                __exponent
 .text._printf_float
                0x0000000008009c40      0x46c c:/st/stm32cubeide_1.8.0/stm32cubeide/plugins/com.st.stm32cube.ide.mcu.externaltools.gnu-tools-for-stm32.9-2020-q2-update.win32_2.0.0.202105311346/tools/bin/../lib/gcc/arm-none-eabi/9.3.1/../../../../arm-none-eabi/lib/thumb/v7e-m+fp/hard\libc_nano.a(lib_a-nano-vfprintf_float.o)
                0x0000000008009c40                _printf_float
 .text._printf_common
                0x000000000800a0ac       0xda c:/st/stm32cubeide_1.8.0/stm32cubeide/plugins/com.st.stm32cube.ide.mcu.externaltools.gnu-tools-for-stm32.9-2020-q2-update.win32_2.0.0.202105311346/tools/bin/../lib/gcc/arm-none-eabi/9.3.1/../../../../arm-none-eabi/lib/thumb/v7e-m+fp/hard\libc_nano.a(lib_a-nano-vfprintf_i.o)
                0x000000000800a0ac                _printf_common
 *fill*         0x000000000800a186        0x2 
 .text._printf_i
                0x000000000800a188      0x24c c:/st/stm32cubeide_1.8.0/stm32cubeide/plugins/com.st.stm32cube.ide.mcu.externaltools.gnu-tools-for-stm32.9-2020-q2-update.win32_2.0.0.202105311346/tools/bin/../lib/gcc/arm-none-eabi/9.3.1/../../../../arm-none-eabi/lib/thumb/v7e-m+fp/hard\libc_nano.a(lib_a-nano-vfprintf_i.o)
                0x000000000800a188                _printf_i
 .text._scanf_float
                0x000000000800a3d4      0x420 c:/st/stm32cubeide_1.8.0/stm32cubeide/plugins/com.st.stm32cube.ide.mcu.externaltools.gnu-tools-for-stm32.9-2020-q2-update.win32_2.0.0.202105311346/tools/bin/../lib/gcc/arm-none-eabi/9.3.1/../../../../arm-none-eabi/lib/thumb/v7e-m+fp/hard\libc_nano.a(lib_a-nano-vfscanf_float.o)
                0x000000000800a3d4                _scanf_float
 .text.printf   0x000000000800a7f4       0x30 c:/st/stm32cubeide_1.8.0/stm32cubeide/plugins/com.st.stm32cube.ide.mcu.externaltools.gnu-tools-for-stm32.9-2020-q2-update.win32_2.0.0.202105311346/tools/bin/../lib/gcc/arm-none-eabi/9.3.1/../../../../arm-none-eabi/lib/thumb/v7e-m+fp/hard\libc_nano.a(lib_a-printf.o)
                0x000000000800a7f4                iprintf
                0x000000000800a7f4                printf
 .text._puts_r  0x000000000800a824       0xdc c:/st/stm32cubeide_1.8.0/stm32cubeide/plugins/com.st.stm32cube.ide.mcu.externaltools.gnu-tools-for-stm32.9-2020-q2-update.win32_2.0.0.202105311346/tools/bin/../lib/gcc/arm-none-eabi/9.3.1/../../../../arm-none-eabi/lib/thumb/v7e-m+fp/hard\libc_nano.a(lib_a-puts.o)
                0x000000000800a824                _puts_r
 .text.puts     0x000000000800a900       0x10 c:/st/stm32cubeide_1.8.0/stm32cubeide/plugins/com.st.stm32cube.ide.mcu.externaltools.gnu-tools-for-stm32.9-2020-q2-update.win32_2.0.0.202105311346/tools/bin/../lib/gcc/arm-none-eabi/9.3.1/../../../../arm-none-eabi/lib/thumb/v7e-m+fp/hard\libc_nano.a(lib_a-puts.o)
                0x000000000800a900                puts
 .text.nanf     0x000000000800a910        0xc c:/st/stm32cubeide_1.8.0/stm32cubeide/plugins/com.st.stm32cube.ide.mcu.externaltools.gnu-tools-for-stm32.9-2020-q2-update.win32_2.0.0.202105311346/tools/bin/../lib/gcc/arm-none-eabi/9.3.1/../../../../arm-none-eabi/lib/thumb/v7e-m+fp/hard\libc_nano.a(lib_a-sf_nan.o)
                0x000000000800a910                nanf
 .text.sprintf  0x000000000800a91c       0x40 c:/st/stm32cubeide_1.8.0/stm32cubeide/plugins/com.st.stm32cube.ide.mcu.externaltools.gnu-tools-for-stm32.9-2020-q2-update.win32_2.0.0.202105311346/tools/bin/../lib/gcc/arm-none-eabi/9.3.1/../../../../arm-none-eabi/lib/thumb/v7e-m+fp/hard\libc_nano.a(lib_a-sprintf.o)
                0x000000000800a91c                siprintf
                0x000000000800a91c                sprintf
 .text.sulp     0x000000000800a95c       0x38 c:/st/stm32cubeide_1.8.0/stm32cubeide/plugins/com.st.stm32cube.ide.mcu.externaltools.gnu-tools-for-stm32.9-2020-q2-update.win32_2.0.0.202105311346/tools/bin/../lib/gcc/arm-none-eabi/9.3.1/../../../../arm-none-eabi/lib/thumb/v7e-m+fp/hard\libc_nano.a(lib_a-strtod.o)
 *fill*         0x000000000800a994        0x4 
 .text._strtod_l
                0x000000000800a998      0xc14 c:/st/stm32cubeide_1.8.0/stm32cubeide/plugins/com.st.stm32cube.ide.mcu.externaltools.gnu-tools-for-stm32.9-2020-q2-update.win32_2.0.0.202105311346/tools/bin/../lib/gcc/arm-none-eabi/9.3.1/../../../../arm-none-eabi/lib/thumb/v7e-m+fp/hard\libc_nano.a(lib_a-strtod.o)
                0x000000000800a998                _strtod_l
 .text._strtod_r
                0x000000000800b5ac        0xc c:/st/stm32cubeide_1.8.0/stm32cubeide/plugins/com.st.stm32cube.ide.mcu.externaltools.gnu-tools-for-stm32.9-2020-q2-update.win32_2.0.0.202105311346/tools/bin/../lib/gcc/arm-none-eabi/9.3.1/../../../../arm-none-eabi/lib/thumb/v7e-m+fp/hard\libc_nano.a(lib_a-strtod.o)
                0x000000000800b5ac                _strtod_r
 .text._strtol_l.isra.0
                0x000000000800b5b8      0x108 c:/st/stm32cubeide_1.8.0/stm32cubeide/plugins/com.st.stm32cube.ide.mcu.externaltools.gnu-tools-for-stm32.9-2020-q2-update.win32_2.0.0.202105311346/tools/bin/../lib/gcc/arm-none-eabi/9.3.1/../../../../arm-none-eabi/lib/thumb/v7e-m+fp/hard\libc_nano.a(lib_a-strtol.o)
 .text._strtol_r
                0x000000000800b6c0        0x4 c:/st/stm32cubeide_1.8.0/stm32cubeide/plugins/com.st.stm32cube.ide.mcu.externaltools.gnu-tools-for-stm32.9-2020-q2-update.win32_2.0.0.202105311346/tools/bin/../lib/gcc/arm-none-eabi/9.3.1/../../../../arm-none-eabi/lib/thumb/v7e-m+fp/hard\libc_nano.a(lib_a-strtol.o)
                0x000000000800b6c0                _strtol_r
 .text.__swbuf_r
                0x000000000800b6c4       0xa4 c:/st/stm32cubeide_1.8.0/stm32cubeide/plugins/com.st.stm32cube.ide.mcu.externaltools.gnu-tools-for-stm32.9-2020-q2-update.win32_2.0.0.202105311346/tools/bin/../lib/gcc/arm-none-eabi/9.3.1/../../../../arm-none-eabi/lib/thumb/v7e-m+fp/hard\libc_nano.a(lib_a-wbuf.o)
                0x000000000800b6c4                __swbuf_r
 .text.__swsetup_r
                0x000000000800b768       0xdc c:/st/stm32cubeide_1.8.0/stm32cubeide/plugins/com.st.stm32cube.ide.mcu.externaltools.gnu-tools-for-stm32.9-2020-q2-update.win32_2.0.0.202105311346/tools/bin/../lib/gcc/arm-none-eabi/9.3.1/../../../../arm-none-eabi/lib/thumb/v7e-m+fp/hard\libc_nano.a(lib_a-wsetup.o)
                0x000000000800b768                __swsetup_r
 .text.quorem   0x000000000800b844      0x116 c:/st/stm32cubeide_1.8.0/stm32cubeide/plugins/com.st.stm32cube.ide.mcu.externaltools.gnu-tools-for-stm32.9-2020-q2-update.win32_2.0.0.202105311346/tools/bin/../lib/gcc/arm-none-eabi/9.3.1/../../../../arm-none-eabi/lib/thumb/v7e-m+fp/hard\libc_nano.a(lib_a-dtoa.o)
 *fill*         0x000000000800b95a        0x6 
 .text._dtoa_r  0x000000000800b960      0xbd8 c:/st/stm32cubeide_1.8.0/stm32cubeide/plugins/com.st.stm32cube.ide.mcu.externaltools.gnu-tools-for-stm32.9-2020-q2-update.win32_2.0.0.202105311346/tools/bin/../lib/gcc/arm-none-eabi/9.3.1/../../../../arm-none-eabi/lib/thumb/v7e-m+fp/hard\libc_nano.a(lib_a-dtoa.o)
                0x000000000800b960                _dtoa_r
 .text.__sflush_r
                0x000000000800c538      0x10c c:/st/stm32cubeide_1.8.0/stm32cubeide/plugins/com.st.stm32cube.ide.mcu.externaltools.gnu-tools-for-stm32.9-2020-q2-update.win32_2.0.0.202105311346/tools/bin/../lib/gcc/arm-none-eabi/9.3.1/../../../../arm-none-eabi/lib/thumb/v7e-m+fp/hard\libc_nano.a(lib_a-fflush.o)
                0x000000000800c538                __sflush_r
 .text._fflush_r
                0x000000000800c644       0x78 c:/st/stm32cubeide_1.8.0/stm32cubeide/plugins/com.st.stm32cube.ide.mcu.externaltools.gnu-tools-for-stm32.9-2020-q2-update.win32_2.0.0.202105311346/tools/bin/../lib/gcc/arm-none-eabi/9.3.1/../../../../arm-none-eabi/lib/thumb/v7e-m+fp/hard\libc_nano.a(lib_a-fflush.o)
                0x000000000800c644                _fflush_r
 .text.std      0x000000000800c6bc       0x48 c:/st/stm32cubeide_1.8.0/stm32cubeide/plugins/com.st.stm32cube.ide.mcu.externaltools.gnu-tools-for-stm32.9-2020-q2-update.win32_2.0.0.202105311346/tools/bin/../lib/gcc/arm-none-eabi/9.3.1/../../../../arm-none-eabi/lib/thumb/v7e-m+fp/hard\libc_nano.a(lib_a-findfp.o)
 .text._cleanup_r
                0x000000000800c704        0xc c:/st/stm32cubeide_1.8.0/stm32cubeide/plugins/com.st.stm32cube.ide.mcu.externaltools.gnu-tools-for-stm32.9-2020-q2-update.win32_2.0.0.202105311346/tools/bin/../lib/gcc/arm-none-eabi/9.3.1/../../../../arm-none-eabi/lib/thumb/v7e-m+fp/hard\libc_nano.a(lib_a-findfp.o)
                0x000000000800c704                _cleanup_r
 .text.__sfmoreglue
                0x000000000800c710       0x2c c:/st/stm32cubeide_1.8.0/stm32cubeide/plugins/com.st.stm32cube.ide.mcu.externaltools.gnu-tools-for-stm32.9-2020-q2-update.win32_2.0.0.202105311346/tools/bin/../lib/gcc/arm-none-eabi/9.3.1/../../../../arm-none-eabi/lib/thumb/v7e-m+fp/hard\libc_nano.a(lib_a-findfp.o)
                0x000000000800c710                __sfmoreglue
 .text.__sfp_lock_acquire
                0x000000000800c73c        0xc c:/st/stm32cubeide_1.8.0/stm32cubeide/plugins/com.st.stm32cube.ide.mcu.externaltools.gnu-tools-for-stm32.9-2020-q2-update.win32_2.0.0.202105311346/tools/bin/../lib/gcc/arm-none-eabi/9.3.1/../../../../arm-none-eabi/lib/thumb/v7e-m+fp/hard\libc_nano.a(lib_a-findfp.o)
                0x000000000800c73c                __sfp_lock_acquire
 .text.__sfp_lock_release
                0x000000000800c748        0xc c:/st/stm32cubeide_1.8.0/stm32cubeide/plugins/com.st.stm32cube.ide.mcu.externaltools.gnu-tools-for-stm32.9-2020-q2-update.win32_2.0.0.202105311346/tools/bin/../lib/gcc/arm-none-eabi/9.3.1/../../../../arm-none-eabi/lib/thumb/v7e-m+fp/hard\libc_nano.a(lib_a-findfp.o)
                0x000000000800c748                __sfp_lock_release
 .text.__sinit_lock_acquire
                0x000000000800c754        0xc c:/st/stm32cubeide_1.8.0/stm32cubeide/plugins/com.st.stm32cube.ide.mcu.externaltools.gnu-tools-for-stm32.9-2020-q2-update.win32_2.0.0.202105311346/tools/bin/../lib/gcc/arm-none-eabi/9.3.1/../../../../arm-none-eabi/lib/thumb/v7e-m+fp/hard\libc_nano.a(lib_a-findfp.o)
                0x000000000800c754                __sinit_lock_acquire
 .text.__sinit_lock_release
                0x000000000800c760        0xc c:/st/stm32cubeide_1.8.0/stm32cubeide/plugins/com.st.stm32cube.ide.mcu.externaltools.gnu-tools-for-stm32.9-2020-q2-update.win32_2.0.0.202105311346/tools/bin/../lib/gcc/arm-none-eabi/9.3.1/../../../../arm-none-eabi/lib/thumb/v7e-m+fp/hard\libc_nano.a(lib_a-findfp.o)
                0x000000000800c760                __sinit_lock_release
 .text.__sinit  0x000000000800c76c       0x70 c:/st/stm32cubeide_1.8.0/stm32cubeide/plugins/com.st.stm32cube.ide.mcu.externaltools.gnu-tools-for-stm32.9-2020-q2-update.win32_2.0.0.202105311346/tools/bin/../lib/gcc/arm-none-eabi/9.3.1/../../../../arm-none-eabi/lib/thumb/v7e-m+fp/hard\libc_nano.a(lib_a-findfp.o)
                0x000000000800c76c                __sinit
 .text.__sfp    0x000000000800c7dc       0x8c c:/st/stm32cubeide_1.8.0/stm32cubeide/plugins/com.st.stm32cube.ide.mcu.externaltools.gnu-tools-for-stm32.9-2020-q2-update.win32_2.0.0.202105311346/tools/bin/../lib/gcc/arm-none-eabi/9.3.1/../../../../arm-none-eabi/lib/thumb/v7e-m+fp/hard\libc_nano.a(lib_a-findfp.o)
                0x000000000800c7dc                __sfp
 .text._fwalk_reent
                0x000000000800c868       0x3e c:/st/stm32cubeide_1.8.0/stm32cubeide/plugins/com.st.stm32cube.ide.mcu.externaltools.gnu-tools-for-stm32.9-2020-q2-update.win32_2.0.0.202105311346/tools/bin/../lib/gcc/arm-none-eabi/9.3.1/../../../../arm-none-eabi/lib/thumb/v7e-m+fp/hard\libc_nano.a(lib_a-fwalk.o)
                0x000000000800c868                _fwalk_reent
 .text.rshift   0x000000000800c8a6       0xa4 c:/st/stm32cubeide_1.8.0/stm32cubeide/plugins/com.st.stm32cube.ide.mcu.externaltools.gnu-tools-for-stm32.9-2020-q2-update.win32_2.0.0.202105311346/tools/bin/../lib/gcc/arm-none-eabi/9.3.1/../../../../arm-none-eabi/lib/thumb/v7e-m+fp/hard\libc_nano.a(lib_a-gdtoa-gethex.o)
 .text.__hexdig_fun
                0x000000000800c94a       0x2a c:/st/stm32cubeide_1.8.0/stm32cubeide/plugins/com.st.stm32cube.ide.mcu.externaltools.gnu-tools-for-stm32.9-2020-q2-update.win32_2.0.0.202105311346/tools/bin/../lib/gcc/arm-none-eabi/9.3.1/../../../../arm-none-eabi/lib/thumb/v7e-m+fp/hard\libc_nano.a(lib_a-gdtoa-gethex.o)
                0x000000000800c94a                __hexdig_fun
 .text.__gethex
                0x000000000800c974      0x48c c:/st/stm32cubeide_1.8.0/stm32cubeide/plugins/com.st.stm32cube.ide.mcu.externaltools.gnu-tools-for-stm32.9-2020-q2-update.win32_2.0.0.202105311346/tools/bin/../lib/gcc/arm-none-eabi/9.3.1/../../../../arm-none-eabi/lib/thumb/v7e-m+fp/hard\libc_nano.a(lib_a-gdtoa-gethex.o)
                0x000000000800c974                __gethex
 .text.L_shift  0x000000000800ce00       0x24 c:/st/stm32cubeide_1.8.0/stm32cubeide/plugins/com.st.stm32cube.ide.mcu.externaltools.gnu-tools-for-stm32.9-2020-q2-update.win32_2.0.0.202105311346/tools/bin/../lib/gcc/arm-none-eabi/9.3.1/../../../../arm-none-eabi/lib/thumb/v7e-m+fp/hard\libc_nano.a(lib_a-gdtoa-hexnan.o)
 .text.__match  0x000000000800ce24       0x28 c:/st/stm32cubeide_1.8.0/stm32cubeide/plugins/com.st.stm32cube.ide.mcu.externaltools.gnu-tools-for-stm32.9-2020-q2-update.win32_2.0.0.202105311346/tools/bin/../lib/gcc/arm-none-eabi/9.3.1/../../../../arm-none-eabi/lib/thumb/v7e-m+fp/hard\libc_nano.a(lib_a-gdtoa-hexnan.o)
                0x000000000800ce24                __match
 .text.__hexnan
                0x000000000800ce4c      0x138 c:/st/stm32cubeide_1.8.0/stm32cubeide/plugins/com.st.stm32cube.ide.mcu.externaltools.gnu-tools-for-stm32.9-2020-q2-update.win32_2.0.0.202105311346/tools/bin/../lib/gcc/arm-none-eabi/9.3.1/../../../../arm-none-eabi/lib/thumb/v7e-m+fp/hard\libc_nano.a(lib_a-gdtoa-hexnan.o)
                0x000000000800ce4c                __hexnan
 .text._localeconv_r
                0x000000000800cf84        0x8 c:/st/stm32cubeide_1.8.0/stm32cubeide/plugins/com.st.stm32cube.ide.mcu.externaltools.gnu-tools-for-stm32.9-2020-q2-update.win32_2.0.0.202105311346/tools/bin/../lib/gcc/arm-none-eabi/9.3.1/../../../../arm-none-eabi/lib/thumb/v7e-m+fp/hard\libc_nano.a(lib_a-localeconv.o)
                0x000000000800cf84                _localeconv_r
 .text.__retarget_lock_init_recursive
                0x000000000800cf8c        0x2 c:/st/stm32cubeide_1.8.0/stm32cubeide/plugins/com.st.stm32cube.ide.mcu.externaltools.gnu-tools-for-stm32.9-2020-q2-update.win32_2.0.0.202105311346/tools/bin/../lib/gcc/arm-none-eabi/9.3.1/../../../../arm-none-eabi/lib/thumb/v7e-m+fp/hard\libc_nano.a(lib_a-lock.o)
                0x000000000800cf8c                __retarget_lock_init_recursive
 .text.__retarget_lock_acquire_recursive
                0x000000000800cf8e        0x2 c:/st/stm32cubeide_1.8.0/stm32cubeide/plugins/com.st.stm32cube.ide.mcu.externaltools.gnu-tools-for-stm32.9-2020-q2-update.win32_2.0.0.202105311346/tools/bin/../lib/gcc/arm-none-eabi/9.3.1/../../../../arm-none-eabi/lib/thumb/v7e-m+fp/hard\libc_nano.a(lib_a-lock.o)
                0x000000000800cf8e                __retarget_lock_acquire_recursive
 .text.__retarget_lock_release_recursive
                0x000000000800cf90        0x2 c:/st/stm32cubeide_1.8.0/stm32cubeide/plugins/com.st.stm32cube.ide.mcu.externaltools.gnu-tools-for-stm32.9-2020-q2-update.win32_2.0.0.202105311346/tools/bin/../lib/gcc/arm-none-eabi/9.3.1/../../../../arm-none-eabi/lib/thumb/v7e-m+fp/hard\libc_nano.a(lib_a-lock.o)
                0x000000000800cf90                __retarget_lock_release_recursive
 .text.__swhatbuf_r
                0x000000000800cf92       0x48 c:/st/stm32cubeide_1.8.0/stm32cubeide/plugins/com.st.stm32cube.ide.mcu.externaltools.gnu-tools-for-stm32.9-2020-q2-update.win32_2.0.0.202105311346/tools/bin/../lib/gcc/arm-none-eabi/9.3.1/../../../../arm-none-eabi/lib/thumb/v7e-m+fp/hard\libc_nano.a(lib_a-makebuf.o)
                0x000000000800cf92                __swhatbuf_r
 *fill*         0x000000000800cfda        0x2 
 .text.__smakebuf_r
                0x000000000800cfdc       0x80 c:/st/stm32cubeide_1.8.0/stm32cubeide/plugins/com.st.stm32cube.ide.mcu.externaltools.gnu-tools-for-stm32.9-2020-q2-update.win32_2.0.0.202105311346/tools/bin/../lib/gcc/arm-none-eabi/9.3.1/../../../../arm-none-eabi/lib/thumb/v7e-m+fp/hard\libc_nano.a(lib_a-makebuf.o)
                0x000000000800cfdc                __smakebuf_r
 .text.malloc   0x000000000800d05c       0x10 c:/st/stm32cubeide_1.8.0/stm32cubeide/plugins/com.st.stm32cube.ide.mcu.externaltools.gnu-tools-for-stm32.9-2020-q2-update.win32_2.0.0.202105311346/tools/bin/../lib/gcc/arm-none-eabi/9.3.1/../../../../arm-none-eabi/lib/thumb/v7e-m+fp/hard\libc_nano.a(lib_a-malloc.o)
                0x000000000800d05c                malloc
 .text.__ascii_mbtowc
                0x000000000800d06c       0x24 c:/st/stm32cubeide_1.8.0/stm32cubeide/plugins/com.st.stm32cube.ide.mcu.externaltools.gnu-tools-for-stm32.9-2020-q2-update.win32_2.0.0.202105311346/tools/bin/../lib/gcc/arm-none-eabi/9.3.1/../../../../arm-none-eabi/lib/thumb/v7e-m+fp/hard\libc_nano.a(lib_a-mbtowc_r.o)
                0x000000000800d06c                __ascii_mbtowc
 .text._Balloc  0x000000000800d090       0x80 c:/st/stm32cubeide_1.8.0/stm32cubeide/plugins/com.st.stm32cube.ide.mcu.externaltools.gnu-tools-for-stm32.9-2020-q2-update.win32_2.0.0.202105311346/tools/bin/../lib/gcc/arm-none-eabi/9.3.1/../../../../arm-none-eabi/lib/thumb/v7e-m+fp/hard\libc_nano.a(lib_a-mprec.o)
                0x000000000800d090                _Balloc
 .text._Bfree   0x000000000800d110       0x44 c:/st/stm32cubeide_1.8.0/stm32cubeide/plugins/com.st.stm32cube.ide.mcu.externaltools.gnu-tools-for-stm32.9-2020-q2-update.win32_2.0.0.202105311346/tools/bin/../lib/gcc/arm-none-eabi/9.3.1/../../../../arm-none-eabi/lib/thumb/v7e-m+fp/hard\libc_nano.a(lib_a-mprec.o)
                0x000000000800d110                _Bfree
 .text.__multadd
                0x000000000800d154       0x94 c:/st/stm32cubeide_1.8.0/stm32cubeide/plugins/com.st.stm32cube.ide.mcu.externaltools.gnu-tools-for-stm32.9-2020-q2-update.win32_2.0.0.202105311346/tools/bin/../lib/gcc/arm-none-eabi/9.3.1/../../../../arm-none-eabi/lib/thumb/v7e-m+fp/hard\libc_nano.a(lib_a-mprec.o)
                0x000000000800d154                __multadd
 .text.__s2b    0x000000000800d1e8       0x94 c:/st/stm32cubeide_1.8.0/stm32cubeide/plugins/com.st.stm32cube.ide.mcu.externaltools.gnu-tools-for-stm32.9-2020-q2-update.win32_2.0.0.202105311346/tools/bin/../lib/gcc/arm-none-eabi/9.3.1/../../../../arm-none-eabi/lib/thumb/v7e-m+fp/hard\libc_nano.a(lib_a-mprec.o)
                0x000000000800d1e8                __s2b
 .text.__hi0bits
                0x000000000800d27c       0x40 c:/st/stm32cubeide_1.8.0/stm32cubeide/plugins/com.st.stm32cube.ide.mcu.externaltools.gnu-tools-for-stm32.9-2020-q2-update.win32_2.0.0.202105311346/tools/bin/../lib/gcc/arm-none-eabi/9.3.1/../../../../arm-none-eabi/lib/thumb/v7e-m+fp/hard\libc_nano.a(lib_a-mprec.o)
                0x000000000800d27c                __hi0bits
 .text.__lo0bits
                0x000000000800d2bc       0x60 c:/st/stm32cubeide_1.8.0/stm32cubeide/plugins/com.st.stm32cube.ide.mcu.externaltools.gnu-tools-for-stm32.9-2020-q2-update.win32_2.0.0.202105311346/tools/bin/../lib/gcc/arm-none-eabi/9.3.1/../../../../arm-none-eabi/lib/thumb/v7e-m+fp/hard\libc_nano.a(lib_a-mprec.o)
                0x000000000800d2bc                __lo0bits
 .text.__i2b    0x000000000800d31c       0x2c c:/st/stm32cubeide_1.8.0/stm32cubeide/plugins/com.st.stm32cube.ide.mcu.externaltools.gnu-tools-for-stm32.9-2020-q2-update.win32_2.0.0.202105311346/tools/bin/../lib/gcc/arm-none-eabi/9.3.1/../../../../arm-none-eabi/lib/thumb/v7e-m+fp/hard\libc_nano.a(lib_a-mprec.o)
                0x000000000800d31c                __i2b
 .text.__multiply
                0x000000000800d348      0x14c c:/st/stm32cubeide_1.8.0/stm32cubeide/plugins/com.st.stm32cube.ide.mcu.externaltools.gnu-tools-for-stm32.9-2020-q2-update.win32_2.0.0.202105311346/tools/bin/../lib/gcc/arm-none-eabi/9.3.1/../../../../arm-none-eabi/lib/thumb/v7e-m+fp/hard\libc_nano.a(lib_a-mprec.o)
                0x000000000800d348                __multiply
 .text.__pow5mult
                0x000000000800d494       0xb4 c:/st/stm32cubeide_1.8.0/stm32cubeide/plugins/com.st.stm32cube.ide.mcu.externaltools.gnu-tools-for-stm32.9-2020-q2-update.win32_2.0.0.202105311346/tools/bin/../lib/gcc/arm-none-eabi/9.3.1/../../../../arm-none-eabi/lib/thumb/v7e-m+fp/hard\libc_nano.a(lib_a-mprec.o)
                0x000000000800d494                __pow5mult
 .text.__lshift
                0x000000000800d548       0xd8 c:/st/stm32cubeide_1.8.0/stm32cubeide/plugins/com.st.stm32cube.ide.mcu.externaltools.gnu-tools-for-stm32.9-2020-q2-update.win32_2.0.0.202105311346/tools/bin/../lib/gcc/arm-none-eabi/9.3.1/../../../../arm-none-eabi/lib/thumb/v7e-m+fp/hard\libc_nano.a(lib_a-mprec.o)
                0x000000000800d548                __lshift
 .text.__mcmp   0x000000000800d620       0x38 c:/st/stm32cubeide_1.8.0/stm32cubeide/plugins/com.st.stm32cube.ide.mcu.externaltools.gnu-tools-for-stm32.9-2020-q2-update.win32_2.0.0.202105311346/tools/bin/../lib/gcc/arm-none-eabi/9.3.1/../../../../arm-none-eabi/lib/thumb/v7e-m+fp/hard\libc_nano.a(lib_a-mprec.o)
                0x000000000800d620                __mcmp
 .text.__mdiff  0x000000000800d658      0x110 c:/st/stm32cubeide_1.8.0/stm32cubeide/plugins/com.st.stm32cube.ide.mcu.externaltools.gnu-tools-for-stm32.9-2020-q2-update.win32_2.0.0.202105311346/tools/bin/../lib/gcc/arm-none-eabi/9.3.1/../../../../arm-none-eabi/lib/thumb/v7e-m+fp/hard\libc_nano.a(lib_a-mprec.o)
                0x000000000800d658                __mdiff
 .text.__ulp    0x000000000800d768       0x58 c:/st/stm32cubeide_1.8.0/stm32cubeide/plugins/com.st.stm32cube.ide.mcu.externaltools.gnu-tools-for-stm32.9-2020-q2-update.win32_2.0.0.202105311346/tools/bin/../lib/gcc/arm-none-eabi/9.3.1/../../../../arm-none-eabi/lib/thumb/v7e-m+fp/hard\libc_nano.a(lib_a-mprec.o)
                0x000000000800d768                __ulp
 .text.__b2d    0x000000000800d7c0       0xa0 c:/st/stm32cubeide_1.8.0/stm32cubeide/plugins/com.st.stm32cube.ide.mcu.externaltools.gnu-tools-for-stm32.9-2020-q2-update.win32_2.0.0.202105311346/tools/bin/../lib/gcc/arm-none-eabi/9.3.1/../../../../arm-none-eabi/lib/thumb/v7e-m+fp/hard\libc_nano.a(lib_a-mprec.o)
                0x000000000800d7c0                __b2d
 .text.__d2b    0x000000000800d860       0xb8 c:/st/stm32cubeide_1.8.0/stm32cubeide/plugins/com.st.stm32cube.ide.mcu.externaltools.gnu-tools-for-stm32.9-2020-q2-update.win32_2.0.0.202105311346/tools/bin/../lib/gcc/arm-none-eabi/9.3.1/../../../../arm-none-eabi/lib/thumb/v7e-m+fp/hard\libc_nano.a(lib_a-mprec.o)
                0x000000000800d860                __d2b
 .text.__ratio  0x000000000800d918       0x66 c:/st/stm32cubeide_1.8.0/stm32cubeide/plugins/com.st.stm32cube.ide.mcu.externaltools.gnu-tools-for-stm32.9-2020-q2-update.win32_2.0.0.202105311346/tools/bin/../lib/gcc/arm-none-eabi/9.3.1/../../../../arm-none-eabi/lib/thumb/v7e-m+fp/hard\libc_nano.a(lib_a-mprec.o)
                0x000000000800d918                __ratio
 .text.__copybits
                0x000000000800d97e       0x46 c:/st/stm32cubeide_1.8.0/stm32cubeide/plugins/com.st.stm32cube.ide.mcu.externaltools.gnu-tools-for-stm32.9-2020-q2-update.win32_2.0.0.202105311346/tools/bin/../lib/gcc/arm-none-eabi/9.3.1/../../../../arm-none-eabi/lib/thumb/v7e-m+fp/hard\libc_nano.a(lib_a-mprec.o)
                0x000000000800d97e                __copybits
 .text.__any_on
                0x000000000800d9c4       0x42 c:/st/stm32cubeide_1.8.0/stm32cubeide/plugins/com.st.stm32cube.ide.mcu.externaltools.gnu-tools-for-stm32.9-2020-q2-update.win32_2.0.0.202105311346/tools/bin/../lib/gcc/arm-none-eabi/9.3.1/../../../../arm-none-eabi/lib/thumb/v7e-m+fp/hard\libc_nano.a(lib_a-mprec.o)
                0x000000000800d9c4                __any_on
 .text._calloc_r