Archive member included to satisfy reference by file (symbol)

/opt/st/stm32cubeide_1.5.1/plugins/com.st.stm32cube.ide.mcu.externaltools.gnu-tools-for-stm32.7-2018-q2-update.linux64_1.5.0.202011040924/tools/bin/../lib/gcc/arm-none-eabi/7.3.1/../../../../arm-none-eabi/lib/thumb/v7e-m/fpv4-sp/hard/libc_nano.a(lib_a-errno.o)
                              Core/Src/syscalls.o (__errno)
/opt/st/stm32cubeide_1.5.1/plugins/com.st.stm32cube.ide.mcu.externaltools.gnu-tools-for-stm32.7-2018-q2-update.linux64_1.5.0.202011040924/tools/bin/../lib/gcc/arm-none-eabi/7.3.1/../../../../arm-none-eabi/lib/thumb/v7e-m/fpv4-sp/hard/libc_nano.a(lib_a-exit.o)
                              /opt/st/stm32cubeide_1.5.1/plugins/com.st.stm32cube.ide.mcu.externaltools.gnu-tools-for-stm32.7-2018-q2-update.linux64_1.5.0.202011040924/tools/bin/../lib/gcc/arm-none-eabi/7.3.1/../../../../arm-none-eabi/lib/thumb/v7e-m/fpv4-sp/hard/crt0.o (exit)
/opt/st/stm32cubeide_1.5.1/plugins/com.st.stm32cube.ide.mcu.externaltools.gnu-tools-for-stm32.7-2018-q2-update.linux64_1.5.0.202011040924/tools/bin/../lib/gcc/arm-none-eabi/7.3.1/../../../../arm-none-eabi/lib/thumb/v7e-m/fpv4-sp/hard/libc_nano.a(lib_a-impure.o)
                              /opt/st/stm32cubeide_1.5.1/plugins/com.st.stm32cube.ide.mcu.externaltools.gnu-tools-for-stm32.7-2018-q2-update.linux64_1.5.0.202011040924/tools/bin/../lib/gcc/arm-none-eabi/7.3.1/../../../../arm-none-eabi/lib/thumb/v7e-m/fpv4-sp/hard/libc_nano.a(lib_a-exit.o) (_global_impure_ptr)
/opt/st/stm32cubeide_1.5.1/plugins/com.st.stm32cube.ide.mcu.externaltools.gnu-tools-for-stm32.7-2018-q2-update.linux64_1.5.0.202011040924/tools/bin/../lib/gcc/arm-none-eabi/7.3.1/../../../../arm-none-eabi/lib/thumb/v7e-m/fpv4-sp/hard/libc_nano.a(lib_a-init.o)
                              /opt/st/stm32cubeide_1.5.1/plugins/com.st.stm32cube.ide.mcu.externaltools.gnu-tools-for-stm32.7-2018-q2-update.linux64_1.5.0.202011040924/tools/bin/../lib/gcc/arm-none-eabi/7.3.1/../../../../arm-none-eabi/lib/thumb/v7e-m/fpv4-sp/hard/crt0.o (__libc_init_array)
/opt/st/stm32cubeide_1.5.1/plugins/com.st.stm32cube.ide.mcu.externaltools.gnu-tools-for-stm32.7-2018-q2-update.linux64_1.5.0.202011040924/tools/bin/../lib/gcc/arm-none-eabi/7.3.1/../../../../arm-none-eabi/lib/thumb/v7e-m/fpv4-sp/hard/libc_nano.a(lib_a-memcpy-stub.o)
                              Core/Src/flash.o (memcpy)
/opt/st/stm32cubeide_1.5.1/plugins/com.st.stm32cube.ide.mcu.externaltools.gnu-tools-for-stm32.7-2018-q2-update.linux64_1.5.0.202011040924/tools/bin/../lib/gcc/arm-none-eabi/7.3.1/../../../../arm-none-eabi/lib/thumb/v7e-m/fpv4-sp/hard/libc_nano.a(lib_a-memset.o)
                              /opt/st/stm32cubeide_1.5.1/plugins/com.st.stm32cube.ide.mcu.externaltools.gnu-tools-for-stm32.7-2018-q2-update.linux64_1.5.0.202011040924/tools/bin/../lib/gcc/arm-none-eabi/7.3.1/../../../../arm-none-eabi/lib/thumb/v7e-m/fpv4-sp/hard/crt0.o (memset)
/opt/st/stm32cubeide_1.5.1/plugins/com.st.stm32cube.ide.mcu.externaltools.gnu-tools-for-stm32.7-2018-q2-update.linux64_1.5.0.202011040924/tools/bin/../lib/gcc/arm-none-eabi/7.3.1/../../../../arm-none-eabi/lib/thumb/v7e-m/fpv4-sp/hard/libc_nano.a(lib_a-nano-vfprintf_float.o)
                              (_printf_float)
/opt/st/stm32cubeide_1.5.1/plugins/com.st.stm32cube.ide.mcu.externaltools.gnu-tools-for-stm32.7-2018-q2-update.linux64_1.5.0.202011040924/tools/bin/../lib/gcc/arm-none-eabi/7.3.1/../../../../arm-none-eabi/lib/thumb/v7e-m/fpv4-sp/hard/libc_nano.a(lib_a-nano-vfprintf_i.o)
                              /opt/st/stm32cubeide_1.5.1/plugins/com.st.stm32cube.ide.mcu.externaltools.gnu-tools-for-stm32.7-2018-q2-update.linux64_1.5.0.202011040924/tools/bin/../lib/gcc/arm-none-eabi/7.3.1/../../../../arm-none-eabi/lib/thumb/v7e-m/fpv4-sp/hard/libc_nano.a(lib_a-nano-vfprintf_float.o) (_printf_common)
/opt/st/stm32cubeide_1.5.1/plugins/com.st.stm32cube.ide.mcu.externaltools.gnu-tools-for-stm32.7-2018-q2-update.linux64_1.5.0.202011040924/tools/bin/../lib/gcc/arm-none-eabi/7.3.1/../../../../arm-none-eabi/lib/thumb/v7e-m/fpv4-sp/hard/libc_nano.a(lib_a-nano-vfscanf_float.o)
                              (_scanf_float)
/opt/st/stm32cubeide_1.5.1/plugins/com.st.stm32cube.ide.mcu.externaltools.gnu-tools-for-stm32.7-2018-q2-update.linux64_1.5.0.202011040924/tools/bin/../lib/gcc/arm-none-eabi/7.3.1/../../../../arm-none-eabi/lib/thumb/v7e-m/fpv4-sp/hard/libc_nano.a(lib_a-printf.o)
                              Core/Src/IMU.o (printf)
/opt/st/stm32cubeide_1.5.1/plugins/com.st.stm32cube.ide.mcu.externaltools.gnu-tools-for-stm32.7-2018-q2-update.linux64_1.5.0.202011040924/tools/bin/../lib/gcc/arm-none-eabi/7.3.1/../../../../arm-none-eabi/lib/thumb/v7e-m/fpv4-sp/hard/libc_nano.a(lib_a-putchar.o)
                              Core/Src/print.o (putchar)
[...]
Memory Configuration

Name             Origin             Length             Attributes
CCMRAM           0x0000000010000000 0x0000000000010000 xrw
RAM              0x0000000020000000 0x0000000000020000 xrw
FLASH            0x0000000008000000 0x0000000000080000 xr
ANALOG           0x0000000008080000 0x0000000000020000 xr
ENCODER          0x00000000080a0000 0x0000000000020000 xr
IMU              0x00000000080c0000 0x0000000000020000 xr
COURSE           0x00000000080e0000 0x0000000000020000 xr
*default*        0x0000000000000000 0xffffffffffffffff

Linker script and memory map

LOAD /opt/st/stm32cubeide_1.5.1/plugins/com.st.stm32cube.ide.mcu.externaltools.gnu-tools-for-stm32.7-2018-q2-update.linux64_1.5.0.202011040924/tools/bin/../lib/gcc/arm-none-eabi/7.3.1/thumb/v7e-m/fpv4-sp/hard/crti.o
LOAD /opt/st/stm32cubeide_1.5.1/plugins/com.st.stm32cube.ide.mcu.externaltools.gnu-tools-for-stm32.7-2018-q2-update.linux64_1.5.0.202011040924/tools/bin/../lib/gcc/arm-none-eabi/7.3.1/thumb/v7e-m/fpv4-sp/hard/crtbegin.o
LOAD /opt/st/stm32cubeide_1.5.1/plugins/com.st.stm32cube.ide.mcu.externaltools.gnu-tools-for-stm32.7-2018-q2-update.linux64_1.5.0.202011040924/tools/bin/../lib/gcc/arm-none-eabi/7.3.1/../../../../arm-none-eabi/lib/thumb/v7e-m/fpv4-sp/hard/crt0.o
LOAD Core/Src/IMU.o
LOAD Core/Src/LED.o
LOAD Core/Src/Rotary.o
LOAD Core/Src/Switch.o
LOAD Core/Src/analog.o
LOAD Core/Src/correction.o
LOAD Core/Src/course.o
LOAD Core/Src/defines.o
LOAD Core/Src/encoder.o
LOAD Core/Src/fixed_section.o
LOAD Core/Src/flash.o
LOAD Core/Src/function.o
LOAD Core/Src/geometry.o
LOAD Core/Src/length.o
LOAD Core/Src/main.o
LOAD Core/Src/motor.o
LOAD Core/Src/pid.o
LOAD Core/Src/print.o
LOAD Core/Src/revision.o
LOAD Core/Src/section_length.o
LOAD Core/Src/sidesensor.o
LOAD Core/Src/slow.o
LOAD Core/Src/stm32f4xx_hal_msp.o
LOAD Core/Src/stm32f4xx_it.o
LOAD Core/Src/syscalls.o
LOAD Core/Src/sysmem.o
LOAD Core/Src/system_stm32f4xx.o
LOAD Core/Src/tim10.o
LOAD Core/Src/tim11.o
LOAD Core/Src/tim6.o
LOAD Core/Src/tim7.o
LOAD Core/Src/time.o
LOAD Core/Src/tracer.o
LOAD Core/Src/velodef.o
LOAD Core/Src/velotrace.o
LOAD Core/Src/virtual_marker.o
LOAD Core/Startup/startup_stm32f405rgtx.o
LOAD Drivers/STM32F4xx_HAL_Driver/Src/stm32f4xx_hal.o
LOAD Drivers/STM32F4xx_HAL_Driver/Src/stm32f4xx_hal_adc.o
LOAD Drivers/STM32F4xx_HAL_Driver/Src/stm32f4xx_hal_adc_ex.o
LOAD Drivers/STM32F4xx_HAL_Driver/Src/stm32f4xx_hal_cortex.o
LOAD Drivers/STM32F4xx_HAL_Driver/Src/stm32f4xx_hal_dma.o
LOAD Drivers/STM32F4xx_HAL_Driver/Src/stm32f4xx_hal_dma_ex.o
LOAD Drivers/STM32F4xx_HAL_Driver/Src/stm32f4xx_hal_exti.o
LOAD Drivers/STM32F4xx_HAL_Driver/Src/stm32f4xx_hal_flash.o
LOAD Drivers/STM32F4xx_HAL_Driver/Src/stm32f4xx_hal_flash_ex.o
LOAD Drivers/STM32F4xx_HAL_Driver/Src/stm32f4xx_hal_flash_ramfunc.o
LOAD Drivers/STM32F4xx_HAL_Driver/Src/stm32f4xx_hal_gpio.o
LOAD Drivers/STM32F4xx_HAL_Driver/Src/stm32f4xx_hal_i2c.o
LOAD Drivers/STM32F4xx_HAL_Driver/Src/stm32f4xx_hal_i2c_ex.o
LOAD Drivers/STM32F4xx_HAL_Driver/Src/stm32f4xx_hal_pwr.o
LOAD Drivers/STM32F4xx_HAL_Driver/Src/stm32f4xx_hal_pwr_ex.o
LOAD Drivers/STM32F4xx_HAL_Driver/Src/stm32f4xx_hal_rcc.o
LOAD Drivers/STM32F4xx_HAL_Driver/Src/stm32f4xx_hal_rcc_ex.o
LOAD Drivers/STM32F4xx_HAL_Driver/Src/stm32f4xx_hal_spi.o
LOAD Drivers/STM32F4xx_HAL_Driver/Src/stm32f4xx_hal_tim.o
LOAD Drivers/STM32F4xx_HAL_Driver/Src/stm32f4xx_hal_tim_ex.o
LOAD Drivers/STM32F4xx_HAL_Driver/Src/stm32f4xx_hal_uart.o
LOAD Drivers/STM32F4xx_HAL_Driver/Src/stm32f4xx_ll_adc.o
LOAD /home/shiokaze/Documents/git/murakumo_ws/murakumo_v5/libarm_cortexM4lf_math.a
START GROUP
LOAD /opt/st/stm32cubeide_1.5.1/plugins/com.st.stm32cube.ide.mcu.externaltools.gnu-tools-for-stm32.7-2018-q2-update.linux64_1.5.0.202011040924/tools/bin/../lib/gcc/arm-none-eabi/7.3.1/../../../../arm-none-eabi/lib/thumb/v7e-m/fpv4-sp/hard/libc_nano.a
LOAD /opt/st/stm32cubeide_1.5.1/plugins/com.st.stm32cube.ide.mcu.externaltools.gnu-tools-for-stm32.7-2018-q2-update.linux64_1.5.0.202011040924/tools/bin/../lib/gcc/arm-none-eabi/7.3.1/../../../../arm-none-eabi/lib/thumb/v7e-m/fpv4-sp/hard/libm.a
END GROUP
START GROUP
LOAD /opt/st/stm32cubeide_1.5.1/plugins/com.st.stm32cube.ide.mcu.externaltools.gnu-tools-for-stm32.7-2018-q2-update.linux64_1.5.0.202011040924/tools/bin/../lib/gcc/arm-none-eabi/7.3.1/thumb/v7e-m/fpv4-sp/hard/libgcc.a
LOAD /opt/st/stm32cubeide_1.5.1/plugins/com.st.stm32cube.ide.mcu.externaltools.gnu-tools-for-stm32.7-2018-q2-update.linux64_1.5.0.202011040924/tools/bin/../lib/gcc/arm-none-eabi/7.3.1/../../../../arm-none-eabi/lib/thumb/v7e-m/fpv4-sp/hard/libc_nano.a
END GROUP
START GROUP
LOAD /opt/st/stm32cubeide_1.5.1/plugins/com.st.stm32cube.ide.mcu.externaltools.gnu-tools-for-stm32.7-2018-q2-update.linux64_1.5.0.202011040924/tools/bin/../lib/gcc/arm-none-eabi/7.3.1/thumb/v7e-m/fpv4-sp/hard/libgcc.a
LOAD /opt/st/stm32cubeide_1.5.1/plugins/com.st.stm32cube.ide.mcu.externaltools.gnu-tools-for-stm32.7-2018-q2-update.linux64_1.5.0.202011040924/tools/bin/../lib/gcc/arm-none-eabi/7.3.1/../../../../arm-none-eabi/lib/thumb/v7e-m/fpv4-sp/hard/libc_nano.a
LOAD /opt/st/stm32cubeide_1.5.1/plugins/com.st.stm32cube.ide.mcu.externaltools.gnu-tools-for-stm32.7-2018-q2-update.linux64_1.5.0.202011040924/tools/bin/../lib/gcc/arm-none-eabi/7.3.1/../../../../arm-none-eabi/lib/thumb/v7e-m/fpv4-sp/hard/libnosys.a
END GROUP
START GROUP
LOAD /opt/st/stm32cubeide_1.5.1/plugins/com.st.stm32cube.ide.mcu.externaltools.gnu-tools-for-stm32.7-2018-q2-update.linux64_1.5.0.202011040924/tools/bin/../lib/gcc/arm-none-eabi/7.3.1/thumb/v7e-m/fpv4-sp/hard/libgcc.a
LOAD /opt/st/stm32cubeide_1.5.1/plugins/com.st.stm32cube.ide.mcu.externaltools.gnu-tools-for-stm32.7-2018-q2-update.linux64_1.5.0.202011040924/tools/bin/../lib/gcc/arm-none-eabi/7.3.1/../../../../arm-none-eabi/lib/thumb/v7e-m/fpv4-sp/hard/libc_nano.a
LOAD /opt/st/stm32cubeide_1.5.1/plugins/com.st.stm32cube.ide.mcu.externaltools.gnu-tools-for-stm32.7-2018-q2-update.linux64_1.5.0.202011040924/tools/bin/../lib/gcc/arm-none-eabi/7.3.1/../../../../arm-none-eabi/lib/thumb/v7e-m/fpv4-sp/hard/libnosys.a
END GROUP
LOAD /opt/st/stm32cubeide_1.5.1/plugins/com.st.stm32cube.ide.mcu.externaltools.gnu-tools-for-stm32.7-2018-q2-update.linux64_1.5.0.202011040924/tools/bin/../lib/gcc/arm-none-eabi/7.3.1/thumb/v7e-m/fpv4-sp/hard/crtend.o
LOAD /opt/st/stm32cubeide_1.5.1/plugins/com.st.stm32cube.ide.mcu.externaltools.gnu-tools-for-stm32.7-2018-q2-update.linux64_1.5.0.202011040924/tools/bin/../lib/gcc/arm-none-eabi/7.3.1/thumb/v7e-m/fpv4-sp/hard/crtn.o
                0x0000000020020000                _estack = (ORIGIN (RAM) + LENGTH (RAM))
                0x0000000000000200                _Min_Heap_Size = 0x200
                0x0000000000000400                _Min_Stack_Size = 0x400

.isr_vector     0x0000000008000000      0x188
                0x0000000008000000                . = ALIGN (0x4)
 *(.isr_vector)
 .isr_vector    0x0000000008000000      0x188 Core/Startup/startup_stm32f405rgtx.o
                0x0000000008000000                g_pfnVectors
                0x0000000008000188                . = ALIGN (0x4)

.text           0x0000000008000190     0xfff4
                0x0000000008000190                . = ALIGN (0x4)
 *(.text)
 .text          0x0000000008000190       0x40 /opt/st/stm32cubeide_1.5.1/plugins/com.st.stm32cube.ide.mcu.externaltools.gnu-tools-for-stm32.7-2018-q2-update.linux64_1.5.0.202011040924/tools/bin/../lib/gcc/arm-none-eabi/7.3.1/thumb/v7e-m/fpv4-sp/hard/crtbegin.o
 .text          0x00000000080001d0       0x10 /opt/st/stm32cubeide_1.5.1/plugins/com.st.stm32cube.ide.mcu.externaltools.gnu-tools-for-stm32.7-2018-q2-update.linux64_1.5.0.202011040924/tools/bin/../lib/gcc/arm-none-eabi/7.3.1/../../../../arm-none-eabi/lib/thumb/v7e-m/fpv4-sp/hard/libc_nano.a(lib_a-strlen.o)
                0x00000000080001d0                strlen
 .text          0x00000000080001e0       0xa0 /opt/st/stm32cubeide_1.5.1/plugins/com.st.stm32cube.ide.mcu.externaltools.gnu-tools-for-stm32.7-2018-q2-update.linux64_1.5.0.202011040924/tools/bin/../lib/gcc/arm-none-eabi/7.3.1/../../../../arm-none-eabi/lib/thumb/v7e-m/fpv4-sp/hard/libc_nano.a(lib_a-memchr.o)
                0x00000000080001e0                memchr
 .text          0x0000000008000280      0x378 /opt/st/stm32cubeide_1.5.1/plugins/com.st.stm32cube.ide.mcu.externaltools.gnu-tools-for-stm32.7-2018-q2-update.linux64_1.5.0.202011040924/tools/bin/../lib/gcc/arm-none-eabi/7.3.1/thumb/v7e-m/fpv4-sp/hard/libgcc.a(_arm_addsubdf3.o)
                0x0000000008000280                __aeabi_drsub
                0x0000000008000288                __aeabi_dsub
                0x0000000008000288                __subdf3
                0x000000000800028c                __adddf3
                0x000000000800028c                __aeabi_dadd
                0x0000000008000504                __aeabi_ui2d
                0x0000000008000504                __floatunsidf
                0x0000000008000524                __floatsidf
                0x0000000008000524                __aeabi_i2d
                0x0000000008000548                __extendsfdf2
                0x0000000008000548                __aeabi_f2d
                0x000000000800058c                __aeabi_ul2d
                0x000000000800058c                __floatundidf
                0x000000000800059c                __floatdidf
                0x000000000800059c                __aeabi_l2d
 .text          0x00000000080005f8      0x424 /opt/st/stm32cubeide_1.5.1/plugins/com.st.stm32cube.ide.mcu.externaltools.gnu-tools-for-stm32.7-2018-q2-update.linux64_1.5.0.202011040924/tools/bin/../lib/gcc/arm-none-eabi/7.3.1/thumb/v7e-m/fpv4-sp/hard/libgcc.a(_arm_muldivdf3.o)
                0x00000000080005f8                __aeabi_dmul
                0x00000000080005f8                __muldf3
                0x000000000800084c                __aeabi_ddiv
                0x000000000800084c                __divdf3
 .text          0x0000000008000a1c      0x110 /opt/st/stm32cubeide_1.5.1/plugins/com.st.stm32cube.ide.mcu.externaltools.gnu-tools-for-stm32.7-2018-q2-update.linux64_1.5.0.202011040924/tools/bin/../lib/gcc/arm-none-eabi/7.3.1/thumb/v7e-m/fpv4-sp/hard/libgcc.a(_arm_cmpdf2.o)
                0x0000000008000a1c                __gtdf2
                0x0000000008000a1c                __gedf2
                0x0000000008000a24                __ltdf2
                0x0000000008000a24                __ledf2
                0x0000000008000a2c                __cmpdf2
                0x0000000008000a2c                __eqdf2
                0x0000000008000a2c                __nedf2
                0x0000000008000aa8                __aeabi_cdrcmple
                0x0000000008000ab8                __aeabi_cdcmple
                0x0000000008000ab8                __aeabi_cdcmpeq
                0x0000000008000ac8                __aeabi_dcmpeq
                0x0000000008000adc                __aeabi_dcmplt
                0x0000000008000af0                __aeabi_dcmple
                0x0000000008000b04                __aeabi_dcmpge
                0x0000000008000b18                __aeabi_dcmpgt
 .text          0x0000000008000b2c       0x2c /opt/st/stm32cubeide_1.5.1/plugins/com.st.stm32cube.ide.mcu.externaltools.gnu-tools-for-stm32.7-2018-q2-update.linux64_1.5.0.202011040924/tools/bin/../lib/gcc/arm-none-eabi/7.3.1/thumb/v7e-m/fpv4-sp/hard/libgcc.a(_arm_unorddf2.o)
                0x0000000008000b2c                __aeabi_dcmpun
                0x0000000008000b2c                __unorddf2
 .text          0x0000000008000b58       0x50 /opt/st/stm32cubeide_1.5.1/plugins/com.st.stm32cube.ide.mcu.externaltools.gnu-tools-for-stm32.7-2018-q2-update.linux64_1.5.0.202011040924/tools/bin/../lib/gcc/arm-none-eabi/7.3.1/thumb/v7e-m/fpv4-sp/hard/libgcc.a(_arm_fixdfsi.o)
                0x0000000008000b58                __fixdfsi
                0x0000000008000b58                __aeabi_d2iz
 .text          0x0000000008000ba8       0x40 /opt/st/stm32cubeide_1.5.1/plugins/com.st.stm32cube.ide.mcu.externaltools.gnu-tools-for-stm32.7-2018-q2-update.linux64_1.5.0.202011040924/tools/bin/../lib/gcc/arm-none-eabi/7.3.1/thumb/v7e-m/fpv4-sp/hard/libgcc.a(_arm_fixunsdfsi.o)
                0x0000000008000ba8                __fixunsdfsi
                0x0000000008000ba8                __aeabi_d2uiz
 .text          0x0000000008000be8       0xa0 /opt/st/stm32cubeide_1.5.1/plugins/com.st.stm32cube.ide.mcu.externaltools.gnu-tools-for-stm32.7-2018-q2-update.linux64_1.5.0.202011040924/tools/bin/../lib/gcc/arm-none-eabi/7.3.1/thumb/v7e-m/fpv4-sp/hard/libgcc.a(_arm_truncdfsf2.o)
                0x0000000008000be8                __aeabi_d2f
                0x0000000008000be8                __truncdfsf2
 .text          0x0000000008000c88       0x30 /opt/st/stm32cubeide_1.5.1/plugins/com.st.stm32cube.ide.mcu.externaltools.gnu-tools-for-stm32.7-2018-q2-update.linux64_1.5.0.202011040924/tools/bin/../lib/gcc/arm-none-eabi/7.3.1/thumb/v7e-m/fpv4-sp/hard/libgcc.a(_aeabi_uldivmod.o)
                0x0000000008000c88                __aeabi_uldivmod
 .text          0x0000000008000cb8      0x2cc /opt/st/stm32cubeide_1.5.1/plugins/com.st.stm32cube.ide.mcu.externaltools.gnu-tools-for-stm32.7-2018-q2-update.linux64_1.5.0.202011040924/tools/bin/../lib/gcc/arm-none-eabi/7.3.1/thumb/v7e-m/fpv4-sp/hard/libgcc.a(_udivmoddi4.o)
                0x0000000008000cb8                __udivmoddi4
 .text          0x0000000008000f84        0x4 /opt/st/stm32cubeide_1.5.1/plugins/com.st.stm32cube.ide.mcu.externaltools.gnu-tools-for-stm32.7-2018-q2-update.linux64_1.5.0.202011040924/tools/bin/../lib/gcc/arm-none-eabi/7.3.1/thumb/v7e-m/fpv4-sp/hard/libgcc.a(_dvmd_tls.o)
                0x0000000008000f84                __aeabi_ldiv0
                0x0000000008000f84                __aeabi_idiv0
 *(.text*)
 .text.imu_read_byte
                0x0000000008000f88       0x5c Core/Src/IMU.o
                0x0000000008000f88                imu_read_byte
 .text.imu_write_byte
                0x0000000008000fe4       0x5c Core/Src/IMU.o
                0x0000000008000fe4                imu_write_byte
 .text.imu_init
                0x0000000008001040       0x68 Core/Src/IMU.o
                0x0000000008001040                imu_init
 .text.imu_initialize
                0x00000000080010a8       0xe8 Core/Src/IMU.o
                0x00000000080010a8                imu_initialize
 .text.imu_start
                0x0000000008001190        0xe Core/Src/IMU.o
                0x0000000008001190                imu_start
 .text.imu_stop
                0x000000000800119e        0xe Core/Src/IMU.o
                0x000000000800119e                imu_stop
 *fill*         0x00000000080011ac        0x4 
 .text.imu_update_gyro
                0x00000000080011b0      0x168 Core/Src/IMU.o
                0x00000000080011b0                imu_update_gyro
 .text.imu_read_yaw
                0x0000000008001318       0x28 Core/Src/IMU.o
                0x0000000008001318                imu_read_yaw
 .text.led_init
                0x0000000008001340       0x2c Core/Src/LED.o
                0x0000000008001340                led_init
 .text.led_start
                0x000000000800136c       0x16 Core/Src/LED.o
                0x000000000800136c                led_start
 .text.led_stop
                0x0000000008001382       0x16 Core/Src/LED.o
                0x0000000008001382                led_stop
 .text.led_write_led1
                0x0000000008001398       0x50 Core/Src/LED.o
                0x0000000008001398                led_write_led1
 .text.led_write_led2
                0x00000000080013e8       0x4c Core/Src/LED.o
                0x00000000080013e8                led_write_led2
 .text.led_write_rgb
                0x0000000008001434       0x80 Core/Src/LED.o
                0x0000000008001434                led_write_rgb
 .text.led_write_led
                0x00000000080014b4       0x4c Core/Src/LED.o
                0x00000000080014b4                led_write_led
 .text.rotary_init
                0x0000000008001500       0x10 Core/Src/Rotary.o
                0x0000000008001500                rotary_init
 .text.rotary_set_playmode
                0x0000000008001510       0x18 Core/Src/Rotary.o
                0x0000000008001510                rotary_set_playmode
 .text.rotary_read_playmode
                0x0000000008001528       0x18 Core/Src/Rotary.o
                0x0000000008001528                rotary_read_playmode
 .text.rotary_set_value
                0x0000000008001540       0x18 Core/Src/Rotary.o
                0x0000000008001540                rotary_set_value
 .text.rotary_read_value
                0x0000000008001558       0x18 Core/Src/Rotary.o
                0x0000000008001558                rotary_read_value
 .text.rotary_read
                0x0000000008001570       0x94 Core/Src/Rotary.o
                0x0000000008001570                rotary_read
 .text.rotary_print_playmode
                0x0000000008001604       0xf4 Core/Src/Rotary.o
                0x0000000008001604                rotary_print_playmode
 .text.switch_set_enter
                0x00000000080016f8       0x18 Core/Src/Switch.o
                0x00000000080016f8                switch_set_enter
 .text.switch_reset_enter
                0x0000000008001710       0x18 Core/Src/Switch.o
                0x0000000008001710                switch_reset_enter
 .text.switch_init
                0x0000000008001728        0xc Core/Src/Switch.o
                0x0000000008001728                switch_init
 .text.switch_read_enter
                0x0000000008001734       0x18 Core/Src/Switch.o
                0x0000000008001734                switch_read_enter
 .text.switch1_read
                0x000000000800174c       0x24 Core/Src/Switch.o
                0x000000000800174c                switch1_read
 .text.switch2_read
                0x0000000008001770       0x24 Core/Src/Switch.o
                0x0000000008001770                switch2_read
 .text.switch_read
                0x0000000008001794       0x32 Core/Src/Switch.o
                0x0000000008001794                switch_read
 .text.switch_enter
                0x00000000080017c6       0x26 Core/Src/Switch.o
                0x00000000080017c6                switch_enter
 .text.analog_array_print
                0x00000000080017ec       0xcc Core/Src/analog.o
                0x00000000080017ec                analog_array_print
 .text.analog_d_print
                0x00000000080018b8        0xe Core/Src/analog.o
                0x00000000080018b8                analog_d_print
 *fill*         0x00000000080018c6        0x2 
 .text.analog_print_max
                0x00000000080018c8       0x30 Core/Src/analog.o
                0x00000000080018c8                analog_print_max
 .text.analog_print_min
                0x00000000080018f8       0x30 Core/Src/analog.o
                0x00000000080018f8                analog_print_min
 .text.analog_set_on_flash
                0x0000000008001928       0x54 Core/Src/analog.o
                0x0000000008001928                analog_set_on_flash
 .text.analog_set_from_flash
                0x000000000800197c       0x54 Core/Src/analog.o
                0x000000000800197c                analog_set_from_flash
 .text.analog_set_calibrationsize
                0x00000000080019d0       0x20 Core/Src/analog.o
                0x00000000080019d0                analog_set_calibrationsize
 .text.analog_set_analogmode
                0x00000000080019f0       0x20 Core/Src/analog.o
                0x00000000080019f0                analog_set_analogmode
 .text.analog_read_analogmode
                0x0000000008001a10       0x18 Core/Src/analog.o
                0x0000000008001a10                analog_read_analogmode
 .text.analog_calibration_start
                0x0000000008001a28       0x50 Core/Src/analog.o
                0x0000000008001a28                analog_calibration_start
 .text.analog_calibration_stop
                0x0000000008001a78       0x30 Core/Src/analog.o
                0x0000000008001a78                analog_calibration_stop
 .text.analog_init
                0x0000000008001aa8       0x24 Core/Src/analog.o
                0x0000000008001aa8                analog_init
 .text.analog_start
                0x0000000008001acc        0xc Core/Src/analog.o
                0x0000000008001acc                analog_start
 .text.analog_stop
                0x0000000008001ad8        0xc Core/Src/analog.o
                0x0000000008001ad8                analog_stop
 .text.analog_sensor_start
                0x0000000008001ae4       0x30 Core/Src/analog.o
                0x0000000008001ae4                analog_sensor_start
 .text.analog_sensor_stop
                0x0000000008001b14       0x14 Core/Src/analog.o
                0x0000000008001b14                analog_sensor_stop
 .text.analog_sensor_get
                0x0000000008001b28       0xd8 Core/Src/analog.o
                0x0000000008001b28                analog_sensor_get
 .text.HAL_ADC_ConvCpltCallback
                0x0000000008001c00       0x14 Core/Src/analog.o
                0x0000000008001c00                HAL_ADC_ConvCpltCallback
 .text.analog_get_and_sort
                0x0000000008001c14      0x138 Core/Src/analog.o
                0x0000000008001c14                analog_get_and_sort
 .text.course_init
                0x0000000008001d4c       0x28 Core/Src/course.o
                0x0000000008001d4c                course_init
 .text.course_start
                0x0000000008001d74       0x68 Core/Src/course.o
                0x0000000008001d74                course_start
 .text.course_stop
                0x0000000008001ddc       0x42 Core/Src/course.o
                0x0000000008001ddc                course_stop
 *fill*         0x0000000008001e1e        0x2 
 .text.course_update_section_degree
                0x0000000008001e20       0x8c Core/Src/course.o
                0x0000000008001e20                course_update_section_degree
 .text.course_set_update_section_freq_ms
                0x0000000008001eac       0x38 Core/Src/course.o
                0x0000000008001eac                course_set_update_section_freq_ms
 .text.course_read_section_degree
                0x0000000008001ee4       0x1c Core/Src/course.o
                0x0000000008001ee4                course_read_section_degree
 .text.course_reset_section_degree
                0x0000000008001f00       0x24 Core/Src/course.o
                0x0000000008001f00                course_reset_section_degree
 .text.course_read_curvature_radius
                0x0000000008001f24       0x1c Core/Src/course.o
                0x0000000008001f24                course_read_curvature_radius
 .text.course_read_state_count
                0x0000000008001f40       0x18 Core/Src/course.o
                0x0000000008001f40                course_read_state_count
 .text.course_increment_state_count
                0x0000000008001f58       0x20 Core/Src/course.o
                0x0000000008001f58                course_increment_state_count
 .text.course_calclate_radius
                0x0000000008001f78       0x80 Core/Src/course.o
                0x0000000008001f78                course_calclate_radius
 .text.course_state_function
                0x0000000008001ff8       0xac Core/Src/course.o
                0x0000000008001ff8                course_state_function
 .text.course_d_print
                0x00000000080020a4        0xc Core/Src/course.o
                0x00000000080020a4                course_d_print
 .text.course_radius2speed
                0x00000000080020b0       0xf4 Core/Src/course.o
                0x00000000080020b0                course_radius2speed
 *fill*         0x00000000080021a4        0x4 
 .text.course_fixing_radius2speed
                0x00000000080021a8      0x56c Core/Src/course.o
                0x00000000080021a8                course_fixing_radius2speed
 .text.course_print_flash
                0x0000000008002714      0x11c Core/Src/course.o
                0x0000000008002714                course_print_flash
 .text.course_reset_flash
                0x0000000008002830       0x88 Core/Src/course.o
                0x0000000008002830                course_reset_flash
 .text.accel_max_calc
                0x00000000080028b8       0x48 Core/Src/course.o
                0x00000000080028b8                accel_max_calc
 .text.course_data_saving
                0x0000000008002900       0x48 Core/Src/course.o
                0x0000000008002900                course_data_saving
 .text.encoder_length_left
                0x0000000008002948       0x30 Core/Src/encoder.o
                0x0000000008002948                encoder_length_left
 .text.encoder_length_right
                0x0000000008002978       0x30 Core/Src/encoder.o
                0x0000000008002978                encoder_length_right
 .text.encoder_d_print
                0x00000000080029a8        0xe Core/Src/encoder.o
                0x00000000080029a8                encoder_d_print
 *fill*         0x00000000080029b6        0x2 
 .text.encoder_set
                0x00000000080029b8       0x6c Core/Src/encoder.o
                0x00000000080029b8                encoder_set
 .text.encoder_init
                0x0000000008002a24        0xe Core/Src/encoder.o
                0x0000000008002a24                encoder_init
 *fill*         0x0000000008002a32        0x2 
 .text.encoder_start
                0x0000000008002a34       0x50 Core/Src/encoder.o
                0x0000000008002a34                encoder_start
 .text.encoder_stop
                0x0000000008002a84       0x20 Core/Src/encoder.o
                0x0000000008002a84                encoder_stop
 .text.encoder_set_middle
                0x0000000008002aa4       0x28 Core/Src/encoder.o
                0x0000000008002aa4                encoder_set_middle
 .text.fixed_section_start
                0x0000000008002acc        0xe Core/Src/fixed_section.o
                0x0000000008002acc                fixed_section_start
 *fill*         0x0000000008002ada        0x2 
 .text.fixed_section_main
                0x0000000008002adc       0x34 Core/Src/fixed_section.o
                0x0000000008002adc                fixed_section_main
 .text.flash_erase
                0x0000000008002b10       0x34 Core/Src/flash.o
                0x0000000008002b10                flash_erase
 .text.flash_writting
                0x0000000008002b44       0x48 Core/Src/flash.o
                0x0000000008002b44                flash_writting
 .text.flash_reading
                0x0000000008002b8c       0x20 Core/Src/flash.o
                0x0000000008002b8c                flash_reading
 .text.flash_write
                0x0000000008002bac       0x84 Core/Src/flash.o
                0x0000000008002bac                flash_write
 .text.flash_read
                0x0000000008002c30       0x78 Core/Src/flash.o
                0x0000000008002c30                flash_read
 .text.flash_init
                0x0000000008002ca8        0xc Core/Src/flash.o
                0x0000000008002ca8                flash_init
 .text.flash_read_all
                0x0000000008002cb4       0x20 Core/Src/flash.o
                0x0000000008002cb4                flash_read_all
 .text.low_pass_filter
                0x0000000008002cd4       0x6c Core/Src/function.o
                0x0000000008002cd4                low_pass_filter
 .text.vector3_creation
                0x0000000008002d40       0x54 Core/Src/geometry.o
                0x0000000008002d40                vector3_creation
 .text.length_set_sampling_time_ms
                0x0000000008002d94       0x38 Core/Src/length.o
                0x0000000008002d94                length_set_sampling_time_ms
 .text.length_init
                0x0000000008002dcc       0x28 Core/Src/length.o
                0x0000000008002dcc                length_init
 .text.length_start
                0x0000000008002df4       0x24 Core/Src/length.o
                0x0000000008002df4                length_start
 .text.length_stop
                0x0000000008002e18       0x18 Core/Src/length.o
                0x0000000008002e18                length_stop
 .text.length_reset
                0x0000000008002e30       0x28 Core/Src/length.o
                0x0000000008002e30                length_reset
 .text.length_read
                0x0000000008002e58       0x34 Core/Src/length.o
                0x0000000008002e58                length_read
 .text.length_read_left
                0x0000000008002e8c       0x1c Core/Src/length.o
                0x0000000008002e8c                length_read_left
 .text.length_read_right
                0x0000000008002ea8       0x1c Core/Src/length.o
                0x0000000008002ea8                length_read_right
 .text.velocity_read
                0x0000000008002ec4       0x34 Core/Src/length.o
                0x0000000008002ec4                velocity_read
 .text.velocity_read_left
                0x0000000008002ef8       0x1c Core/Src/length.o
                0x0000000008002ef8                velocity_read_left
 .text.velocity_read_right
                0x0000000008002f14       0x1c Core/Src/length.o
                0x0000000008002f14                velocity_read_right
 .text.length_update
                0x0000000008002f30       0x9c Core/Src/length.o
                0x0000000008002f30                length_update
 .text.length_d_print
                0x0000000008002fcc        0xe Core/Src/length.o
                0x0000000008002fcc                length_d_print
 *fill*         0x0000000008002fda        0x2 
 .text.HAL_TIM_PeriodElapsedCallback
                0x0000000008002fdc       0x54 Core/Src/main.o
                0x0000000008002fdc                HAL_TIM_PeriodElapsedCallback
 .text.main     0x0000000008003030      0x2dc Core/Src/main.o
                0x0000000008003030                main
 .text.SystemClock_Config
                0x000000000800330c       0xd4 Core/Src/main.o
                0x000000000800330c                SystemClock_Config
 .text.MX_ADC1_Init
                0x00000000080033e0      0x248 Core/Src/main.o
 .text.MX_I2C1_Init
                0x0000000008003628       0x5c Core/Src/main.o
 .text.MX_SPI2_Init
                0x0000000008003684       0x6c Core/Src/main.o
 .text.MX_TIM1_Init
                0x00000000080036f0       0xb0 Core/Src/main.o
 .text.MX_TIM3_Init
                0x00000000080037a0       0xa8 Core/Src/main.o
 .text.MX_TIM4_Init
                0x0000000008003848       0xc8 Core/Src/main.o
 .text.MX_TIM6_Init
                0x0000000008003910       0x6c Core/Src/main.o
 .text.MX_TIM7_Init
                0x000000000800397c       0x6c Core/Src/main.o
 .text.MX_TIM10_Init
                0x00000000080039e8       0x48 Core/Src/main.o
 .text.MX_TIM11_Init
                0x0000000008003a30       0x48 Core/Src/main.o
 .text.MX_TIM14_Init
                0x0000000008003a78       0x48 Core/Src/main.o
 .text.MX_USART6_UART_Init
                0x0000000008003ac0       0x54 Core/Src/main.o
 .text.MX_DMA_Init
                0x0000000008003b14       0x40 Core/Src/main.o
 .text.MX_GPIO_Init
                0x0000000008003b54      0x1d4 Core/Src/main.o
 .text.main_init
                0x0000000008003d28       0x20 Core/Src/main.o
                0x0000000008003d28                main_init
 .text.running_start
                0x0000000008003d48       0x5c Core/Src/main.o
                0x0000000008003d48                running_start
 .text.running_stop
                0x0000000008003da4       0x1e Core/Src/main.o
                0x0000000008003da4                running_stop
 *fill*         0x0000000008003dc2        0x2 
 .text.main_print_while
                0x0000000008003dc4       0x60 Core/Src/main.o
                0x0000000008003dc4                main_print_while
 .text.main_main
                0x0000000008003e24        0xc Core/Src/main.o
                0x0000000008003e24                main_main
 .text.main_d_print
                0x0000000008003e30       0x18 Core/Src/main.o
                0x0000000008003e30                main_d_print
 .text.Error_Handler
                0x0000000008003e48        0x8 Core/Src/main.o
                0x0000000008003e48                Error_Handler
 .text.motor_init
                0x0000000008003e50        0xe Core/Src/motor.o
                0x0000000008003e50                motor_init
 *fill*         0x0000000008003e5e        0x2 
 .text.motor_start
                0x0000000008003e60       0x24 Core/Src/motor.o
                0x0000000008003e60                motor_start
 .text.motor_stop
                0x0000000008003e84       0x24 Core/Src/motor.o
                0x0000000008003e84                motor_stop
 .text.motor_enable
                0x0000000008003ea8       0x2c Core/Src/motor.o
                0x0000000008003ea8                motor_enable
 .text.motor_read_enable
                0x0000000008003ed4       0x18 Core/Src/motor.o
                0x0000000008003ed4                motor_read_enable
 .text.motor_set
                0x0000000008003eec      0x100 Core/Src/motor.o
                0x0000000008003eec                motor_set
 .text.__io_putchar
                0x0000000008003fec       0x24 Core/Src/print.o
                0x0000000008003fec                __io_putchar
 .text.print_rotary_value
                0x0000000008004010       0x1c Core/Src/print.o
                0x0000000008004010                print_rotary_value
 .text.revision_print
                0x000000000800402c        0xe Core/Src/revision.o
                0x000000000800402c                revision_print
 *fill*         0x000000000800403a        0x2 
 .text.section_length_set_sampling_time_ms
                0x000000000800403c       0x38 Core/Src/section_length.o
                0x000000000800403c                section_length_set_sampling_time_ms
 .text.section_length_init
                0x0000000008004074       0x1a Core/Src/section_length.o
                0x0000000008004074                section_length_init
 .text.section_length_start
                0x000000000800408e       0x14 Core/Src/section_length.o
                0x000000000800408e                section_length_start
 .text.section_length_stop
                0x00000000080040a2        0xc Core/Src/section_length.o
                0x00000000080040a2                section_length_stop
 *fill*         0x00000000080040ae        0x2 
 .text.section_length_reset
                0x00000000080040b0       0x28 Core/Src/section_length.o
                0x00000000080040b0                section_length_reset
 .text.section_length_buffer_reset
                0x00000000080040d8       0x28 Core/Src/section_length.o
                0x00000000080040d8                section_length_buffer_reset
 .text.section_length_read
                0x0000000008004100       0x34 Core/Src/section_length.o
                0x0000000008004100                section_length_read
 .text.section_length_read_left
                0x0000000008004134       0x1c Core/Src/section_length.o
                0x0000000008004134                section_length_read_left
 .text.section_length_read_right
                0x0000000008004150       0x1c Core/Src/section_length.o
                0x0000000008004150                section_length_read_right
 .text.section_length_set_buffer
                0x000000000800416c       0x44 Core/Src/section_length.o
                0x000000000800416c                section_length_set_buffer
 .text.section_length_update
                0x00000000080041b0       0x48 Core/Src/section_length.o
                0x00000000080041b0                section_length_update
 .text.section_length_d_print
                0x00000000080041f8        0xe Core/Src/section_length.o
                0x00000000080041f8                section_length_d_print
 *fill*         0x0000000008004206        0x2 
 .text.sidesensor_read
                0x0000000008004208       0x54 Core/Src/sidesensor.o
                0x0000000008004208                sidesensor_read
 .text.sidesensor_init
                0x000000000800425c        0xe Core/Src/sidesensor.o
                0x000000000800425c                sidesensor_init
 *fill*         0x000000000800426a        0x2 
 .text.sidesensor_start
                0x000000000800426c       0x4c Core/Src/sidesensor.o
                0x000000000800426c                sidesensor_start
 .text.sidesensor_stop
                0x00000000080042b8        0xe Core/Src/sidesensor.o
                0x00000000080042b8                sidesensor_stop
 *fill*         0x00000000080042c6        0x2 
 .text.sidesensor_read_markerstate
                0x00000000080042c8       0x18 Core/Src/sidesensor.o
                0x00000000080042c8                sidesensor_read_markerstate
 .text.sidesensor_read_markerstate_volatile
                0x00000000080042e0       0x18 Core/Src/sidesensor.o
                0x00000000080042e0                sidesensor_read_markerstate_volatile
 .text.sidesensor_right
                0x00000000080042f8       0x50 Core/Src/sidesensor.o
                0x00000000080042f8                sidesensor_right
 .text.sidesensor_left
                0x0000000008004348       0x24 Core/Src/sidesensor.o
                0x0000000008004348                sidesensor_left
 .text.sidesensor_cross
                0x000000000800436c       0x24 Core/Src/sidesensor.o
                0x000000000800436c                sidesensor_cross
 .text.sidesensor_main
                0x0000000008004390       0xc0 Core/Src/sidesensor.o
                0x0000000008004390                sidesensor_main
 .text.slow_start
                0x0000000008004450       0x9c Core/Src/slow.o
                0x0000000008004450                slow_start
 .text.slow_print_default_pid
                0x00000000080044ec        0xe Core/Src/slow.o
                0x00000000080044ec                slow_print_default_pid
 *fill*         0x00000000080044fa        0x2 
 .text.HAL_MspInit
                0x00000000080044fc       0x58 Core/Src/stm32f4xx_hal_msp.o
                0x00000000080044fc                HAL_MspInit
 .text.HAL_ADC_MspInit
                0x0000000008004554      0x160 Core/Src/stm32f4xx_hal_msp.o
                0x0000000008004554                HAL_ADC_MspInit
 .text.HAL_I2C_MspInit
                0x00000000080046b4       0x90 Core/Src/stm32f4xx_hal_msp.o
                0x00000000080046b4                HAL_I2C_MspInit
 .text.HAL_SPI_MspInit
                0x0000000008004744       0x90 Core/Src/stm32f4xx_hal_msp.o
                0x0000000008004744                HAL_SPI_MspInit
 .text.HAL_TIM_Encoder_MspInit
                0x00000000080047d4      0x12c Core/Src/stm32f4xx_hal_msp.o
                0x00000000080047d4                HAL_TIM_Encoder_MspInit
 .text.HAL_TIM_PWM_MspInit
                0x0000000008004900       0x50 Core/Src/stm32f4xx_hal_msp.o
                0x0000000008004900                HAL_TIM_PWM_MspInit
 .text.HAL_TIM_Base_MspInit
                0x0000000008004950      0x130 Core/Src/stm32f4xx_hal_msp.o
                0x0000000008004950                HAL_TIM_Base_MspInit
 .text.HAL_TIM_MspPostInit
                0x0000000008004a80       0x74 Core/Src/stm32f4xx_hal_msp.o
                0x0000000008004a80                HAL_TIM_MspPostInit
 .text.HAL_UART_MspInit
                0x0000000008004af4       0x90 Core/Src/stm32f4xx_hal_msp.o
                0x0000000008004af4                HAL_UART_MspInit
 .text.NMI_Handler
                0x0000000008004b84        0x6 Core/Src/stm32f4xx_it.o
                0x0000000008004b84                NMI_Handler
 .text.HardFault_Handler
                0x0000000008004b8a        0x6 Core/Src/stm32f4xx_it.o
                0x0000000008004b8a                HardFault_Handler
 .text.MemManage_Handler
                0x0000000008004b90        0x6 Core/Src/stm32f4xx_it.o
                0x0000000008004b90                MemManage_Handler
 .text.BusFault_Handler
                0x0000000008004b96        0x6 Core/Src/stm32f4xx_it.o
                0x0000000008004b96                BusFault_Handler
 .text.UsageFault_Handler
                0x0000000008004b9c        0x6 Core/Src/stm32f4xx_it.o
                0x0000000008004b9c                UsageFault_Handler
 .text.SVC_Handler
                0x0000000008004ba2        0xe Core/Src/stm32f4xx_it.o
                0x0000000008004ba2                SVC_Handler
 .text.DebugMon_Handler
                0x0000000008004bb0        0xe Core/Src/stm32f4xx_it.o
                0x0000000008004bb0                DebugMon_Handler
 .text.PendSV_Handler
                0x0000000008004bbe        0xe Core/Src/stm32f4xx_it.o
                0x0000000008004bbe                PendSV_Handler
 .text.SysTick_Handler
                0x0000000008004bcc        0xc Core/Src/stm32f4xx_it.o
                0x0000000008004bcc                SysTick_Handler
 .text.TIM1_UP_TIM10_IRQHandler
                0x0000000008004bd8       0x1c Core/Src/stm32f4xx_it.o
                0x0000000008004bd8                TIM1_UP_TIM10_IRQHandler
 .text.TIM1_TRG_COM_TIM11_IRQHandler
                0x0000000008004bf4       0x1c Core/Src/stm32f4xx_it.o
                0x0000000008004bf4                TIM1_TRG_COM_TIM11_IRQHandler
 .text.TIM3_IRQHandler
                0x0000000008004c10       0x14 Core/Src/stm32f4xx_it.o
                0x0000000008004c10                TIM3_IRQHandler
 .text.TIM4_IRQHandler
                0x0000000008004c24       0x14 Core/Src/stm32f4xx_it.o
                0x0000000008004c24                TIM4_IRQHandler
 .text.TIM6_DAC_IRQHandler
                0x0000000008004c38       0x14 Core/Src/stm32f4xx_it.o
                0x0000000008004c38                TIM6_DAC_IRQHandler
 .text.TIM7_IRQHandler
                0x0000000008004c4c       0x14 Core/Src/stm32f4xx_it.o
                0x0000000008004c4c                TIM7_IRQHandler
 .text.DMA2_Stream0_IRQHandler
                0x0000000008004c60       0x14 Core/Src/stm32f4xx_it.o
                0x0000000008004c60                DMA2_Stream0_IRQHandler
 .text._read    0x0000000008004c74       0x3a Core/Src/syscalls.o
                0x0000000008004c74                _read
 .text._write   0x0000000008004cae       0x38 Core/Src/syscalls.o
                0x0000000008004cae                _write
 .text._close   0x0000000008004ce6       0x18 Core/Src/syscalls.o
                0x0000000008004ce6                _close
 .text._fstat   0x0000000008004cfe       0x20 Core/Src/syscalls.o
                0x0000000008004cfe                _fstat
 .text._isatty  0x0000000008004d1e       0x16 Core/Src/syscalls.o
                0x0000000008004d1e                _isatty
 .text._lseek   0x0000000008004d34       0x1a Core/Src/syscalls.o
                0x0000000008004d34                _lseek
 *fill*         0x0000000008004d4e        0x2 
 .text._sbrk    0x0000000008004d50       0x6c Core/Src/sysmem.o
                0x0000000008004d50                _sbrk
 .text.SystemInit
                0x0000000008004dbc       0x2c Core/Src/system_stm32f4xx.o
                0x0000000008004dbc                SystemInit
 .text.tim10_init
                0x0000000008004de8       0x54 Core/Src/tim10.o
                0x0000000008004de8                tim10_init
 .text.tim10_start
                0x0000000008004e3c       0x5c Core/Src/tim10.o
                0x0000000008004e3c                tim10_start
 .text.tim10_stop
                0x0000000008004e98       0x24 Core/Src/tim10.o
                0x0000000008004e98                tim10_stop
 .text.tim10_main
                0x0000000008004ebc       0x4c Core/Src/tim10.o
                0x0000000008004ebc                tim10_main
 .text.tim10_update_values
                0x0000000008004f08       0x34 Core/Src/tim10.o
                0x0000000008004f08                tim10_update_values
 .text.tim10_read_left
                0x0000000008004f3c       0x1c Core/Src/tim10.o
                0x0000000008004f3c                tim10_read_left
 .text.tim10_read_right
                0x0000000008004f58       0x1c Core/Src/tim10.o
                0x0000000008004f58                tim10_read_right
 .text.tim10_d_print
                0x0000000008004f74       0x1c Core/Src/tim10.o
                0x0000000008004f74                tim10_d_print
 .text.tim11_init
                0x0000000008004f90       0x1c Core/Src/tim11.o
                0x0000000008004f90                tim11_init
 .text.tim11_main
                0x0000000008004fac       0x16 Core/Src/tim11.o
                0x0000000008004fac                tim11_main
 *fill*         0x0000000008004fc2        0x2 
 .text.tim6_init
                0x0000000008004fc4       0x24 Core/Src/tim6.o
                0x0000000008004fc4                tim6_init
 .text.tim6_start
                0x0000000008004fe8       0x30 Core/Src/tim6.o
                0x0000000008004fe8                tim6_start
 .text.tim6_stop
                0x0000000008005018       0x30 Core/Src/tim6.o
                0x0000000008005018                tim6_stop
 .text.tim6_main
                0x0000000008005048      0x170 Core/Src/tim6.o
                0x0000000008005048                tim6_main
 .text.tim6_d_print
                0x00000000080051b8        0xc Core/Src/tim6.o
                0x00000000080051b8                tim6_d_print
 .text.tim7_init
                0x00000000080051c4       0x20 Core/Src/tim7.o
                0x00000000080051c4                tim7_init
 .text.tim7_start
                0x00000000080051e4       0x50 Core/Src/tim7.o
                0x00000000080051e4                tim7_start
 .text.tim7_stop
                0x0000000008005234       0x1c Core/Src/tim7.o
                0x0000000008005234                tim7_stop
 .text.tim7_main
                0x0000000008005250       0x3c Core/Src/tim7.o
                0x0000000008005250                tim7_main
 .text.tim7_read_direction
                0x000000000800528c      0x14c Core/Src/tim7.o
                0x000000000800528c                tim7_read_direction
 .text.tim7_set_emergency
                0x00000000080053d8       0x20 Core/Src/tim7.o
                0x00000000080053d8                tim7_set_emergency
 .text.tim7_read_left
                0x00000000080053f8       0x1c Core/Src/tim7.o
                0x00000000080053f8                tim7_read_left
 .text.tim7_read_right
                0x0000000008005414       0x1c Core/Src/tim7.o
                0x0000000008005414                tim7_read_right
 .text.tim7_d_print
                0x0000000008005430       0x10 Core/Src/tim7.o
                0x0000000008005430                tim7_d_print
 .text.tim7_tracer_set_gain_short
                0x0000000008005440        0xc Core/Src/tim7.o
                0x0000000008005440                tim7_tracer_set_gain_short
 .text.tim7_tracer_set_gain_long
                0x000000000800544c       0x34 Core/Src/tim7.o
                0x000000000800544c                tim7_tracer_set_gain_long
 .text.time_update_ms
                0x0000000008005480       0x3c Core/Src/time.o
                0x0000000008005480                time_update_ms
 .text.time_countup
                0x00000000080054bc       0x4c Core/Src/time.o
                0x00000000080054bc                time_countup
 .text.tracer_init
                0x0000000008005508       0x38 Core/Src/tracer.o
                0x0000000008005508                tracer_init
 .text.tracer_start
                0x0000000008005540       0x90 Core/Src/tracer.o
                0x0000000008005540                tracer_start
 .text.tracer_stop
                0x00000000080055d0       0x18 Core/Src/tracer.o
                0x00000000080055d0                tracer_stop
 .text.tracer_set_gain_kp_direct
                0x00000000080055e8       0x20 Core/Src/tracer.o
                0x00000000080055e8                tracer_set_gain_kp_direct
 .text.tracer_set_gain_ki_direct
                0x0000000008005608       0x20 Core/Src/tracer.o
                0x0000000008005608                tracer_set_gain_ki_direct
 .text.tracer_set_gain_kd_direct
                0x0000000008005628       0x20 Core/Src/tracer.o
                0x0000000008005628                tracer_set_gain_kd_direct
 .text.tracer_set_gain_direct
                0x0000000008005648       0x32 Core/Src/tracer.o
                0x0000000008005648                tracer_set_gain_direct
 *fill*         0x000000000800567a        0x2 
 .text.tracer_set_target_zero
                0x000000000800567c       0x1c Core/Src/tracer.o
                0x000000000800567c                tracer_set_target_zero
 .text.tracer_set_gain_zero
                0x0000000008005698       0x2c Core/Src/tracer.o
                0x0000000008005698                tracer_set_gain_zero
 .text.tracer_calc_gain_kp
                0x00000000080056c4       0x44 Core/Src/tracer.o
                0x00000000080056c4                tracer_calc_gain_kp
 .text.tracer_calc_gain_ki
                0x0000000008005708       0x44 Core/Src/tracer.o
                0x0000000008005708                tracer_calc_gain_ki
 .text.tracer_calc_gain_kd
                0x000000000800574c       0x48 Core/Src/tracer.o
                0x000000000800574c                tracer_calc_gain_kd
 .text.tracer_set_gain_default
                0x0000000008005794       0x20 Core/Src/tracer.o
                0x0000000008005794                tracer_set_gain_default
 .text.tracer_set_default_now_gain
                0x00000000080057b4       0x3c Core/Src/tracer.o
                0x00000000080057b4                tracer_set_default_now_gain
 .text.tracer_read_values
                0x00000000080057f0       0x14 Core/Src/tracer.o
                0x00000000080057f0                tracer_read_values
 .text.tracer_solve
                0x0000000008005804       0xf0 Core/Src/tracer.o
                0x0000000008005804                tracer_solve
 .text.tracer_print_values
                0x00000000080058f4        0xe Core/Src/tracer.o
                0x00000000080058f4                tracer_print_values
 *fill*         0x0000000008005902        0x2 
 .text.velotrace_init
                0x0000000008005904       0x2c Core/Src/velotrace.o
                0x0000000008005904                velotrace_init
 .text.velotrace_start
                0x0000000008005930      0x14c Core/Src/velotrace.o
                0x0000000008005930                velotrace_start
 .text.velotrace_stop
                0x0000000008005a7c       0x1c Core/Src/velotrace.o
                0x0000000008005a7c                velotrace_stop
 .text.velotrace_set_target_direct
                0x0000000008005a98       0x20 Core/Src/velotrace.o
                0x0000000008005a98                velotrace_set_target_direct
 .text.velotrace_set_gain_kp_direct
                0x0000000008005ab8       0x20 Core/Src/velotrace.o
                0x0000000008005ab8                velotrace_set_gain_kp_direct
 .text.velotrace_set_gain_ki_direct
                0x0000000008005ad8       0x20 Core/Src/velotrace.o
                0x0000000008005ad8                velotrace_set_gain_ki_direct
 .text.velotrace_set_gain_kd_direct
                0x0000000008005af8       0x20 Core/Src/velotrace.o
                0x0000000008005af8                velotrace_set_gain_kd_direct
 .text.velotrace_set_gain_direct
                0x0000000008005b18       0x32 Core/Src/velotrace.o
                0x0000000008005b18                velotrace_set_gain_direct
 *fill*         0x0000000008005b4a        0x2 
 .text.velotrace_set_target_zero
                0x0000000008005b4c       0x14 Core/Src/velotrace.o
                0x0000000008005b4c                velotrace_set_target_zero
 .text.velotrace_set_gain_zero
                0x0000000008005b60       0x24 Core/Src/velotrace.o
                0x0000000008005b60                velotrace_set_gain_zero
 .text.velotrace_calc_target
                0x0000000008005b84       0x3a Core/Src/velotrace.o
                0x0000000008005b84                velotrace_calc_target
 *fill*         0x0000000008005bbe        0x2 
 .text.velotrace_calc_gain_kp
                0x0000000008005bc0       0x48 Core/Src/velotrace.o
                0x0000000008005bc0                velotrace_calc_gain_kp
 .text.velotrace_calc_gain_ki
                0x0000000008005c08       0x48 Core/Src/velotrace.o
                0x0000000008005c08                velotrace_calc_gain_ki
 .text.velotrace_calc_gain_kd
                0x0000000008005c50       0x44 Core/Src/velotrace.o
                0x0000000008005c50                velotrace_calc_gain_kd
 .text.velotrace_read_values
                0x0000000008005c94       0x14 Core/Src/velotrace.o
                0x0000000008005c94                velotrace_read_values
 .text.velotrace_solve
                0x0000000008005ca8       0xdc Core/Src/velotrace.o
                0x0000000008005ca8                velotrace_solve
 .text.velotrace_print_values
                0x0000000008005d84        0xe Core/Src/velotrace.o
                0x0000000008005d84                velotrace_print_values
 *fill*         0x0000000008005d92        0x2 
 .text.velotrace_gain_tuning
                0x0000000008005d94       0x40 Core/Src/velotrace.o
                0x0000000008005d94                velotrace_gain_tuning
 .text.virtual_marker_init
                0x0000000008005dd4        0xc Core/Src/virtual_marker.o
                0x0000000008005dd4                virtual_marker_init
 .text.virtual_marker_start
                0x0000000008005de0       0x10 Core/Src/virtual_marker.o
                0x0000000008005de0                virtual_marker_start
 .text.virtual_marker_main
                0x0000000008005df0       0x10 Core/Src/virtual_marker.o
                0x0000000008005df0                virtual_marker_main
 .text.virtual_marker_stop
                0x0000000008005e00        0xc Core/Src/virtual_marker.o
                0x0000000008005e00                virtual_marker_stop
 .text.virtual_marker_set
                0x0000000008005e0c       0x28 Core/Src/virtual_marker.o
                0x0000000008005e0c                virtual_marker_set
 .text.virtual_marker_read_markerstate
                0x0000000008005e34       0x18 Core/Src/virtual_marker.o
                0x0000000008005e34                virtual_marker_read_markerstate
 .text.virtual_marker_read_markerstate_volatile
                0x0000000008005e4c       0x18 Core/Src/virtual_marker.o
                0x0000000008005e4c                virtual_marker_read_markerstate_volatile
 .text.virtual_marker_d_print
                0x0000000008005e64        0xe Core/Src/virtual_marker.o
                0x0000000008005e64                virtual_marker_d_print
 *fill*         0x0000000008005e72        0x2 
 .text.Reset_Handler
                0x0000000008005e74       0x50 Core/Startup/startup_stm32f405rgtx.o
                0x0000000008005e74                Reset_Handler
 .text.Default_Handler
                0x0000000008005ec4        0x2 Core/Startup/startup_stm32f405rgtx.o
                0x0000000008005ec4                RTC_Alarm_IRQHandler
                0x0000000008005ec4                HASH_RNG_IRQHandler
                0x0000000008005ec4                EXTI2_IRQHandler
                0x0000000008005ec4                TIM8_CC_IRQHandler
                0x0000000008005ec4                TIM1_CC_IRQHandler
                0x0000000008005ec4                DMA2_Stream5_IRQHandler
                0x0000000008005ec4                DMA1_Stream5_IRQHandler
                0x0000000008005ec4                PVD_IRQHandler
                0x0000000008005ec4                SDIO_IRQHandler
                0x0000000008005ec4                TAMP_STAMP_IRQHandler
                0x0000000008005ec4                CAN2_RX1_IRQHandler
                0x0000000008005ec4                EXTI3_IRQHandler
                0x0000000008005ec4                TIM8_TRG_COM_TIM14_IRQHandler
                0x0000000008005ec4                TIM8_UP_TIM13_IRQHandler
                0x0000000008005ec4                I2C3_ER_IRQHandler
                0x0000000008005ec4                EXTI0_IRQHandler
                0x0000000008005ec4                I2C2_EV_IRQHandler
                0x0000000008005ec4                DMA1_Stream2_IRQHandler
                0x0000000008005ec4                CAN1_RX0_IRQHandler
                0x0000000008005ec4                FPU_IRQHandler
                0x0000000008005ec4                OTG_HS_WKUP_IRQHandler
                0x0000000008005ec4                CAN2_SCE_IRQHandler
                0x0000000008005ec4                DMA2_Stream2_IRQHandler
                0x0000000008005ec4                SPI1_IRQHandler
                0x0000000008005ec4                TIM1_BRK_TIM9_IRQHandler
                0x0000000008005ec4                CAN2_RX0_IRQHandler
                0x0000000008005ec4                DMA2_Stream3_IRQHandler
                0x0000000008005ec4                USART6_IRQHandler
                0x0000000008005ec4                USART3_IRQHandler
                0x0000000008005ec4                CAN1_RX1_IRQHandler
                0x0000000008005ec4                UART5_IRQHandler
                0x0000000008005ec4                I2C1_EV_IRQHandler
                0x0000000008005ec4                DMA1_Stream6_IRQHandler
                0x0000000008005ec4                DMA1_Stream1_IRQHandler
                0x0000000008005ec4                UART4_IRQHandler
                0x0000000008005ec4                RCC_IRQHandler
                0x0000000008005ec4                TIM8_BRK_TIM12_IRQHandler
                0x0000000008005ec4                Default_Handler
                0x0000000008005ec4                EXTI15_10_IRQHandler
                0x0000000008005ec4                ADC_IRQHandler
                0x0000000008005ec4                DMA1_Stream7_IRQHandler
                0x0000000008005ec4                CAN2_TX_IRQHandler
                0x0000000008005ec4                TIM5_IRQHandler
                0x0000000008005ec4                DMA2_Stream7_IRQHandler
                0x0000000008005ec4                I2C3_EV_IRQHandler
                0x0000000008005ec4                EXTI9_5_IRQHandler
                0x0000000008005ec4                RTC_WKUP_IRQHandler
                0x0000000008005ec4                SPI2_IRQHandler
                0x0000000008005ec4                OTG_HS_EP1_IN_IRQHandler
                0x0000000008005ec4                DMA1_Stream0_IRQHandler
                0x0000000008005ec4                CAN1_TX_IRQHandler
                0x0000000008005ec4                EXTI4_IRQHandler
                0x0000000008005ec4                FSMC_IRQHandler
                0x0000000008005ec4                OTG_HS_EP1_OUT_IRQHandler
                0x0000000008005ec4                WWDG_IRQHandler
                0x0000000008005ec4                TIM2_IRQHandler
                0x0000000008005ec4                OTG_FS_WKUP_IRQHandler
                0x0000000008005ec4                OTG_HS_IRQHandler
                0x0000000008005ec4                EXTI1_IRQHandler
                0x0000000008005ec4                USART2_IRQHandler
                0x0000000008005ec4                I2C2_ER_IRQHandler
                0x0000000008005ec4                DMA2_Stream1_IRQHandler
                0x0000000008005ec4                CAN1_SCE_IRQHandler
                0x0000000008005ec4                FLASH_IRQHandler
                0x0000000008005ec4                DMA2_Stream4_IRQHandler
                0x0000000008005ec4                USART1_IRQHandler
                0x0000000008005ec4                OTG_FS_IRQHandler
                0x0000000008005ec4                SPI3_IRQHandler
                0x0000000008005ec4                DMA1_Stream4_IRQHandler
                0x0000000008005ec4                I2C1_ER_IRQHandler
                0x0000000008005ec4                DMA2_Stream6_IRQHandler
                0x0000000008005ec4                DMA1_Stream3_IRQHandler
 *fill*         0x0000000008005ec6        0x2 
 .text.HAL_Init
                0x0000000008005ec8       0x44 Drivers/STM32F4xx_HAL_Driver/Src/stm32f4xx_hal.o
                0x0000000008005ec8                HAL_Init
 .text.HAL_InitTick
                0x0000000008005f0c       0x60 Drivers/STM32F4xx_HAL_Driver/Src/stm32f4xx_hal.o
                0x0000000008005f0c                HAL_InitTick
 .text.HAL_IncTick
                0x0000000008005f6c       0x28 Drivers/STM32F4xx_HAL_Driver/Src/stm32f4xx_hal.o
                0x0000000008005f6c                HAL_IncTick
 .text.HAL_GetTick
                0x0000000008005f94       0x18 Drivers/STM32F4xx_HAL_Driver/Src/stm32f4xx_hal.o
                0x0000000008005f94                HAL_GetTick
 .text.HAL_Delay
                0x0000000008005fac       0x44 Drivers/STM32F4xx_HAL_Driver/Src/stm32f4xx_hal.o
                0x0000000008005fac                HAL_Delay
 .text.HAL_ADC_Init
                0x0000000008005ff0       0x86 Drivers/STM32F4xx_HAL_Driver/Src/stm32f4xx_hal_adc.o
                0x0000000008005ff0                HAL_ADC_Init
 *fill*         0x0000000008006076        0x2 
 .text.HAL_ADC_Start_DMA
                0x0000000008006078      0x220 Drivers/STM32F4xx_HAL_Driver/Src/stm32f4xx_hal_adc.o
                0x0000000008006078                HAL_ADC_Start_DMA
 .text.HAL_ADC_Stop_DMA
                0x0000000008006298       0xb4 Drivers/STM32F4xx_HAL_Driver/Src/stm32f4xx_hal_adc.o
                0x0000000008006298                HAL_ADC_Stop_DMA
 .text.HAL_ADC_ConvHalfCpltCallback
                0x000000000800634c       0x14 Drivers/STM32F4xx_HAL_Driver/Src/stm32f4xx_hal_adc.o
                0x000000000800634c                HAL_ADC_ConvHalfCpltCallback
 .text.HAL_ADC_ErrorCallback
                0x0000000008006360       0x14 Drivers/STM32F4xx_HAL_Driver/Src/stm32f4xx_hal_adc.o
                0x0000000008006360                HAL_ADC_ErrorCallback
 .text.HAL_ADC_ConfigChannel
                0x0000000008006374      0x244 Drivers/STM32F4xx_HAL_Driver/Src/stm32f4xx_hal_adc.o
                0x0000000008006374                HAL_ADC_ConfigChannel
 .text.ADC_Init
                0x00000000080065b8      0x1f8 Drivers/STM32F4xx_HAL_Driver/Src/stm32f4xx_hal_adc.o
 .text.ADC_DMAConvCplt
                0x00000000080067b0       0xba Drivers/STM32F4xx_HAL_Driver/Src/stm32f4xx_hal_adc.o
 .text.ADC_DMAHalfConvCplt
                0x000000000800686a       0x1c Drivers/STM32F4xx_HAL_Driver/Src/stm32f4xx_hal_adc.o
 .text.ADC_DMAError
                0x0000000008006886       0x2e Drivers/STM32F4xx_HAL_Driver/Src/stm32f4xx_hal_adc.o
 .text.__NVIC_SetPriorityGrouping
                0x00000000080068b4       0x48 Drivers/STM32F4xx_HAL_Driver/Src/stm32f4xx_hal_cortex.o
 .text.__NVIC_GetPriorityGrouping
                0x00000000080068fc       0x1c Drivers/STM32F4xx_HAL_Driver/Src/stm32f4xx_hal_cortex.o
 .text.__NVIC_EnableIRQ
                0x0000000008006918       0x3c Drivers/STM32F4xx_HAL_Driver/Src/stm32f4xx_hal_cortex.o
 .text.__NVIC_SetPriority
                0x0000000008006954       0x54 Drivers/STM32F4xx_HAL_Driver/Src/stm32f4xx_hal_cortex.o
 .text.NVIC_EncodePriority
                0x00000000080069a8       0x66 Drivers/STM32F4xx_HAL_Driver/Src/stm32f4xx_hal_cortex.o
 *fill*         0x0000000008006a0e        0x2 
 .text.SysTick_Config
                0x0000000008006a10       0x44 Drivers/STM32F4xx_HAL_Driver/Src/stm32f4xx_hal_cortex.o
 .text.HAL_NVIC_SetPriorityGrouping
                0x0000000008006a54       0x16 Drivers/STM32F4xx_HAL_Driver/Src/stm32f4xx_hal_cortex.o
                0x0000000008006a54                HAL_NVIC_SetPriorityGrouping
 .text.HAL_NVIC_SetPriority
                0x0000000008006a6a       0x38 Drivers/STM32F4xx_HAL_Driver/Src/stm32f4xx_hal_cortex.o
                0x0000000008006a6a                HAL_NVIC_SetPriority
 .text.HAL_NVIC_EnableIRQ
                0x0000000008006aa2       0x1c Drivers/STM32F4xx_HAL_Driver/Src/stm32f4xx_hal_cortex.o
                0x0000000008006aa2                HAL_NVIC_EnableIRQ
 .text.HAL_SYSTICK_Config
                0x0000000008006abe       0x18 Drivers/STM32F4xx_HAL_Driver/Src/stm32f4xx_hal_cortex.o
                0x0000000008006abe                HAL_SYSTICK_Config
 *fill*         0x0000000008006ad6        0x2 
 .text.HAL_DMA_Init
                0x0000000008006ad8      0x15c Drivers/STM32F4xx_HAL_Driver/Src/stm32f4xx_hal_dma.o
                0x0000000008006ad8                HAL_DMA_Init
 .text.HAL_DMA_Start_IT
                0x0000000008006c34       0xb0 Drivers/STM32F4xx_HAL_Driver/Src/stm32f4xx_hal_dma.o
                0x0000000008006c34                HAL_DMA_Start_IT
 .text.HAL_DMA_Abort
                0x0000000008006ce4       0xe0 Drivers/STM32F4xx_HAL_Driver/Src/stm32f4xx_hal_dma.o
                0x0000000008006ce4                HAL_DMA_Abort
 .text.HAL_DMA_IRQHandler
                0x0000000008006dc4      0x314 Drivers/STM32F4xx_HAL_Driver/Src/stm32f4xx_hal_dma.o
                0x0000000008006dc4                HAL_DMA_IRQHandler
 .text.DMA_SetConfig
                0x00000000080070d8       0x5c Drivers/STM32F4xx_HAL_Driver/Src/stm32f4xx_hal_dma.o
 .text.DMA_CalcBaseAndBitshift
                0x0000000008007134       0x6c Drivers/STM32F4xx_HAL_Driver/Src/stm32f4xx_hal_dma.o
 .text.DMA_CheckFifoParam
                0x00000000080071a0       0xf4 Drivers/STM32F4xx_HAL_Driver/Src/stm32f4xx_hal_dma.o
 .text.HAL_FLASH_Program
                0x0000000008007294       0xa8 Drivers/STM32F4xx_HAL_Driver/Src/stm32f4xx_hal_flash.o
                0x0000000008007294                HAL_FLASH_Program
 .text.HAL_FLASH_Unlock
                0x000000000800733c       0x44 Drivers/STM32F4xx_HAL_Driver/Src/stm32f4xx_hal_flash.o
                0x000000000800733c                HAL_FLASH_Unlock
 .text.HAL_FLASH_Lock
                0x0000000008007380       0x20 Drivers/STM32F4xx_HAL_Driver/Src/stm32f4xx_hal_flash.o
                0x0000000008007380                HAL_FLASH_Lock
 .text.FLASH_WaitForLastOperation
                0x00000000080073a0       0x80 Drivers/STM32F4xx_HAL_Driver/Src/stm32f4xx_hal_flash.o
                0x00000000080073a0                FLASH_WaitForLastOperation
 .text.FLASH_Program_DoubleWord
                0x0000000008007420       0x60 Drivers/STM32F4xx_HAL_Driver/Src/stm32f4xx_hal_flash.o
 .text.FLASH_Program_Word
                0x0000000008007480       0x44 Drivers/STM32F4xx_HAL_Driver/Src/stm32f4xx_hal_flash.o
 .text.FLASH_Program_HalfWord
                0x00000000080074c4       0x48 Drivers/STM32F4xx_HAL_Driver/Src/stm32f4xx_hal_flash.o
 .text.FLASH_Program_Byte
                0x000000000800750c       0x44 Drivers/STM32F4xx_HAL_Driver/Src/stm32f4xx_hal_flash.o
 .text.FLASH_SetErrorCode
                0x0000000008007550       0xac Drivers/STM32F4xx_HAL_Driver/Src/stm32f4xx_hal_flash.o
 .text.HAL_FLASHEx_Erase
                0x00000000080075fc       0xe0 Drivers/STM32F4xx_HAL_Driver/Src/stm32f4xx_hal_flash_ex.o
                0x00000000080075fc                HAL_FLASHEx_Erase
 .text.FLASH_MassErase
                0x00000000080076dc       0x48 Drivers/STM32F4xx_HAL_Driver/Src/stm32f4xx_hal_flash_ex.o
 .text.FLASH_Erase_Sector
                0x0000000008007724       0x90 Drivers/STM32F4xx_HAL_Driver/Src/stm32f4xx_hal_flash_ex.o
                0x0000000008007724                FLASH_Erase_Sector
 .text.FLASH_FlushCaches
                0x00000000080077b4       0x8c Drivers/STM32F4xx_HAL_Driver/Src/stm32f4xx_hal_flash_ex.o
                0x00000000080077b4                FLASH_FlushCaches
 .text.HAL_GPIO_Init
                0x0000000008007840      0x334 Drivers/STM32F4xx_HAL_Driver/Src/stm32f4xx_hal_gpio.o
                0x0000000008007840                HAL_GPIO_Init
 .text.HAL_GPIO_ReadPin
                0x0000000008007b74       0x30 Drivers/STM32F4xx_HAL_Driver/Src/stm32f4xx_hal_gpio.o
                0x0000000008007b74                HAL_GPIO_ReadPin
 .text.HAL_GPIO_WritePin
                0x0000000008007ba4       0x32 Drivers/STM32F4xx_HAL_Driver/Src/stm32f4xx_hal_gpio.o
                0x0000000008007ba4                HAL_GPIO_WritePin
 *fill*         0x0000000008007bd6        0x2 
 .text.HAL_I2C_Init
                0x0000000008007bd8      0x270 Drivers/STM32F4xx_HAL_Driver/Src/stm32f4xx_hal_i2c.o
                0x0000000008007bd8                HAL_I2C_Init
 .text.HAL_RCC_OscConfig
                0x0000000008007e48      0x4f0 Drivers/STM32F4xx_HAL_Driver/Src/stm32f4xx_hal_rcc.o
                0x0000000008007e48                HAL_RCC_OscConfig
 .text.HAL_RCC_ClockConfig
                0x0000000008008338      0x1cc Drivers/STM32F4xx_HAL_Driver/Src/stm32f4xx_hal_rcc.o
                0x0000000008008338                HAL_RCC_ClockConfig
 .text.HAL_RCC_GetSysClockFreq
                0x0000000008008504      0x1ac Drivers/STM32F4xx_HAL_Driver/Src/stm32f4xx_hal_rcc.o
                0x0000000008008504                HAL_RCC_GetSysClockFreq
 .text.HAL_RCC_GetHCLKFreq
                0x00000000080086b0       0x18 Drivers/STM32F4xx_HAL_Driver/Src/stm32f4xx_hal_rcc.o
                0x00000000080086b0                HAL_RCC_GetHCLKFreq
 .text.HAL_RCC_GetPCLK1Freq
                0x00000000080086c8       0x28 Drivers/STM32F4xx_HAL_Driver/Src/stm32f4xx_hal_rcc.o
                0x00000000080086c8                HAL_RCC_GetPCLK1Freq
 .text.HAL_RCC_GetPCLK2Freq
                0x00000000080086f0       0x28 Drivers/STM32F4xx_HAL_Driver/Src/stm32f4xx_hal_rcc.o
                0x00000000080086f0                HAL_RCC_GetPCLK2Freq
 .text.HAL_SPI_Init
                0x0000000008008718      0x112 Drivers/STM32F4xx_HAL_Driver/Src/stm32f4xx_hal_spi.o
                0x0000000008008718                HAL_SPI_Init
 .text.HAL_SPI_Transmit
                0x000000000800882a      0x278 Drivers/STM32F4xx_HAL_Driver/Src/stm32f4xx_hal_spi.o
                0x000000000800882a                HAL_SPI_Transmit
 .text.HAL_SPI_Receive
                0x0000000008008aa2      0x222 Drivers/STM32F4xx_HAL_Driver/Src/stm32f4xx_hal_spi.o
                0x0000000008008aa2                HAL_SPI_Receive
 .text.HAL_SPI_TransmitReceive
                0x0000000008008cc4      0x344 Drivers/STM32F4xx_HAL_Driver/Src/stm32f4xx_hal_spi.o
                0x0000000008008cc4                HAL_SPI_TransmitReceive
 .text.SPI_WaitFlagStateUntilTimeout
                0x0000000008009008      0x110 Drivers/STM32F4xx_HAL_Driver/Src/stm32f4xx_hal_spi.o
 .text.SPI_EndRxTransaction
                0x0000000008009118       0xca Drivers/STM32F4xx_HAL_Driver/Src/stm32f4xx_hal_spi.o
 *fill*         0x00000000080091e2        0x2 
 .text.SPI_EndRxTxTransaction
                0x00000000080091e4       0x84 Drivers/STM32F4xx_HAL_Driver/Src/stm32f4xx_hal_spi.o
 .text.HAL_TIM_Base_Init
                0x0000000008009268       0x9e Drivers/STM32F4xx_HAL_Driver/Src/stm32f4xx_hal_tim.o
                0x0000000008009268                HAL_TIM_Base_Init
 *fill*         0x0000000008009306        0x2 
 .text.HAL_TIM_Base_Start_IT
                0x0000000008009308       0xe0 Drivers/STM32F4xx_HAL_Driver/Src/stm32f4xx_hal_tim.o
                0x0000000008009308                HAL_TIM_Base_Start_IT
 .text.HAL_TIM_Base_Stop_IT
                0x00000000080093e8       0x5e Drivers/STM32F4xx_HAL_Driver/Src/stm32f4xx_hal_tim.o
                0x00000000080093e8                HAL_TIM_Base_Stop_IT
 .text.HAL_TIM_PWM_Init
                0x0000000008009446       0x9e Drivers/STM32F4xx_HAL_Driver/Src/stm32f4xx_hal_tim.o
                0x0000000008009446                HAL_TIM_PWM_Init
 .text.HAL_TIM_PWM_Start
                0x00000000080094e4      0x190 Drivers/STM32F4xx_HAL_Driver/Src/stm32f4xx_hal_tim.o
                0x00000000080094e4                HAL_TIM_PWM_Start
 .text.HAL_TIM_PWM_Stop
                0x0000000008009674       0xe0 Drivers/STM32F4xx_HAL_Driver/Src/stm32f4xx_hal_tim.o
                0x0000000008009674                HAL_TIM_PWM_Stop
 .text.HAL_TIM_Encoder_Init
                0x0000000008009754      0x14c Drivers/STM32F4xx_HAL_Driver/Src/stm32f4xx_hal_tim.o
                0x0000000008009754                HAL_TIM_Encoder_Init
 .text.HAL_TIM_Encoder_Start
                0x00000000080098a0      0x11a Drivers/STM32F4xx_HAL_Driver/Src/stm32f4xx_hal_tim.o
                0x00000000080098a0                HAL_TIM_Encoder_Start
 .text.HAL_TIM_Encoder_Stop
                0x00000000080099ba      0x12c Drivers/STM32F4xx_HAL_Driver/Src/stm32f4xx_hal_tim.o
                0x00000000080099ba                HAL_TIM_Encoder_Stop
 .text.HAL_TIM_IRQHandler
                0x0000000008009ae6      0x210 Drivers/STM32F4xx_HAL_Driver/Src/stm32f4xx_hal_tim.o
                0x0000000008009ae6                HAL_TIM_IRQHandler
 *fill*         0x0000000008009cf6        0x2 
 .text.HAL_TIM_PWM_ConfigChannel
                0x0000000008009cf8      0x184 Drivers/STM32F4xx_HAL_Driver/Src/stm32f4xx_hal_tim.o
                0x0000000008009cf8                HAL_TIM_PWM_ConfigChannel
 .text.HAL_TIM_OC_DelayElapsedCallback
                0x0000000008009e7c       0x14 Drivers/STM32F4xx_HAL_Driver/Src/stm32f4xx_hal_tim.o
                0x0000000008009e7c                HAL_TIM_OC_DelayElapsedCallback
 .text.HAL_TIM_IC_CaptureCallback
                0x0000000008009e90       0x14 Drivers/STM32F4xx_HAL_Driver/Src/stm32f4xx_hal_tim.o
                0x0000000008009e90                HAL_TIM_IC_CaptureCallback
 .text.HAL_TIM_PWM_PulseFinishedCallback
                0x0000000008009ea4       0x14 Drivers/STM32F4xx_HAL_Driver/Src/stm32f4xx_hal_tim.o
                0x0000000008009ea4                HAL_TIM_PWM_PulseFinishedCallback
 .text.HAL_TIM_TriggerCallback
                0x0000000008009eb8       0x14 Drivers/STM32F4xx_HAL_Driver/Src/stm32f4xx_hal_tim.o
                0x0000000008009eb8                HAL_TIM_TriggerCallback
 .text.TIM_Base_SetConfig
                0x0000000008009ecc      0x140 Drivers/STM32F4xx_HAL_Driver/Src/stm32f4xx_hal_tim.o
                0x0000000008009ecc                TIM_Base_SetConfig
 .text.TIM_OC1_SetConfig
                0x000000000800a00c       0xe0 Drivers/STM32F4xx_HAL_Driver/Src/stm32f4xx_hal_tim.o
 .text.TIM_OC2_SetConfig
                0x000000000800a0ec       0xec Drivers/STM32F4xx_HAL_Driver/Src/stm32f4xx_hal_tim.o
                0x000000000800a0ec                TIM_OC2_SetConfig
 .text.TIM_OC3_SetConfig
                0x000000000800a1d8       0xe8 Drivers/STM32F4xx_HAL_Driver/Src/stm32f4xx_hal_tim.o
 .text.TIM_OC4_SetConfig
                0x000000000800a2c0       0xac Drivers/STM32F4xx_HAL_Driver/Src/stm32f4xx_hal_tim.o
 .text.TIM_CCxChannelCmd
                0x000000000800a36c       0x4a Drivers/STM32F4xx_HAL_Driver/Src/stm32f4xx_hal_tim.o
                0x000000000800a36c                TIM_CCxChannelCmd
 *fill*         0x000000000800a3b6        0x2 
 .text.HAL_TIMEx_MasterConfigSynchronization
                0x000000000800a3b8       0xf8 Drivers/STM32F4xx_HAL_Driver/Src/stm32f4xx_hal_tim_ex.o
                0x000000000800a3b8                HAL_TIMEx_MasterConfigSynchronization
 .text.HAL_TIMEx_CommutCallback
                0x000000000800a4b0       0x14 Drivers/STM32F4xx_HAL_Driver/Src/stm32f4xx_hal_tim_ex.o
                0x000000000800a4b0                HAL_TIMEx_CommutCallback
 .text.HAL_TIMEx_BreakCallback
                0x000000000800a4c4       0x14 Drivers/STM32F4xx_HAL_Driver/Src/stm32f4xx_hal_tim_ex.o
                0x000000000800a4c4                HAL_TIMEx_BreakCallback
 .text.HAL_UART_Init
                0x000000000800a4d8       0x9a Drivers/STM32F4xx_HAL_Driver/Src/stm32f4xx_hal_uart.o
                0x000000000800a4d8                HAL_UART_Init
 .text.HAL_UART_Transmit
                0x000000000800a572      0x124 Drivers/STM32F4xx_HAL_Driver/Src/stm32f4xx_hal_uart.o
                0x000000000800a572                HAL_UART_Transmit
 .text.UART_WaitOnFlagUntilTimeout
                0x000000000800a696       0xdc Drivers/STM32F4xx_HAL_Driver/Src/stm32f4xx_hal_uart.o
 *fill*         0x000000000800a772        0x2 
 .text.UART_SetConfig
                0x000000000800a774      0x3b8 Drivers/STM32F4xx_HAL_Driver/Src/stm32f4xx_hal_uart.o
 .text.__errno  0x000000000800ab2c        0xc /opt/st/stm32cubeide_1.5.1/plugins/com.st.stm32cube.ide.mcu.externaltools.gnu-tools-for-stm32.7-2018-q2-update.linux64_1.5.0.202011040924/tools/bin/../lib/gcc/arm-none-eabi/7.3.1/../../../../arm-none-eabi/lib/thumb/v7e-m/fpv4-sp/hard/libc_nano.a(lib_a-errno.o)
                0x000000000800ab2c                __errno
 .text.__libc_init_array
                0x000000000800ab38       0x48 /opt/st/stm32cubeide_1.5.1/plugins/com.st.stm32cube.ide.mcu.externaltools.gnu-tools-for-stm32.7-2018-q2-update.linux64_1.5.0.202011040924/tools/bin/../lib/gcc/arm-none-eabi/7.3.1/../../../../arm-none-eabi/lib/thumb/v7e-m/fpv4-sp/hard/libc_nano.a(lib_a-init.o)
                0x000000000800ab38                __libc_init_array
 .text.memcpy   0x000000000800ab80       0x16 /opt/st/stm32cubeide_1.5.1/plugins/com.st.stm32cube.ide.mcu.externaltools.gnu-tools-for-stm32.7-2018-q2-update.linux64_1.5.0.202011040924/tools/bin/../lib/gcc/arm-none-eabi/7.3.1/../../../../arm-none-eabi/lib/thumb/v7e-m/fpv4-sp/hard/libc_nano.a(lib_a-memcpy-stub.o)
                0x000000000800ab80                memcpy
 .text.memset   0x000000000800ab96       0x10 /opt/st/stm32cubeide_1.5.1/plugins/com.st.stm32cube.ide.mcu.externaltools.gnu-tools-for-stm32.7-2018-q2-update.linux64_1.5.0.202011040924/tools/bin/../lib/gcc/arm-none-eabi/7.3.1/../../../../arm-none-eabi/lib/thumb/v7e-m/fpv4-sp/hard/libc_nano.a(lib_a-memset.o)
                0x000000000800ab96                memset
 .text.__cvt    0x000000000800aba6       0xc2 /opt/st/stm32cubeide_1.5.1/plugins/com.st.stm32cube.ide.mcu.externaltools.gnu-tools-for-stm32.7-2018-q2-update.linux64_1.5.0.202011040924/tools/bin/../lib/gcc/arm-none-eabi/7.3.1/../../../../arm-none-eabi/lib/thumb/v7e-m/fpv4-sp/hard/libc_nano.a(lib_a-nano-vfprintf_float.o)
                0x000000000800aba6                __cvt
 .text.__exponent
                0x000000000800ac68       0x66 /opt/st/stm32cubeide_1.5.1/plugins/com.st.stm32cube.ide.mcu.externaltools.gnu-tools-for-stm32.7-2018-q2-update.linux64_1.5.0.202011040924/tools/bin/../lib/gcc/arm-none-eabi/7.3.1/../../../../arm-none-eabi/lib/thumb/v7e-m/fpv4-sp/hard/libc_nano.a(lib_a-nano-vfprintf_float.o)
                0x000000000800ac68                __exponent
 *fill*         0x000000000800acce        0x2 
 .text._printf_float
                0x000000000800acd0      0x480 /opt/st/stm32cubeide_1.5.1/plugins/com.st.stm32cube.ide.mcu.externaltools.gnu-tools-for-stm32.7-2018-q2-update.linux64_1.5.0.202011040924/tools/bin/../lib/gcc/arm-none-eabi/7.3.1/../../../../arm-none-eabi/lib/thumb/v7e-m/fpv4-sp/hard/libc_nano.a(lib_a-nano-vfprintf_float.o)
                0x000000000800acd0                _printf_float
 .text._printf_common
                0x000000000800b150       0xea /opt/st/stm32cubeide_1.5.1/plugins/com.st.stm32cube.ide.mcu.externaltools.gnu-tools-for-stm32.7-2018-q2-update.linux64_1.5.0.202011040924/tools/bin/../lib/gcc/arm-none-eabi/7.3.1/../../../../arm-none-eabi/lib/thumb/v7e-m/fpv4-sp/hard/libc_nano.a(lib_a-nano-vfprintf_i.o)
                0x000000000800b150                _printf_common
 *fill*         0x000000000800b23a        0x2 
 .text._printf_i
                0x000000000800b23c      0x224 /opt/st/stm32cubeide_1.5.1/plugins/com.st.stm32cube.ide.mcu.externaltools.gnu-tools-for-stm32.7-2018-q2-update.linux64_1.5.0.202011040924/tools/bin/../lib/gcc/arm-none-eabi/7.3.1/../../../../arm-none-eabi/lib/thumb/v7e-m/fpv4-sp/hard/libc_nano.a(lib_a-nano-vfprintf_i.o)
                0x000000000800b23c                _printf_i
 .text._scanf_float
                0x000000000800b460      0x3c4 /opt/st/stm32cubeide_1.5.1/plugins/com.st.stm32cube.ide.mcu.externaltools.gnu-tools-for-stm32.7-2018-q2-update.linux64_1.5.0.202011040924/tools/bin/../lib/gcc/arm-none-eabi/7.3.1/../../../../arm-none-eabi/lib/thumb/v7e-m/fpv4-sp/hard/libc_nano.a(lib_a-nano-vfscanf_float.o)
                0x000000000800b460                _scanf_float
 .text.printf   0x000000000800b824       0x30 /opt/st/stm32cubeide_1.5.1/plugins/com.st.stm32cube.ide.mcu.externaltools.gnu-tools-for-stm32.7-2018-q2-update.linux64_1.5.0.202011040924/tools/bin/../lib/gcc/arm-none-eabi/7.3.1/../../../../arm-none-eabi/lib/thumb/v7e-m/fpv4-sp/hard/libc_nano.a(lib_a-printf.o)
                0x000000000800b824                printf
                0x000000000800b824                iprintf
 .text._puts_r  0x000000000800b854       0xb8 /opt/st/stm32cubeide_1.5.1/plugins/com.st.stm32cube.ide.mcu.externaltools.gnu-tools-for-stm32.7-2018-q2-update.linux64_1.5.0.202011040924/tools/bin/../lib/gcc/arm-none-eabi/7.3.1/../../../../arm-none-eabi/lib/thumb/v7e-m/fpv4-sp/hard/libc_nano.a(lib_a-puts.o)
                0x000000000800b854                _puts_r
 .text.puts     0x000000000800b90c       0x10 /opt/st/stm32cubeide_1.5.1/plugins/com.st.stm32cube.ide.mcu.externaltools.gnu-tools-for-stm32.7-2018-q2-update.linux64_1.5.0.202011040924/tools/bin/../lib/gcc/arm-none-eabi/7.3.1/../../../../arm-none-eabi/lib/thumb/v7e-m/fpv4-sp/hard/libc_nano.a(lib_a-puts.o)
                0x000000000800b90c                puts
 .text.nanf     0x000000000800b91c        0xc /opt/st/stm32cubeide_1.5.1/plugins/com.st.stm32cube.ide.mcu.externaltools.gnu-tools-for-stm32.7-2018-q2-update.linux64_1.5.0.202011040924/tools/bin/../lib/gcc/arm-none-eabi/7.3.1/../../../../arm-none-eabi/lib/thumb/v7e-m/fpv4-sp/hard/libc_nano.a(lib_a-sf_nan.o)
                0x000000000800b91c                nanf
 .text.sprintf  0x000000000800b928       0x40 /opt/st/stm32cubeide_1.5.1/plugins/com.st.stm32cube.ide.mcu.externaltools.gnu-tools-for-stm32.7-2018-q2-update.linux64_1.5.0.202011040924/tools/bin/../lib/gcc/arm-none-eabi/7.3.1/../../../../arm-none-eabi/lib/thumb/v7e-m/fpv4-sp/hard/libc_nano.a(lib_a-sprintf.o)
                0x000000000800b928                sprintf
                0x000000000800b928                siprintf
 .text.unlikely.sulp
                0x000000000800b968       0x38 /opt/st/stm32cubeide_1.5.1/plugins/com.st.stm32cube.ide.mcu.externaltools.gnu-tools-for-stm32.7-2018-q2-update.linux64_1.5.0.202011040924/tools/bin/../lib/gcc/arm-none-eabi/7.3.1/../../../../arm-none-eabi/lib/thumb/v7e-m/fpv4-sp/hard/libc_nano.a(lib_a-strtod.o)
 .text._strtod_l
                0x000000000800b9a0      0xbe8 /opt/st/stm32cubeide_1.5.1/plugins/com.st.stm32cube.ide.mcu.externaltools.gnu-tools-for-stm32.7-2018-q2-update.linux64_1.5.0.202011040924/tools/bin/../lib/gcc/arm-none-eabi/7.3.1/../../../../arm-none-eabi/lib/thumb/v7e-m/fpv4-sp/hard/libc_nano.a(lib_a-strtod.o)
                0x000000000800b9a0                _strtod_l
 .text._strtod_r
                0x000000000800c588       0x20 /opt/st/stm32cubeide_1.5.1/plugins/com.st.stm32cube.ide.mcu.externaltools.gnu-tools-for-stm32.7-2018-q2-update.linux64_1.5.0.202011040924/tools/bin/../lib/gcc/arm-none-eabi/7.3.1/../../../../arm-none-eabi/lib/thumb/v7e-m/fpv4-sp/hard/libc_nano.a(lib_a-strtod.o)
                0x000000000800c588                _strtod_r
 .text._strtol_l.isra.0
                0x000000000800c5a8       0xf6 /opt/st/stm32cubeide_1.5.1/plugins/com.st.stm32cube.ide.mcu.externaltools.gnu-tools-for-stm32.7-2018-q2-update.linux64_1.5.0.202011040924/tools/bin/../lib/gcc/arm-none-eabi/7.3.1/../../../../arm-none-eabi/lib/thumb/v7e-m/fpv4-sp/hard/libc_nano.a(lib_a-strtol.o)
 *fill*         0x000000000800c69e        0x2 
 .text._strtol_r
                0x000000000800c6a0       0x24 /opt/st/stm32cubeide_1.5.1/plugins/com.st.stm32cube.ide.mcu.externaltools.gnu-tools-for-stm32.7-2018-q2-update.linux64_1.5.0.202011040924/tools/bin/../lib/gcc/arm-none-eabi/7.3.1/../../../../arm-none-eabi/lib/thumb/v7e-m/fpv4-sp/hard/libc_nano.a(lib_a-strtol.o)
                0x000000000800c6a0                _strtol_r
 .text.__swbuf_r
                0x000000000800c6c4       0xa4 /opt/st/stm32cubeide_1.5.1/plugins/com.st.stm32cube.ide.mcu.externaltools.gnu-tools-for-stm32.7-2018-q2-update.linux64_1.5.0.202011040924/tools/bin/../lib/gcc/arm-none-eabi/7.3.1/../../../../arm-none-eabi/lib/thumb/v7e-m/fpv4-sp/hard/libc_nano.a(lib_a-wbuf.o)
                0x000000000800c6c4                __swbuf_r
 .text.__swsetup_r
                0x000000000800c768       0xdc /opt/st/stm32cubeide_1.5.1/plugins/com.st.stm32cube.ide.mcu.externaltools.gnu-tools-for-stm32.7-2018-q2-update.linux64_1.5.0.202011040924/tools/bin/../lib/gcc/arm-none-eabi/7.3.1/../../../../arm-none-eabi/lib/thumb/v7e-m/fpv4-sp/hard/libc_nano.a(lib_a-wsetup.o)
                0x000000000800c768                __swsetup_r
 .text.quorem   0x000000000800c844      0x118 /opt/st/stm32cubeide_1.5.1/plugins/com.st.stm32cube.ide.mcu.externaltools.gnu-tools-for-stm32.7-2018-q2-update.linux64_1.5.0.202011040924/tools/bin/../lib/gcc/arm-none-eabi/7.3.1/../../../../arm-none-eabi/lib/thumb/v7e-m/fpv4-sp/hard/libc_nano.a(lib_a-dtoa.o)
 *fill*         0x000000000800c95c        0x4 
 .text._dtoa_r  0x000000000800c960      0xb70 /opt/st/stm32cubeide_1.5.1/plugins/com.st.stm32cube.ide.mcu.externaltools.gnu-tools-for-stm32.7-2018-q2-update.linux64_1.5.0.202011040924/tools/bin/../lib/gcc/arm-none-eabi/7.3.1/../../../../arm-none-eabi/lib/thumb/v7e-m/fpv4-sp/hard/libc_nano.a(lib_a-dtoa.o)
                0x000000000800c960                _dtoa_r
 .text.__sflush_r
                0x000000000800d4d0      0x10c /opt/st/stm32cubeide_1.5.1/plugins/com.st.stm32cube.ide.mcu.externaltools.gnu-tools-for-stm32.7-2018-q2-update.linux64_1.5.0.202011040924/tools/bin/../lib/gcc/arm-none-eabi/7.3.1/../../../../arm-none-eabi/lib/thumb/v7e-m/fpv4-sp/hard/libc_nano.a(lib_a-fflush.o)
                0x000000000800d4d0                __sflush_r
 .text._fflush_r
                0x000000000800d5dc       0x54 /opt/st/stm32cubeide_1.5.1/plugins/com.st.stm32cube.ide.mcu.externaltools.gnu-tools-for-stm32.7-2018-q2-update.linux64_1.5.0.202011040924/tools/bin/../lib/gcc/arm-none-eabi/7.3.1/../../../../arm-none-eabi/lib/thumb/v7e-m/fpv4-sp/hard/libc_nano.a(lib_a-fflush.o)
                0x000000000800d5dc                _fflush_r
 .text.std      0x000000000800d630       0x48 /opt/st/stm32cubeide_1.5.1/plugins/com.st.stm32cube.ide.mcu.externaltools.gnu-tools-for-stm32.7-2018-q2-update.linux64_1.5.0.202011040924/tools/bin/../lib/gcc/arm-none-eabi/7.3.1/../../../../arm-none-eabi/lib/thumb/v7e-m/fpv4-sp/hard/libc_nano.a(lib_a-findfp.o)
 .text._cleanup_r
                0x000000000800d678        0xc /opt/st/stm32cubeide_1.5.1/plugins/com.st.stm32cube.ide.mcu.externaltools.gnu-tools-for-stm32.7-2018-q2-update.linux64_1.5.0.202011040924/tools/bin/../lib/gcc/arm-none-eabi/7.3.1/../../../../arm-none-eabi/lib/thumb/v7e-m/fpv4-sp/hard/libc_nano.a(lib_a-findfp.o)
                0x000000000800d678                _cleanup_r
 .text.__sfmoreglue
                0x000000000800d684       0x2c /opt/st/stm32cubeide_1.5.1/plugins/com.st.stm32cube.ide.mcu.externaltools.gnu-tools-for-stm32.7-2018-q2-update.linux64_1.5.0.202011040924/tools/bin/../lib/gcc/arm-none-eabi/7.3.1/../../../../arm-none-eabi/lib/thumb/v7e-m/fpv4-sp/hard/libc_nano.a(lib_a-findfp.o)
                0x000000000800d684                __sfmoreglue
 .text.__sinit  0x000000000800d6b0       0x60 /opt/st/stm32cubeide_1.5.1/plugins/com.st.stm32cube.ide.mcu.externaltools.gnu-tools-for-stm32.7-2018-q2-update.linux64_1.5.0.202011040924/tools/bin/../lib/gcc/arm-none-eabi/7.3.1/../../../../arm-none-eabi/lib/thumb/v7e-m/fpv4-sp/hard/libc_nano.a(lib_a-findfp.o)
                0x000000000800d6b0                __sinit
 .text.__sfp    0x000000000800d710       0x78 /opt/st/stm32cubeide_1.5.1/plugins/com.st.stm32cube.ide.mcu.externaltools.gnu-tools-for-stm32.7-2018-q2-update.linux64_1.5.0.202011040924/tools/bin/../lib/gcc/arm-none-eabi/7.3.1/../../../../arm-none-eabi/lib/thumb/v7e-m/fpv4-sp/hard/libc_nano.a(lib_a-findfp.o)
                0x000000000800d710                __sfp
 .text._fwalk_reent
                0x000000000800d788       0x3c /opt/st/stm32cubeide_1.5.1/plugins/com.st.stm32cube.ide.mcu.externaltools.gnu-tools-for-stm32.7-2018-q2-update.linux64_1.5.0.202011040924/tools/bin/../lib/gcc/arm-none-eabi/7.3.1/../../../../arm-none-eabi/lib/thumb/v7e-m/fpv4-sp/hard/libc_nano.a(lib_a-fwalk.o)
                0x000000000800d788                _fwalk_reent
 .text.rshift   0x000000000800d7c4       0x74 /opt/st/stm32cubeide_1.5.1/plugins/com.st.stm32cube.ide.mcu.externaltools.gnu-tools-for-stm32.7-2018-q2-update.linux64_1.5.0.202011040924/tools/bin/../lib/gcc/arm-none-eabi/7.3.1/../../../../arm-none-eabi/lib/thumb/v7e-m/fpv4-sp/hard/libc_nano.a(lib_a-gdtoa-gethex.o)
 .text.__hexdig_fun
                0x000000000800d838       0x2a /opt/st/stm32cubeide_1.5.1/plugins/com.st.stm32cube.ide.mcu.externaltools.gnu-tools-for-stm32.7-2018-q2-update.linux64_1.5.0.202011040924/tools/bin/../lib/gcc/arm-none-eabi/7.3.1/../../../../arm-none-eabi/lib/thumb/v7e-m/fpv4-sp/hard/libc_nano.a(lib_a-gdtoa-gethex.o)
                0x000000000800d838                __hexdig_fun
 .text.__gethex
                0x000000000800d862      0x442 /opt/st/stm32cubeide_1.5.1/plugins/com.st.stm32cube.ide.mcu.externaltools.gnu-tools-for-stm32.7-2018-q2-update.linux64_1.5.0.202011040924/tools/bin/../lib/gcc/arm-none-eabi/7.3.1/../../../../arm-none-eabi/lib/thumb/v7e-m/fpv4-sp/hard/libc_nano.a(lib_a-gdtoa-gethex.o)
                0x000000000800d862                __gethex
 .text.L_shift  0x000000000800dca4       0x24 /opt/st/stm32cubeide_1.5.1/plugins/com.st.stm32cube.ide.mcu.externaltools.gnu-tools-for-stm32.7-2018-q2-update.linux64_1.5.0.202011040924/tools/bin/../lib/gcc/arm-none-eabi/7.3.1/../../../../arm-none-eabi/lib/thumb/v7e-m/fpv4-sp/hard/libc_nano.a(lib_a-gdtoa-hexnan.o)
 .text.__match  0x000000000800dcc8       0x28 /opt/st/stm32cubeide_1.5.1/plugins/com.st.stm32cube.ide.mcu.externaltools.gnu-tools-for-stm32.7-2018-q2-update.linux64_1.5.0.202011040924/tools/bin/../lib/gcc/arm-none-eabi/7.3.1/../../../../arm-none-eabi/lib/thumb/v7e-m/fpv4-sp/hard/libc_nano.a(lib_a-gdtoa-hexnan.o)
                0x000000000800dcc8                __match
 .text.__hexnan
                0x000000000800dcf0      0x120 /opt/st/stm32cubeide_1.5.1/plugins/com.st.stm32cube.ide.mcu.externaltools.gnu-tools-for-stm32.7-2018-q2-update.linux64_1.5.0.202011040924/tools/bin/../lib/gcc/arm-none-eabi/7.3.1/../../../../arm-none-eabi/lib/thumb/v7e-m/fpv4-sp/hard/libc_nano.a(lib_a-gdtoa-hexnan.o)
                0x000000000800dcf0                __hexnan
 .text.__locale_ctype_ptr_l
                0x000000000800de10        0x6 /opt/st/stm32cubeide_1.5.1/plugins/com.st.stm32cube.ide.mcu.externaltools.gnu-tools-for-stm32.7-2018-q2-update.linux64_1.5.0.202011040924/tools/bin/../lib/gcc/arm-none-eabi/7.3.1/../../../../arm-none-eabi/lib/thumb/v7e-m/fpv4-sp/hard/libc_nano.a(lib_a-locale.o)
                0x000000000800de10                __locale_ctype_ptr_l
 .text.__localeconv_l
                0x000000000800de16        0x4 /opt/st/stm32cubeide_1.5.1/plugins/com.st.stm32cube.ide.mcu.externaltools.gnu-tools-for-stm32.7-2018-q2-update.linux64_1.5.0.202011040924/tools/bin/../lib/gcc/arm-none-eabi/7.3.1/../../../../arm-none-eabi/lib/thumb/v7e-m/fpv4-sp/hard/libc_nano.a(lib_a-localeconv.o)
                0x000000000800de16                __localeconv_l
 *fill*         0x000000000800de1a        0x2 
 .text._localeconv_r
                0x000000000800de1c       0x1c /opt/st/stm32cubeide_1.5.1/plugins/com.st.stm32cube.ide.mcu.externaltools.gnu-tools-for-stm32.7-2018-q2-update.linux64_1.5.0.202011040924/tools/bin/../lib/gcc/arm-none-eabi/7.3.1/../../../../arm-none-eabi/lib/thumb/v7e-m/fpv4-sp/hard/libc_nano.a(lib_a-localeconv.o)
                0x000000000800de1c                _localeconv_r
 .text.__swhatbuf_r
                0x000000000800de38       0x48 /opt/st/stm32cubeide_1.5.1/plugins/com.st.stm32cube.ide.mcu.externaltools.gnu-tools-for-stm32.7-2018-q2-update.linux64_1.5.0.202011040924/tools/bin/../lib/gcc/arm-none-eabi/7.3.1/../../../../arm-none-eabi/lib/thumb/v7e-m/fpv4-sp/hard/libc_nano.a(lib_a-makebuf.o)
                0x000000000800de38                __swhatbuf_r
 .text.__smakebuf_r
                0x000000000800de80       0x80 /opt/st/stm32cubeide_1.5.1/plugins/com.st.stm32cube.ide.mcu.externaltools.gnu-tools-for-stm32.7-2018-q2-update.linux64_1.5.0.202011040924/tools/bin/../lib/gcc/arm-none-eabi/7.3.1/../../../../arm-none-eabi/lib/thumb/v7e-m/fpv4-sp/hard/libc_nano.a(lib_a-makebuf.o)
                0x000000000800de80                __smakebuf_r
 .text.malloc   0x000000000800df00       0x10 /opt/st/stm32cubeide_1.5.1/plugins/com.st.stm32cube.ide.mcu.externaltools.gnu-tools-for-stm32.7-2018-q2-update.linux64_1.5.0.202011040924/tools/bin/../lib/gcc/arm-none-eabi/7.3.1/../../../../arm-none-eabi/lib/thumb/v7e-m/fpv4-sp/hard/libc_nano.a(lib_a-malloc.o)
                0x000000000800df00                malloc
 .text.__ascii_mbtowc
                0x000000000800df10       0x24 /opt/st/stm32cubeide_1.5.1/plugins/com.st.stm32cube.ide.mcu.externaltools.gnu-tools-for-stm32.7-2018-q2-update.linux64_1.5.0.202011040924/tools/bin/../lib/gcc/arm-none-eabi/7.3.1/../../../../arm-none-eabi/lib/thumb/v7e-m/fpv4-sp/hard/libc_nano.a(lib_a-mbtowc_r.o)
                0x000000000800df10                __ascii_mbtowc
 .text._Balloc  0x000000000800df34       0x68 /opt/st/stm32cubeide_1.5.1/plugins/com.st.stm32cube.ide.mcu.externaltools.gnu-tools-for-stm32.7-2018-q2-update.linux64_1.5.0.202011040924/tools/bin/../lib/gcc/arm-none-eabi/7.3.1/../../../../arm-none-eabi/lib/thumb/v7e-m/fpv4-sp/hard/libc_nano.a(lib_a-mprec.o)
                0x000000000800df34                _Balloc
 .text._Bfree   0x000000000800df9c       0x2e /opt/st/stm32cubeide_1.5.1/plugins/com.st.stm32cube.ide.mcu.externaltools.gnu-tools-for-stm32.7-2018-q2-update.linux64_1.5.0.202011040924/tools/bin/../lib/gcc/arm-none-eabi/7.3.1/../../../../arm-none-eabi/lib/thumb/v7e-m/fpv4-sp/hard/libc_nano.a(lib_a-mprec.o)
                0x000000000800df9c                _Bfree
 .text.__multadd
                0x000000000800dfca       0x76 /opt/st/stm32cubeide_1.5.1/plugins/com.st.stm32cube.ide.mcu.externaltools.gnu-tools-for-stm32.7-2018-q2-update.linux64_1.5.0.202011040924/tools/bin/../lib/gcc/arm-none-eabi/7.3.1/../../../../arm-none-eabi/lib/thumb/v7e-m/fpv4-sp/hard/libc_nano.a(lib_a-mprec.o)
                0x000000000800dfca                __multadd