analog.c:16:6:analog_array_print	48	static
analog.c:44:6:analog_d_print	0	static
analog.c:53:6:analog_print_analogmode	8	static
analog.c:77:6:analog_print	8	static
analog.c:85:6:analog_print_max	8	static
analog.c:93:6:analog_print_min	8	static
analog.c:101:6:analog_set_on_flash	12	static
analog.c:123:6:analog_set_from_flash	12	static
analog.c:141:6:analog_set_calibrationsize	0	static
analog.c:146:9:analog_read_calibrationsize	0	static
analog.c:151:6:analog_set_analogmode	0	static
analog.c:156:12:analog_read_analogmode	0	static
analog.c:187:6:analog_init	8	static
analog.c:209:6:analog_sensor_start	8	static
analog.c:161:6:analog_calibration_start	8	static
analog.c:196:6:analog_start	0	static
analog.c:221:6:analog_sensor_stop	0	static
analog.c:204:6:analog_stop	0	static
analog.c:174:6:analog_calibration_stop	8	static
analog.c:226:10:analog_sensor_get	24	static
analog.c:23:6:analog_rate_array_print	96	static
analog.c:248:6:analog_get_and_sort	20	static
analog.c:241:6:HAL_ADC_ConvCpltCallback	0	static
