length.c:19:6:length_set_sampling_time_ms	0	static
length.c:24:6:length_init	8	static
length.c:41:6:length_stop	8	static
length.c:47:6:length_fin	0	static
length.c:52:6:length_reset	0	static
length.c:31:6:length_start	8	static
length.c:58:7:length_read	0	static
length.c:63:7:length_read_left	0	static
length.c:68:7:length_read_right	0	static
length.c:73:7:velocity_read	0	static
length.c:78:7:velocity_read_left	0	static
length.c:83:7:velocity_read_right	0	static
length.c:89:6:length_update	16	static
length.c:104:6:length_d_print	0	static
