stm32f4xx_hal_msp.c:67:6:HAL_MspInit	8	static
stm32f4xx_hal_msp.c:91:6:HAL_ADC_MspInit	56	static
stm32f4xx_hal_msp.c:172:6:HAL_ADC_MspDeInit	8	static
stm32f4xx_hal_msp.c:223:6:HAL_I2C_MspInit	48	static
stm32f4xx_hal_msp.c:259:6:HAL_I2C_MspDeInit	8	static
stm32f4xx_hal_msp.c:290:6:HAL_SPI_MspInit	40	static
stm32f4xx_hal_msp.c:327:6:HAL_SPI_MspDeInit	0	static
stm32f4xx_hal_msp.c:357:6:HAL_TIM_Encoder_MspInit	56	static
stm32f4xx_hal_msp.c:425:6:HAL_TIM_PWM_MspInit	16	static
stm32f4xx_hal_msp.c:450:6:HAL_TIM_Base_MspInit	32	static
stm32f4xx_hal_msp.c:522:6:HAL_TIM_MspPostInit	32	static
stm32f4xx_hal_msp.c:555:6:HAL_TIM_Encoder_MspDeInit	8	static
stm32f4xx_hal_msp.c:621:6:HAL_TIM_PWM_MspDeInit	0	static
stm32f4xx_hal_msp.c:646:6:HAL_TIM_Base_MspDeInit	0	static
stm32f4xx_hal_msp.c:738:6:HAL_UART_MspInit	40	static
stm32f4xx_hal_msp.c:774:6:HAL_UART_MspDeInit	0	static
