velotrace.c:11:6:velotrace_init	0	static
velotrace.c:71:7:velotrace_read_target	0	static
velotrace.c:76:7:velotrace_read_gain_kp	0	static
velotrace.c:81:7:velotrace_read_gain_ki	0	static
velotrace.c:86:7:velotrace_read_gain_kd	0	static
velotrace.c:97:6:velotrace_set_target_direct	0	static
velotrace.c:118:6:velotrace_set_gain_kp_direct	0	static
velotrace.c:123:6:velotrace_set_gain_ki_direct	0	static
velotrace.c:128:6:velotrace_set_gain_kd_direct	0	static
velotrace.c:133:6:velotrace_set_gain_direct	0	static
velotrace.c:141:6:velotrace_set_target_zero	0	static
velotrace.c:146:6:velotrace_set_gain_zero	0	static
velotrace.c:63:6:velotrace_stop	8	static
velotrace.c:154:7:velotrace_calc_target	0	static
velotrace.c:92:6:velotrace_set_target_index	8	static
velotrace.c:159:7:velotrace_calc_gain_kp	0	static
velotrace.c:103:6:velotrace_set_gain_kp_index	8	static
velotrace.c:164:7:velotrace_calc_gain_ki	0	static
velotrace.c:108:6:velotrace_set_gain_ki_index	8	static
velotrace.c:169:7:velotrace_calc_gain_kd	0	static
velotrace.c:17:6:velotrace_start	16	static
velotrace.c:113:6:velotrace_set_gain_kd_index	8	static
velotrace.c:175:6:velotrace_set_values	0	static
velotrace.c:183:6:velotrace_read_values	0	static
velotrace.c:188:7:velotrace_solve	0	static
velotrace.c:212:6:velotrace_print_values	0	static
velotrace.c:220:6:velotrace_gain_tuning	0	static
